Microchip MPLAB XC8 Compiler V2.00 ()

Linker command line:

-W-3 --edf=C:\Program Files (x86)\Microchip\xc8\v2.00\pic\dat\en_msgs.txt \
  -cs -h+dist/default/production\Slave_SensorTemperatura.X.production.sym \
  --cmf=dist/default/production\Slave_SensorTemperatura.X.production.cmf -z \
  -Q16F887 -oC:\Users\JOSPEL~1\AppData\Local\Temp\sfl4.2 \
  --defsym=__MPLAB_BUILD=1 \
  -Mdist/default/production/Slave_SensorTemperatura.X.production.map -E1 \
  -ver=XC8 --acfsm=1493 -ASTACK=0110h-016fh -pstack=STACK \
  -ACODE=00h-07FFhx4 -ASTRCODE=00h-01FFFh -ASTRING=00h-0FFhx32 \
  -ACONST=00h-0FFhx32 -AENTRY=00h-0FFhx32 -ACOMMON=070h-07Fh \
  -ABANK0=020h-06Fh -ABANK1=0A0h-0EFh -ABANK2=0110h-016Fh \
  -ABANK3=0190h-01EFh -ARAM=020h-06Fh,0A0h-0EFh,0110h-016Fh,0190h-01EFh \
  -AABS1=020h-07Fh,0A0h-0EFh,0110h-016Fh,0190h-01EFh -ASFR0=00h-01Fh \
  -ASFR1=080h-09Fh -ASFR2=0100h-010Fh -ASFR3=0180h-018Fh \
  -preset_vec=00h,intentry=04h,init,end_init -ppowerup=CODE -pcinit=CODE \
  -pfunctab=ENTRY -ACONFIG=02007h-02008h -pconfig=CONFIG -DCONFIG=2 \
  -AIDLOC=02000h-02003h -pidloc=IDLOC -DIDLOC=2 -AEEDATA=00h-0FFh/02100h \
  -peeprom_data=EEDATA -DEEDATA=2 -DCODE=2 -DSTRCODE=2 -DSTRING=2 -DCONST=2 \
  -DENTRY=2 -k C:\Users\JOSPEL~1\AppData\Local\Temp\sfl4.o \
  dist/default/production\Slave_SensorTemperatura.X.production.o 

Object code version is 3.11

Machine type is 16F887



                Name                               Link     Load   Length Selector   Space Scale
C:\Users\JOSPEL~1\AppData\Local\Temp\sfl4.o
                end_init                              C        C        3        8       0
                reset_vec                             0        0        3        0       0
                config                             2007     2007        2     400E       0
dist/default/production\Slave_SensorTemperatura.X.production.o
                cinit                                 F        F        C        8       0
                intentry                              4        4        8        8       0
                text10                              DEB      DEB       78     1BD6       0
                text9                               64C      64C      10E        8       0
                text8                               7F6      7F6        9        8       0
                text7                               D32      D32       1A     1A64       0
                text6                               D78      D78       73     1AF0       0
                text5                               390      390      2BC        8       0
                text4                               D4C      D4C       2C     1A98       0
                text3                                1B       1B      375        8       0
                text2                               75A      75A       9C        8       0
                text1                               E63      E63       C4     1CC6       0
                maintext                            F27      F27       D9     1E4E       0
                cstackBANK0                          20       20       4B       20       1
                cstackCOMMON                         70       70        8       70       1
                cstackBANK1                          A0       A0        4       A0       1
                bssBANK0                             6B       6B        3       20       1
                bssCOMMON                            78       78        3       70       1

TOTAL           Name                               Link     Load   Length     Space
        CLASS   STACK          

        CLASS   CODE           
                end_init                              C        C        3         0
                cinit                                 F        F        C         0
                intentry                              4        4        8         0
                reset_vec                             0        0        3         0
                text10                              DEB      DEB       78         0
                text9                               64C      64C      10E         0
                text8                               7F6      7F6        9         0
                text7                               D32      D32       1A         0
                text6                               D78      D78       73         0
                text5                               390      390      2BC         0
                text4                               D4C      D4C       2C         0
                text3                                1B       1B      375         0
                text2                               75A      75A       9C         0
                text1                               E63      E63       C4         0
                maintext                            F27      F27       D9         0

        CLASS   STRCODE        

        CLASS   STRING         

        CLASS   CONST          

        CLASS   ENTRY          

        CLASS   COMMON         
                cstackCOMMON                         70       70        8         1
                bssCOMMON                            78       78        3         1

        CLASS   BANK0          
                cstackBANK0                          20       20       4B         1
                bssBANK0                             6B       6B        3         1

        CLASS   BANK1          
                cstackBANK1                          A0       A0        4         1

        CLASS   BANK2          

        CLASS   BANK3          

        CLASS   RAM            

        CLASS   ABS1           
                abs_s1                               7E       7E        2         1

        CLASS   SFR0           

        CLASS   SFR1           

        CLASS   SFR2           

        CLASS   SFR3           

        CLASS   CONFIG         
                config                             2007     2007        2         0

        CLASS   IDLOC          

        CLASS   EEDATA         



SEGMENTS        Name                           Load    Length   Top    Selector   Space  Class     Delta

                reset_vec                      000000  000003  000003         0       0  CODE        2
                intentry                       000004  0007FB  0007FF         8       0  CODE        2
                cstackBANK0                    000020  00004E  00006E        20       1  BANK0       1
                cstackCOMMON                   000070  00000B  00007B        70       1  COMMON      1
                cstackBANK1                    0000A0  000004  0000A4        A0       1  BANK1       1
                text7                          000D32  00001A  000D4C      1A64       0  CODE        2
                text4                          000D4C  00002C  000D78      1A98       0  CODE        2
                text6                          000D78  000073  000DEB      1AF0       0  CODE        2
                text10                         000DEB  000078  000E63      1BD6       0  CODE        2
                text1                          000E63  0000C4  000F27      1CC6       0  CODE        2
                maintext                       000F27  0000D9  001000      1E4E       0  CODE        2
                config                         002007  000002  002009      400E       0  CONFIG      2


UNUSED ADDRESS RANGES

        Name                Unused          Largest block    Delta
        BANK0            006E-006F              2           1
        BANK1            00A4-00EF             4C           1
        BANK2            0110-016F             60           1
        BANK3            0190-01EF             60           1
        CODE             0003-0003              1           2
                         07FF-0D31              1
                         1000-1FFF            800
        COMMON           007B-007D              3           1
        CONST            0003-0003              1           2
                         07FF-0D31            100
                         1000-1FFF            100
        EEDATA           2100-21FF            100           2
        ENTRY            0003-0003              1           2
                         07FF-0D31            100
                         1000-1FFF            100
        IDLOC            2000-2003              4           2
        RAM              006E-006F              2           1
                         00A4-00EF             4C
                         0110-016F             60
                         0190-01EF             60
        SFR0             0000-001F             20           1
        SFR1             0080-009F             20           1
        SFR2             0100-010F             10           1
        SFR3             0180-018F             10           1
        STACK            0110-016F             60           1
        STRCODE          0003-0003              1           2
                         07FF-0D31            533
                         1000-1FFF           1000
        STRING           0003-0003              1           2
                         07FF-0D31            100
                         1000-1FFF            100

                                  Symbol Table

?__Umul8_16               cstackCOMMON 0073
?___awdiv                 cstackCOMMON 0073
?___fladd                 cstackBANK0  0044
?___flmul                 cstackBANK0  002A
?___fltol                 cstackBANK0  005C
?___xxtofl                cstackCOMMON 0073
ADC_CONFIG@canal          cstackCOMMON 0076
ADC_CONFIG@justif         cstackCOMMON 0073
I2C_Slave_Init@address    cstackCOMMON 0073
_ADCON0bits               (abs)        001F
_ADCON1bits               (abs)        009F
_ADC_CONFIG               text9        064C
_ADC_INTERRUPT            text8        07F6
_ADIF                     (abs)        0066
_ADRESH                   (abs)        001E
_ANSEL                    (abs)        0188
_ANSELH                   (abs)        0189
_ANSELHbits               (abs)        0189
_ANSELbits                (abs)        0188
_BF                       (abs)        04A0
_GIE                      (abs)        005F
_I2C_Slave_Init           text7        0D32
_INTCONbits               (abs)        000B
_ISR                      text10       0DEB
_PEIE                     (abs)        005E
_PIE1bits                 (abs)        008C
_PIR1bits                 (abs)        000C
_RD1                      (abs)        0041
_SSPADD                   (abs)        0093
_SSPBUF                   (abs)        0013
_SSPCON                   (abs)        0014
_SSPCON2                  (abs)        0091
_SSPCON2bits              (abs)        0091
_SSPCONbits               (abs)        0014
_SSPIE                    (abs)        0463
_SSPIF                    (abs)        0063
_SSPSTAT                  (abs)        0094
_SSPSTATbits              (abs)        0094
_TEMP                     bssBANK0     006C
_TEMPA                    bssBANK0     006B
_TRISA                    (abs)        0085
_TRISAbits                (abs)        0085
_TRISB                    (abs)        0086
_TRISBbits                (abs)        0086
_TRISC                    (abs)        0087
_TRISC3                   (abs)        043B
_TRISC4                   (abs)        043C
_TRISCbits                (abs)        0087
_TRISD                    (abs)        0088
_TRISEbits                (abs)        0089
__CFG_BOR4V$BOR40V        (abs)        0000
__CFG_BOREN$OFF           (abs)        0000
__CFG_CP$OFF              (abs)        0000
__CFG_CPD$OFF             (abs)        0000
__CFG_FCMEN$OFF           (abs)        0000
__CFG_FOSC$INTRC_NOCLKOUT (abs)        0000
__CFG_IESO$OFF            (abs)        0000
__CFG_LVP$OFF             (abs)        0000
__CFG_MCLRE$OFF           (abs)        0000
__CFG_PWRTE$OFF           (abs)        0000
__CFG_WDTE$OFF            (abs)        0000
__CFG_WRT$OFF             (abs)        0000
__Habs1                   abs1         0000
__Hbank0                  bank0        0000
__Hbank1                  bank1        0000
__Hbank2                  bank2        0000
__Hbank3                  bank3        0000
__HbssBANK0               bssBANK0     0000
__HbssCOMMON              bssCOMMON    0000
__Hcinit                  cinit        001B
__Hclrtext                clrtext      0000
__Hcode                   code         0000
__Hcommon                 common       0000
__Hconfig                 config       2009
__HcstackBANK0            cstackBANK0  0000
__HcstackBANK1            cstackBANK1  0000
__HcstackCOMMON           cstackCOMMON 0000
__Heeprom_data            eeprom_data  0000
__Hend_init               end_init     000F
__Hfunctab                functab      0000
__Hidloc                  idloc        0000
__Hinit                   init         000C
__Hintentry               intentry     000C
__Hmaintext               maintext     0000
__Hpowerup                powerup      0000
__Hram                    ram          0000
__Hreset_vec              reset_vec    0003
__Hsfr0                   sfr0         0000
__Hsfr1                   sfr1         0000
__Hsfr2                   sfr2         0000
__Hsfr3                   sfr3         0000
__Hspace_0                (abs)        2009
__Hspace_1                (abs)        00A4
__Hspace_2                (abs)        0000
__Hspace_3                (abs)        0000
__Hstack                  stack        0000
__Hstrings                strings      0000
__Htext                   text         0000
__Labs1                   abs1         0000
__Lbank0                  bank0        0000
__Lbank1                  bank1        0000
__Lbank2                  bank2        0000
__Lbank3                  bank3        0000
__LbssBANK0               bssBANK0     0000
__LbssCOMMON              bssCOMMON    0000
__Lcinit                  cinit        000F
__Lclrtext                clrtext      0000
__Lcode                   code         0000
__Lcommon                 common       0000
__Lconfig                 config       2007
__LcstackBANK0            cstackBANK0  0000
__LcstackBANK1            cstackBANK1  0000
__LcstackCOMMON           cstackCOMMON 0000
__Leeprom_data            eeprom_data  0000
__Lend_init               end_init     000C
__Lfunctab                functab      0000
__Lidloc                  idloc        0000
__Linit                   init         000C
__Lintentry               intentry     0004
__Lmaintext               maintext     0000
__Lpowerup                powerup      0000
__Lram                    ram          0000
__Lreset_vec              reset_vec    0000
__Lsfr0                   sfr0         0000
__Lsfr1                   sfr1         0000
__Lsfr2                   sfr2         0000
__Lsfr3                   sfr3         0000
__Lspace_0                (abs)        0000
__Lspace_1                (abs)        0000
__Lspace_2                (abs)        0000
__Lspace_3                (abs)        0000
__Lstack                  stack        0000
__Lstrings                strings      0000
__Ltext                   text         0000
__S0                      (abs)        2009
__S1                      (abs)        00A4
__S2                      (abs)        0000
__S3                      (abs)        0000
__Umul8_16                text4        0D4C
__Umul8_16@multiplicand   cstackCOMMON 0073
__Umul8_16@multiplier     cstackBANK0  0024
__Umul8_16@product        cstackBANK0  0020
__Umul8_16@word_mpld      cstackBANK0  0022
___awdiv                  text6        0D78
___awdiv@counter          cstackBANK0  0020
___awdiv@dividend         cstackCOMMON 0075
___awdiv@divisor          cstackCOMMON 0073
___awdiv@quotient         cstackBANK0  0022
___awdiv@sign             cstackBANK0  0021
___fladd                  text5        0390
___fladd@a                cstackBANK0  0048
___fladd@aexp             cstackBANK0  0059
___fladd@b                cstackBANK0  0044
___fladd@bexp             cstackBANK0  005A
___fladd@grs              cstackBANK0  005B
___fladd@signs            cstackBANK0  0058
___flmul                  text3        001B
___flmul@a                cstackBANK0  002E
___flmul@aexp             cstackBANK0  0038
___flmul@b                cstackBANK0  002A
___flmul@bexp             cstackBANK0  003D
___flmul@grs              cstackBANK0  0039
___flmul@prod             cstackBANK0  003E
___flmul@sign             cstackBANK0  0037
___flmul@temp             cstackBANK0  0042
___fltol                  text2        075A
___fltol@exp1             cstackBANK0  0066
___fltol@f1               cstackBANK0  005C
___fltol@sign1            cstackBANK0  0065
___int_sp                 stack        0000
___latbits                (abs)        0002
___sp                     stack        0000
___xxtofl                 text1        0E63
___xxtofl@arg             cstackBANK0  0026
___xxtofl@exp             cstackBANK0  0025
___xxtofl@sign            cstackBANK0  0024
___xxtofl@val             cstackCOMMON 0073
__end_of_ADC_CONFIG       text9        075A
__end_of_ADC_INTERRUPT    text8        07FF
__end_of_I2C_Slave_Init   text7        0D4C
__end_of_ISR              text10       0E63
__end_of__Umul8_16        text4        0D78
__end_of___awdiv          text6        0DEB
__end_of___fladd          text5        064C
__end_of___flmul          text3        0390
__end_of___fltol          text2        07F6
__end_of___xxtofl         text1        0F27
__end_of__initialization  cinit        0017
__end_of_main             maintext     1000
__initialization          cinit        000F
__pbssBANK0               bssBANK0     006B
__pbssCOMMON              bssCOMMON    0078
__pcstackBANK0            cstackBANK0  0020
__pcstackBANK1            cstackBANK1  00A0
__pcstackCOMMON           cstackCOMMON 0070
__pintentry               intentry     0004
__pmaintext               maintext     0F27
__ptext1                  text1        0E63
__ptext10                 text10       0DEB
__ptext2                  text2        075A
__ptext3                  text3        001B
__ptext4                  text4        0D4C
__ptext5                  text5        0390
__ptext6                  text6        0D78
__ptext7                  text7        0D32
__ptext8                  text8        07F6
__ptext9                  text9        064C
__size_of_ADC_CONFIG      (abs)        0000
__size_of_ADC_INTERRUPT   (abs)        0000
__size_of_I2C_Slave_Init  (abs)        0000
__size_of_ISR             (abs)        0000
__size_of__Umul8_16       (abs)        0000
__size_of___awdiv         (abs)        0000
__size_of___fladd         (abs)        0000
__size_of___flmul         (abs)        0000
__size_of___fltol         (abs)        0000
__size_of___xxtofl        (abs)        0000
__size_of_main            (abs)        0000
_adc1                     bssBANK0     006D
_eleccion                 bssCOMMON    0078
_main                     maintext     0F27
_main$1209                cstackBANK1  00A0
_z                        bssCOMMON    0079
btemp                     (abs)        007E
end_of_initialization     cinit        0017
interrupt_function        intentry     0004
intlevel0                 functab      0000
intlevel1                 functab      0000
intlevel2                 functab      0000
intlevel3                 functab      0000
intlevel4                 functab      0000
intlevel5                 functab      0000
reset_vec                 reset_vec    0000
saved_w                   (abs)        007E
stackhi                   (abs)        0000
stacklo                   (abs)        0000
start                     init         000C
start_initialization      cinit        000F
wtemp0                    (abs)        007E


FUNCTION INFORMATION:

 *************** function _main *****************
 Defined at:
		line 77 in file "Slave_Temperatura.c"
 Parameters:    Size  Location     Type
		None
 Auto vars:     Size  Location     Type
		None
 Return value:  Size  Location     Type
                  1    wreg      void 
 Registers used:
		wreg, fsr0l, fsr0h, status,2, status,0, btemp+1, pclath, cstack
 Tracked objects:
		On entry : 
		On exit  : 
		Unchanged: 
 Data sizes:     COMMON   BANK0   BANK1   BANK3   BANK2
      Params:         0       0       0       0       0
      Locals:         0       0       4       0       0
      Temps:          0       4       0       0       0
      Totals:         0       4       4       0       0
Total ram usage:        8 bytes
 Hardware stack levels required when called:    3
 This function calls:
		_ADC_CONFIG
		_ADC_INTERRUPT
		_I2C_Slave_Init
		___awdiv
		___fladd
		___flmul
		___fltol
		___xxtofl
 This function is called by:
		Startup code after reset
 This function uses a non-reentrant model


 *************** function ___xxtofl *****************
 Defined at:
		line 10 in file "C:\Program Files (x86)\Microchip\xc8\v2.00\pic\sources\c90\common\xxtofl.c"
 Parameters:    Size  Location     Type
  sign            1    wreg     unsigned char 
  val             4    3[COMMON] long 
 Auto vars:     Size  Location     Type
  sign            1    4[BANK0 ] unsigned char 
  arg             4    6[BANK0 ] unsigned long 
  exp             1    5[BANK0 ] unsigned char 
 Return value:  Size  Location     Type
                  4    3[COMMON] unsigned char 
 Registers used:
		wreg, status,2, status,0
 Tracked objects:
		On entry : 
		On exit  : 
		Unchanged: 
 Data sizes:     COMMON   BANK0   BANK1   BANK3   BANK2
      Params:         4       0       0       0       0
      Locals:         0       6       0       0       0
      Temps:          0       4       0       0       0
      Totals:         4      10       0       0       0
Total ram usage:       14 bytes
 Hardware stack levels used:    1
 Hardware stack levels required when called:    1
 This function calls:
		Nothing
 This function is called by:
		_main
 This function uses a non-reentrant model


 *************** function ___fltol *****************
 Defined at:
		line 43 in file "C:\Program Files (x86)\Microchip\xc8\v2.00\pic\sources\c90\common\fltol.c"
 Parameters:    Size  Location     Type
  f1              4   60[BANK0 ] unsigned char 
 Auto vars:     Size  Location     Type
  exp1            1   70[BANK0 ] unsigned char 
  sign1           1   69[BANK0 ] unsigned char 
 Return value:  Size  Location     Type
                  4   60[BANK0 ] long 
 Registers used:
		wreg, status,2, status,0
 Tracked objects:
		On entry : 
		On exit  : 
		Unchanged: 
 Data sizes:     COMMON   BANK0   BANK1   BANK3   BANK2
      Params:         0       4       0       0       0
      Locals:         0       2       0       0       0
      Temps:          0       5       0       0       0
      Totals:         0      11       0       0       0
Total ram usage:       11 bytes
 Hardware stack levels used:    1
 Hardware stack levels required when called:    1
 This function calls:
		Nothing
 This function is called by:
		_main
 This function uses a non-reentrant model


 *************** function ___flmul *****************
 Defined at:
		line 8 in file "C:\Program Files (x86)\Microchip\xc8\v2.00\pic\sources\c90\common\sprcmul.c"
 Parameters:    Size  Location     Type
  b               4   10[BANK0 ] long 
  a               4   14[BANK0 ] long 
 Auto vars:     Size  Location     Type
  prod            4   30[BANK0 ] struct .
  grs             4   25[BANK0 ] unsigned long 
  temp            2   34[BANK0 ] struct .
  bexp            1   29[BANK0 ] unsigned char 
  aexp            1   24[BANK0 ] unsigned char 
  sign            1   23[BANK0 ] unsigned char 
 Return value:  Size  Location     Type
                  4   10[BANK0 ] unsigned char 
 Registers used:
		wreg, status,2, status,0, btemp+1, pclath, cstack
 Tracked objects:
		On entry : 
		On exit  : 
		Unchanged: 
 Data sizes:     COMMON   BANK0   BANK1   BANK3   BANK2
      Params:         0       8       0       0       0
      Locals:         0      13       0       0       0
      Temps:          0       5       0       0       0
      Totals:         0      26       0       0       0
Total ram usage:       26 bytes
 Hardware stack levels used:    1
 Hardware stack levels required when called:    2
 This function calls:
		__Umul8_16
 This function is called by:
		_main
 This function uses a non-reentrant model


 *************** function __Umul8_16 *****************
 Defined at:
		line 4 in file "C:\Program Files (x86)\Microchip\xc8\v2.00\pic\sources\c90\common\Umul8_16.c"
 Parameters:    Size  Location     Type
  multiplier      1    wreg     unsigned char 
  multiplicand    1    3[COMMON] unsigned char 
 Auto vars:     Size  Location     Type
  multiplier      1    4[BANK0 ] unsigned char 
  word_mpld       2    2[BANK0 ] unsigned int 
  product         2    0[BANK0 ] unsigned int 
 Return value:  Size  Location     Type
                  2    3[COMMON] unsigned int 
 Registers used:
		wreg, status,2, status,0
 Tracked objects:
		On entry : 
		On exit  : 
		Unchanged: 
 Data sizes:     COMMON   BANK0   BANK1   BANK3   BANK2
      Params:         2       0       0       0       0
      Locals:         0       5       0       0       0
      Temps:          2       0       0       0       0
      Totals:         4       5       0       0       0
Total ram usage:        9 bytes
 Hardware stack levels used:    1
 Hardware stack levels required when called:    1
 This function calls:
		Nothing
 This function is called by:
		___flmul
 This function uses a non-reentrant model


 *************** function ___fladd *****************
 Defined at:
		line 10 in file "C:\Program Files (x86)\Microchip\xc8\v2.00\pic\sources\c90\common\sprcadd.c"
 Parameters:    Size  Location     Type
  b               4   36[BANK0 ] unsigned int 
  a               4   40[BANK0 ] unsigned int 
 Auto vars:     Size  Location     Type
  grs             1   59[BANK0 ] unsigned char 
  bexp            1   58[BANK0 ] unsigned char 
  aexp            1   57[BANK0 ] unsigned char 
  signs           1   56[BANK0 ] unsigned char 
 Return value:  Size  Location     Type
                  4   36[BANK0 ] unsigned char 
 Registers used:
		wreg, status,2, status,0, btemp+1
 Tracked objects:
		On entry : 
		On exit  : 
		Unchanged: 
 Data sizes:     COMMON   BANK0   BANK1   BANK3   BANK2
      Params:         0       8       0       0       0
      Locals:         0       4       0       0       0
      Temps:          0      12       0       0       0
      Totals:         0      24       0       0       0
Total ram usage:       24 bytes
 Hardware stack levels used:    1
 Hardware stack levels required when called:    1
 This function calls:
		Nothing
 This function is called by:
		_main
 This function uses a non-reentrant model


 *************** function ___awdiv *****************
 Defined at:
		line 5 in file "C:\Program Files (x86)\Microchip\xc8\v2.00\pic\sources\c90\common\awdiv.c"
 Parameters:    Size  Location     Type
  divisor         2    3[COMMON] int 
  dividend        2    5[COMMON] int 
 Auto vars:     Size  Location     Type
  quotient        2    2[BANK0 ] int 
  sign            1    1[BANK0 ] unsigned char 
  counter         1    0[BANK0 ] unsigned char 
 Return value:  Size  Location     Type
                  2    3[COMMON] int 
 Registers used:
		wreg, status,2, status,0
 Tracked objects:
		On entry : 
		On exit  : 
		Unchanged: 
 Data sizes:     COMMON   BANK0   BANK1   BANK3   BANK2
      Params:         4       0       0       0       0
      Locals:         0       4       0       0       0
      Temps:          1       0       0       0       0
      Totals:         5       4       0       0       0
Total ram usage:        9 bytes
 Hardware stack levels used:    1
 Hardware stack levels required when called:    1
 This function calls:
		Nothing
 This function is called by:
		_main
 This function uses a non-reentrant model


 *************** function _I2C_Slave_Init *****************
 Defined at:
		line 90 in file "I2C.c"
 Parameters:    Size  Location     Type
  address         1    wreg     unsigned char 
 Auto vars:     Size  Location     Type
  address         1    3[COMMON] unsigned char 
 Return value:  Size  Location     Type
                  1    wreg      void 
 Registers used:
		wreg
 Tracked objects:
		On entry : 
		On exit  : 
		Unchanged: 
 Data sizes:     COMMON   BANK0   BANK1   BANK3   BANK2
      Params:         0       0       0       0       0
      Locals:         1       0       0       0       0
      Temps:          0       0       0       0       0
      Totals:         1       0       0       0       0
Total ram usage:        1 bytes
 Hardware stack levels used:    1
 Hardware stack levels required when called:    1
 This function calls:
		Nothing
 This function is called by:
		_main
 This function uses a non-reentrant model


 *************** function _ADC_INTERRUPT *****************
 Defined at:
		line 114 in file "ADC.c"
 Parameters:    Size  Location     Type
		None
 Auto vars:     Size  Location     Type
		None
 Return value:  Size  Location     Type
                  1    wreg      void 
 Registers used:
		None
 Tracked objects:
		On entry : 
		On exit  : 
		Unchanged: 
 Data sizes:     COMMON   BANK0   BANK1   BANK3   BANK2
      Params:         0       0       0       0       0
      Locals:         0       0       0       0       0
      Temps:          0       0       0       0       0
      Totals:         0       0       0       0       0
Total ram usage:        0 bytes
 Hardware stack levels used:    1
 Hardware stack levels required when called:    1
 This function calls:
		Nothing
 This function is called by:
		_main
 This function uses a non-reentrant model


 *************** function _ADC_CONFIG *****************
 Defined at:
		line 12 in file "ADC.c"
 Parameters:    Size  Location     Type
  canal           1    wreg     unsigned char 
  justif          1    3[COMMON] unsigned char 
 Auto vars:     Size  Location     Type
  canal           1    6[COMMON] unsigned char 
 Return value:  Size  Location     Type
                  1    wreg      void 
 Registers used:
		wreg, fsr0l, fsr0h, status,2, status,0
 Tracked objects:
		On entry : 
		On exit  : 
		Unchanged: 
 Data sizes:     COMMON   BANK0   BANK1   BANK3   BANK2
      Params:         1       0       0       0       0
      Locals:         1       0       0       0       0
      Temps:          2       0       0       0       0
      Totals:         4       0       0       0       0
Total ram usage:        4 bytes
 Hardware stack levels used:    1
 Hardware stack levels required when called:    1
 This function calls:
		Nothing
 This function is called by:
		_main
 This function uses a non-reentrant model


 *************** function _ISR *****************
 Defined at:
		line 37 in file "Slave_Temperatura.c"
 Parameters:    Size  Location     Type
		None
 Auto vars:     Size  Location     Type
		None
 Return value:  Size  Location     Type
                  1    wreg      void 
 Registers used:
		wreg
 Tracked objects:
		On entry : 
		On exit  : 
		Unchanged: 
 Data sizes:     COMMON   BANK0   BANK1   BANK3   BANK2
      Params:         0       0       0       0       0
      Locals:         0       0       0       0       0
      Temps:          3       0       0       0       0
      Totals:         3       0       0       0       0
Total ram usage:        3 bytes
 Hardware stack levels used:    1
 This function calls:
		Nothing
 This function is called by:
		Interrupt level 1
 This function uses a non-reentrant model



MODULE INFORMATION

Module		Function		Class		Link	Load	Size
C:\Program Files (x86)\Microchip\xc8\v2.00\pic\sources\c90\common\sprcmul.c
		___flmul       		CODE           	001B	0000	886

C:\Program Files (x86)\Microchip\xc8\v2.00\pic\sources\c90\common\sprcmul.c estimated size: 886

I2C.c
		_I2C_Slave_Init		CODE           	0D32	0000	27

I2C.c estimated size: 27

Slave_Temperatura.c
		_ISR           		CODE           	0DEB	0000	121
		_main          		CODE           	0F27	0000	218

Slave_Temperatura.c estimated size: 339

C:\Program Files (x86)\Microchip\xc8\v2.00\pic\sources\c90\common\awdiv.c
		___awdiv       		CODE           	0D78	0000	116

C:\Program Files (x86)\Microchip\xc8\v2.00\pic\sources\c90\common\awdiv.c estimated size: 116

C:\Program Files (x86)\Microchip\xc8\v2.00\pic\sources\c90\common\fltol.c
		___fltol       		CODE           	075A	0000	157

C:\Program Files (x86)\Microchip\xc8\v2.00\pic\sources\c90\common\fltol.c estimated size: 157

C:\Program Files (x86)\Microchip\xc8\v2.00\pic\sources\c90\common\sprcadd.c
		___fladd       		CODE           	0390	0000	701

C:\Program Files (x86)\Microchip\xc8\v2.00\pic\sources\c90\common\sprcadd.c estimated size: 701

shared
		__initialization		CODE           	000F	0000	9

shared estimated size: 9

C:\Program Files (x86)\Microchip\xc8\v2.00\pic\sources\c90\common\xxtofl.c
		___xxtofl      		CODE           	0E63	0000	197

C:\Program Files (x86)\Microchip\xc8\v2.00\pic\sources\c90\common\xxtofl.c estimated size: 197

ADC.c
		_ADC_INTERRUPT 		CODE           	07F6	0000	10
		_ADC_CONFIG    		CODE           	064C	0000	271

ADC.c estimated size: 281

C:\Program Files (x86)\Microchip\xc8\v2.00\pic\sources\c90\common\Umul8_16.c
		__Umul8_16     		CODE           	0D4C	0000	45

C:\Program Files (x86)\Microchip\xc8\v2.00\pic\sources\c90\common\Umul8_16.c estimated size: 45

