Microchip MPLAB XC8 Compiler V2.00 ()

Linker command line:

-W-3 --edf=C:\Program Files (x86)\Microchip\xc8\v2.00\pic\dat\en_msgs.txt \
  -cs -h+dist/default/production\Proyecto1_master.X.production.sym \
  --cmf=dist/default/production\Proyecto1_master.X.production.cmf -z \
  -Q16F887 -oC:\Users\JOSPEL~1\AppData\Local\Temp\s2ms.2 \
  --defsym=__MPLAB_BUILD=1 \
  -Mdist/default/production/Proyecto1_master.X.production.map -E1 -ver=XC8 \
  --acfsm=1493 -ASTACK=0110h-016fh -pstack=STACK -ACODE=00h-07FFhx4 \
  -ASTRCODE=00h-01FFFh -ASTRING=00h-0FFhx32 -ACONST=00h-0FFhx32 \
  -AENTRY=00h-0FFhx32 -ACOMMON=070h-07Fh -ABANK0=020h-06Fh \
  -ABANK1=0A0h-0EFh -ABANK2=0110h-016Fh -ABANK3=0190h-01EFh \
  -ARAM=020h-06Fh,0A0h-0EFh,0110h-016Fh,0190h-01EFh \
  -AABS1=020h-07Fh,0A0h-0EFh,0110h-016Fh,0190h-01EFh -ASFR0=00h-01Fh \
  -ASFR1=080h-09Fh -ASFR2=0100h-010Fh -ASFR3=0180h-018Fh \
  -preset_vec=00h,intentry=04h,init,end_init -ppowerup=CODE -pcinit=CODE \
  -pfunctab=ENTRY -ACONFIG=02007h-02008h -pconfig=CONFIG -DCONFIG=2 \
  -AIDLOC=02000h-02003h -pidloc=IDLOC -DIDLOC=2 -AEEDATA=00h-0FFh/02100h \
  -peeprom_data=EEDATA -DEEDATA=2 -DCODE=2 -DSTRCODE=2 -DSTRING=2 -DCONST=2 \
  -DENTRY=2 -k C:\Users\JOSPEL~1\AppData\Local\Temp\s2ms.o \
  dist/default/production\Proyecto1_master.X.production.o 

Object code version is 3.11

Machine type is 16F887



                Name                               Link     Load   Length Selector   Space Scale
C:\Users\JOSPEL~1\AppData\Local\Temp\s2ms.o
                end_init                              C        C        3        8       0
                reset_vec                             0        0        3        0       0
                config                             2007     2007        2     400E       0
dist/default/production\Proyecto1_master.X.production.o
                cinit                                 F        F       35        8       0
                intentry                              4        4        8        8       0
                text52                             1572     1572       3F     2AE4       0
                text51                             11D8     11D8       1A     23B0       0
                text50                             113B     113B        7     2276       0
                text49                             135C     135C       30     26B8       0
                text48                             171E     171E       6F     2E3C       0
                text47                             14C1     14C1       3A     2982       0
                text46                             178D     178D       73     2F1A       0
                text45                             16B9     16B9       65     2D72       0
                text44                             148A     148A       37     2914       0
                text43                             1184     1184        F     2308       0
                text42                             1168     1168        9     22D0       0
                text41                             1171     1171        9     22E2       0
                text40                             117A     117A        A     22F4       0
                text39                              AE2      AE2       C1     15C4       0
                text38                             12AE     12AE       2A     255C       0
                text37                             12D8     12D8       2A     25B0       0
                text36                             13BE     13BE       33     277C       0
                text35                              E6B      E6B      195     1CD6       0
                text34                             1287     1287       27     250E       0
                text33                             11F2     11F2       1B     23E4       0
                text32                               44       44      2BC        8       0
                text31                              56C      56C      209        8       0
                text30                             1193     1193        F     2326       0
                text29                              82D      82D       9C     105A       0
                text28                              C66      C66       C4     18CC       0
                text27                             1657     1657       62     2CAE       0
                text26                              A24      A24       BE     1448       0
                text25                              8C9      8C9       AC     1192       0
                text24                             14FB     14FB       3A     29F6       0
                text23                             1535     1535       3D     2A6A       0
                text22                             120D     120D       1B     241A       0
                text21                             1265     1265       22     24CA       0
                text20                             1228     1228       1C     2450       0
                text19                             15B1     15B1       48     2B62       0
                text18                              975      975       AF     12EA       0
                text17                              D2A      D2A      141     1A54       0
                text16                             13F1     13F1       33     27E2       0
                text15                             1424     1424       33     2848       0
                text14                             1457     1457       33     28AE       0
                text13                              300      300      26C        8       0
                text12                             138C     138C       32     2718       0
                text11                             1150     1150        8     22A0       0
                text10                             11B2     11B2       13     2364       0
                text9                              1142     1142        7     2284       0
                text8                              1244     1244       21     2488       0
                text7                              1149     1149        7     2292       0
                text6                              15F9     15F9       5E     2BF2       0
                text5                              11A2     11A2       10     2344       0
                text4                               775      775       89        8       0
                text3                              1302     1302       2D     2604       0
                text2                              132F     132F       2D     265E       0
                text1                               800      800       2D     1000       0
                maintext                            BA3      BA3       C3     1746       0
                cstackBANK0                          20       20       4E       20       1
                cstackCOMMON                         70       70        9       70       1
                cstackBANK1                          C7       C7        8       A0       1
                clrtext                            1158     1158        8     22B0       0
                inittext                           11C5     11C5       13     238A       0
                dataBANK1                            BF       BF        8       A0       1
                bssBANK1                             A0       A0       1F       A0       1
                bssBANK0                             6E       6E        2       20       1
                dataCOMMON                           79       79        4       70       1
                bssCOMMON                            7D       7D        1       70       1
                strings                            1000     1000       79     2000       0
                idataBANK1                         1160     1160        8     22C0       0
                idataCOMMON                        1137     1137        4     226E       0

TOTAL           Name                               Link     Load   Length     Space
        CLASS   STACK          

        CLASS   CODE           
                end_init                              C        C        3         0
                cinit                                 F        F       35         0
                intentry                              4        4        8         0
                reset_vec                             0        0        3         0
                text52                             1572     1572       3F         0
                text51                             11D8     11D8       1A         0
                text50                             113B     113B        7         0
                text49                             135C     135C       30         0
                text48                             171E     171E       6F         0
                text47                             14C1     14C1       3A         0
                text46                             178D     178D       73         0
                text45                             16B9     16B9       65         0
                text44                             148A     148A       37         0
                text43                             1184     1184        F         0
                text42                             1168     1168        9         0
                text41                             1171     1171        9         0
                text40                             117A     117A        A         0
                text39                              AE2      AE2       C1         0
                text38                             12AE     12AE       2A         0
                text37                             12D8     12D8       2A         0
                text36                             13BE     13BE       33         0
                text35                              E6B      E6B      195         0
                text34                             1287     1287       27         0
                text33                             11F2     11F2       1B         0
                text32                               44       44      2BC         0
                text31                              56C      56C      209         0
                text30                             1193     1193        F         0
                text29                              82D      82D       9C         0
                text28                              C66      C66       C4         0
                text27                             1657     1657       62         0
                text26                              A24      A24       BE         0
                text25                              8C9      8C9       AC         0
                text24                             14FB     14FB       3A         0
                text23                             1535     1535       3D         0
                text22                             120D     120D       1B         0
                text21                             1265     1265       22         0
                text20                             1228     1228       1C         0
                text19                             15B1     15B1       48         0
                text18                              975      975       AF         0
                text17                              D2A      D2A      141         0
                text16                             13F1     13F1       33         0
                text15                             1424     1424       33         0
                text14                             1457     1457       33         0
                text13                              300      300      26C         0
                text12                             138C     138C       32         0
                text11                             1150     1150        8         0
                text10                             11B2     11B2       13         0
                text9                              1142     1142        7         0
                text8                              1244     1244       21         0
                text7                              1149     1149        7         0
                text6                              15F9     15F9       5E         0
                text5                              11A2     11A2       10         0
                text4                               775      775       89         0
                text3                              1302     1302       2D         0
                text2                              132F     132F       2D         0
                text1                               800      800       2D         0
                maintext                            BA3      BA3       C3         0
                clrtext                            1158     1158        8         0
                inittext                           11C5     11C5       13         0
                idataBANK1                         1160     1160        8         0
                idataCOMMON                        1137     1137        4         0

        CLASS   STRCODE        

        CLASS   STRING         
                strings                            1000     1000       79         0

        CLASS   CONST          

        CLASS   ENTRY          

        CLASS   COMMON         
                cstackCOMMON                         70       70        9         1
                dataCOMMON                           79       79        4         1
                bssCOMMON                            7D       7D        1         1

        CLASS   BANK0          
                cstackBANK0                          20       20       4E         1
                bssBANK0                             6E       6E        2         1

        CLASS   BANK1          
                cstackBANK1                          C7       C7        8         1
                dataBANK1                            BF       BF        8         1
                bssBANK1                             A0       A0       1F         1

        CLASS   BANK2          

        CLASS   BANK3          

        CLASS   RAM            

        CLASS   ABS1           
                abs_s1                               7E       7E        2         1

        CLASS   SFR0           

        CLASS   SFR1           

        CLASS   SFR2           

        CLASS   SFR3           

        CLASS   CONFIG         
                config                             2007     2007        2         0

        CLASS   IDLOC          

        CLASS   EEDATA         



SEGMENTS        Name                           Load    Length   Top    Selector   Space  Class     Delta

                reset_vec                      000000  000003  000003         0       0  CODE        2
                intentry                       000004  0007FA  0007FE         8       0  CODE        2
                cstackBANK0                    000020  000050  000070        20       1  BANK0       1
                cstackCOMMON                   000070  00000E  00007E        70       1  COMMON      1
                bssBANK1                       0000A0  00002F  0000CF        A0       1  BANK1       1
                text1                          000800  00002D  00082D      1000       0  CODE        2
                text29                         00082D  00009C  0008C9      105A       0  CODE        2
                text25                         0008C9  0000AC  000975      1192       0  CODE        2
                text18                         000975  0000AF  000A24      12EA       0  CODE        2
                text26                         000A24  0000BE  000AE2      1448       0  CODE        2
                text39                         000AE2  0000C1  000BA3      15C4       0  CODE        2
                maintext                       000BA3  0000C3  000C66      1746       0  CODE        2
                text28                         000C66  0000C4  000D2A      18CC       0  CODE        2
                text17                         000D2A  000141  000E6B      1A54       0  CODE        2
                text35                         000E6B  000195  001000      1CD6       0  CODE        2
                strings                        001000  000079  001079      2000       0  STRING      2
                idataCOMMON                    001137  000004  00113B      226E       0  CODE        2
                text50                         00113B  000007  001142      2276       0  CODE        2
                text9                          001142  000007  001149      2284       0  CODE        2
                text7                          001149  000007  001150      2292       0  CODE        2
                text11                         001150  000008  001158      22A0       0  CODE        2
                clrtext                        001158  000008  001160      22B0       0  CODE        2
                idataBANK1                     001160  000008  001168      22C0       0  CODE        2
                text42                         001168  000009  001171      22D0       0  CODE        2
                text41                         001171  000009  00117A      22E2       0  CODE        2
                text40                         00117A  00000A  001184      22F4       0  CODE        2
                text43                         001184  00000F  001193      2308       0  CODE        2
                text30                         001193  00000F  0011A2      2326       0  CODE        2
                text5                          0011A2  000010  0011B2      2344       0  CODE        2
                text10                         0011B2  000013  0011C5      2364       0  CODE        2
                inittext                       0011C5  000013  0011D8      238A       0  CODE        2
                text51                         0011D8  00001A  0011F2      23B0       0  CODE        2
                text33                         0011F2  00001B  00120D      23E4       0  CODE        2
                text22                         00120D  00001B  001228      241A       0  CODE        2
                text20                         001228  00001C  001244      2450       0  CODE        2
                text8                          001244  000021  001265      2488       0  CODE        2
                text21                         001265  000022  001287      24CA       0  CODE        2
                text34                         001287  000027  0012AE      250E       0  CODE        2
                text38                         0012AE  00002A  0012D8      255C       0  CODE        2
                text37                         0012D8  00002A  001302      25B0       0  CODE        2
                text3                          001302  00002D  00132F      2604       0  CODE        2
                text2                          00132F  00002D  00135C      265E       0  CODE        2
                text49                         00135C  000030  00138C      26B8       0  CODE        2
                text12                         00138C  000032  0013BE      2718       0  CODE        2
                text36                         0013BE  000033  0013F1      277C       0  CODE        2
                text16                         0013F1  000033  001424      27E2       0  CODE        2
                text15                         001424  000033  001457      2848       0  CODE        2
                text14                         001457  000033  00148A      28AE       0  CODE        2
                text44                         00148A  000037  0014C1      2914       0  CODE        2
                text47                         0014C1  00003A  0014FB      2982       0  CODE        2
                text24                         0014FB  00003A  001535      29F6       0  CODE        2
                text23                         001535  00003D  001572      2A6A       0  CODE        2
                text52                         001572  00003F  0015B1      2AE4       0  CODE        2
                text19                         0015B1  000048  0015F9      2B62       0  CODE        2
                text6                          0015F9  00005E  001657      2BF2       0  CODE        2
                text27                         001657  000062  0016B9      2CAE       0  CODE        2
                text45                         0016B9  000065  00171E      2D72       0  CODE        2
                text48                         00171E  00006F  00178D      2E3C       0  CODE        2
                text46                         00178D  000073  001800      2F1A       0  CODE        2
                config                         002007  000002  002009      400E       0  CONFIG      2


UNUSED ADDRESS RANGES

        Name                Unused          Largest block    Delta
        BANK1            00CF-00EF             21           1
        BANK2            0110-016F             60           1
        BANK3            0190-01EF             60           1
        CODE             0003-0003              1           2
                         07FE-07FF              2
                         1079-1136             BE
                         1800-1FFF            800
        CONST            0003-0003              1           2
                         07FE-07FF              2
                         1079-1136             87
                         1800-1FFF            100
        EEDATA           2100-21FF            100           2
        ENTRY            0003-0003              1           2
                         07FE-07FF              2
                         1079-1136             87
                         1800-1FFF            100
        IDLOC            2000-2003              4           2
        RAM              00CF-00EF             21           1
                         0110-016F             60
                         0190-01EF             60
        SFR0             0000-001F             20           1
        SFR1             0080-009F             20           1
        SFR2             0100-010F             10           1
        SFR3             0180-018F             10           1
        STACK            0110-016F             60           1
        STRCODE          0003-0003              1           2
                         07FE-07FF              2
                         1079-1136             BE
                         1800-1FFF            800
        STRING           0003-0003              1           2
                         07FE-07FF              2
                         1079-1136             87
                         1800-1FFF            100

                                  Symbol Table

?_BCD_2_DEC                        cstackBANK0  0026
?_DEC_2_BCD                        cstackBANK0  0029
?_I2C_Master_Read                  cstackBANK0  0020
?___awdiv                          cstackBANK0  0020
?___awmod                          cstackBANK0  0020
?___fladd                          cstackBANK0  0038
?___fldiv                          cstackBANK0  0020
?___flneg                          cstackBANK0  0034
?___fltol                          cstackBANK0  0050
?___lldiv                          cstackBANK0  0020
?___wmul                           cstackBANK0  0020
?___xxtofl                         cstackBANK0  0026
BCD_2_DEC@to_convert               cstackBANK0  0026
DEC_2_BCD@to_convert               cstackBANK0  0029
I2C_Master_Init@c                  cstackBANK0  002E
I2C_Master_Read@a                  cstackBANK0  0020
I2C_Master_Read@temp               cstackBANK0  0024
I2C_Master_Write@d                 cstackBANK0  002D
_ANSEL                             (abs)        0188
_ANSELH                            (abs)        0189
_AR1                               bssBANK1     00A7
_BAUDCTLbits                       (abs)        0187
_BCD_2_DEC                         text37       12D8
_CREN                              (abs)        00C4
_DEC_2_BCD                         text44       148A
_GIE                               (abs)        005F
_I2C_Master_Init                   text47       14C1
_I2C_Master_Read                   text36       13BE
_I2C_Master_Start                  text42       1168
_I2C_Master_Stop                   text41       1171
_I2C_Master_Wait                   text43       1184
_I2C_Master_Write                  text40       117A
_INTCONbits                        (abs)        000B
_IOCBbits                          (abs)        0096
_OSCCONbits                        (abs)        008F
_PEIE                              (abs)        005E
_PIR1bits                          (abs)        000C
_PORTA                             (abs)        0005
_PORTB                             (abs)        0006
_PORTBbits                         (abs)        0006
_PORTD                             (abs)        0008
_PORTDbits                         (abs)        0008
_PORTE                             (abs)        0009
_RA0                               (abs)        0028
_RA1                               (abs)        0029
_RA2                               (abs)        002A
_RA3                               (abs)        002B
_RA4                               (abs)        002C
_RA5                               (abs)        002D
_RA6                               (abs)        002E
_RA7                               (abs)        002F
_RB7                               (abs)        0037
_RCREG                             (abs)        001A
_RCSTAbits                         (abs)        0018
_RD7                               (abs)        0047
_SPBRG                             (abs)        0099
_SPEN                              (abs)        00C7
_SSPADD                            (abs)        0093
_SSPBUF                            (abs)        0013
_SSPCON                            (abs)        0014
_SSPCON2                           (abs)        0091
_SSPCON2bits                       (abs)        0091
_SSPIE                             (abs)        0463
_SSPIF                             (abs)        0063
_SSPSTAT                           (abs)        0094
_SYNC                              (abs)        04C4
_Set_Time_Date                     text39       0AE2
_TRISA                             (abs)        0085
_TRISB                             (abs)        0086
_TRISC3                            (abs)        043B
_TRISC4                            (abs)        043C
_TRISCbits                         (abs)        0087
_TRISD                             (abs)        0088
_TRISE                             (abs)        0089
_TXEN                              (abs)        04C5
_TXREG                             (abs)        0019
_TXSTAbits                         (abs)        0098
_Update_Current_Date_Time          text35       0E6B
__CFG_BOR4V$BOR40V                 (abs)        0000
__CFG_BOREN$OFF                    (abs)        0000
__CFG_CP$OFF                       (abs)        0000
__CFG_CPD$OFF                      (abs)        0000
__CFG_FCMEN$OFF                    (abs)        0000
__CFG_FOSC$INTRC_NOCLKOUT          (abs)        0000
__CFG_IESO$OFF                     (abs)        0000
__CFG_LVP$OFF                      (abs)        0000
__CFG_MCLRE$OFF                    (abs)        0000
__CFG_PWRTE$OFF                    (abs)        0000
__CFG_WDTE$OFF                     (abs)        0000
__CFG_WRT$OFF                      (abs)        0000
__Habs1                            abs1         0000
__Hbank0                           bank0        0000
__Hbank1                           bank1        0000
__Hbank2                           bank2        0000
__Hbank3                           bank3        0000
__HbssBANK0                        bssBANK0     0000
__HbssBANK1                        bssBANK1     0000
__HbssCOMMON                       bssCOMMON    0000
__Hcinit                           cinit        0044
__Hclrtext                         clrtext      0000
__Hcode                            code         0000
__Hcommon                          common       0000
__Hconfig                          config       2009
__HcstackBANK0                     cstackBANK0  0000
__HcstackBANK1                     cstackBANK1  0000
__HcstackCOMMON                    cstackCOMMON 0000
__HdataBANK1                       dataBANK1    0000
__HdataCOMMON                      dataCOMMON   0000
__Heeprom_data                     eeprom_data  0000
__Hend_init                        end_init     000F
__Hfunctab                         functab      0000
__HidataBANK1                      idataBANK1   0000
__HidataCOMMON                     idataCOMMON  0000
__Hidloc                           idloc        0000
__Hinit                            init         000C
__Hinittext                        inittext     0000
__Hintentry                        intentry     000C
__Hmaintext                        maintext     0000
__Hpowerup                         powerup      0000
__Hram                             ram          0000
__Hreset_vec                       reset_vec    0003
__Hsfr0                            sfr0         0000
__Hsfr1                            sfr1         0000
__Hsfr2                            sfr2         0000
__Hsfr3                            sfr3         0000
__Hspace_0                         (abs)        2009
__Hspace_1                         (abs)        00CF
__Hspace_2                         (abs)        0000
__Hspace_3                         (abs)        0000
__Hstack                           stack        0000
__Hstrings                         strings      0000
__Htext                            text         0000
__Labs1                            abs1         0000
__Lbank0                           bank0        0000
__Lbank1                           bank1        0000
__Lbank2                           bank2        0000
__Lbank3                           bank3        0000
__LbssBANK0                        bssBANK0     0000
__LbssBANK1                        bssBANK1     0000
__LbssCOMMON                       bssCOMMON    0000
__Lcinit                           cinit        000F
__Lclrtext                         clrtext      0000
__Lcode                            code         0000
__Lcommon                          common       0000
__Lconfig                          config       2007
__LcstackBANK0                     cstackBANK0  0000
__LcstackBANK1                     cstackBANK1  0000
__LcstackCOMMON                    cstackCOMMON 0000
__LdataBANK1                       dataBANK1    0000
__LdataCOMMON                      dataCOMMON   0000
__Leeprom_data                     eeprom_data  0000
__Lend_init                        end_init     000C
__Lfunctab                         functab      0000
__LidataBANK1                      idataBANK1   0000
__LidataCOMMON                     idataCOMMON  0000
__Lidloc                           idloc        0000
__Linit                            init         000C
__Linittext                        inittext     0000
__Lintentry                        intentry     0004
__Lmaintext                        maintext     0000
__Lpowerup                         powerup      0000
__Lram                             ram          0000
__Lreset_vec                       reset_vec    0000
__Lsfr0                            sfr0         0000
__Lsfr1                            sfr1         0000
__Lsfr2                            sfr2         0000
__Lsfr3                            sfr3         0000
__Lspace_0                         (abs)        0000
__Lspace_1                         (abs)        0000
__Lspace_2                         (abs)        0000
__Lspace_3                         (abs)        0000
__Lstack                           stack        0000
__Lstrings                         strings      0000
__Ltext                            text         0000
__S0                               (abs)        2009
__S1                               (abs)        00CF
__S2                               (abs)        0000
__S3                               (abs)        0000
___awdiv                           text46       178D
___awdiv@counter                   cstackBANK0  0025
___awdiv@dividend                  cstackBANK0  0022
___awdiv@divisor                   cstackBANK0  0020
___awdiv@quotient                  cstackBANK0  0027
___awdiv@sign                      cstackBANK0  0026
___awmod                           text45       16B9
___awmod@counter                   cstackBANK0  0025
___awmod@dividend                  cstackBANK0  0022
___awmod@divisor                   cstackBANK0  0020
___awmod@sign                      cstackBANK0  0026
___bmul                            text33       11F2
___bmul@multiplicand               cstackBANK0  0020
___bmul@multiplier                 cstackBANK0  0023
___bmul@product                    cstackBANK0  0022
___fladd                           text32       0044
___fladd@a                         cstackBANK0  003C
___fladd@aexp                      cstackBANK0  004D
___fladd@b                         cstackBANK0  0038
___fladd@bexp                      cstackBANK0  004E
___fladd@grs                       cstackBANK0  004F
___fladd@signs                     cstackBANK0  004C
___fldiv                           text31       056C
___fldiv@a                         cstackBANK0  0020
___fldiv@aexp                      cstackBANK0  0039
___fldiv@b                         cstackBANK0  0024
___fldiv@bexp                      cstackBANK0  0038
___fldiv@grs                       cstackBANK0  0034
___fldiv@new_exp                   cstackBANK0  0032
___fldiv@rem                       cstackBANK0  002D
___fldiv@sign                      cstackBANK0  0031
___flneg                           text30       1193
___flneg@f1                        cstackBANK0  0034
___fltol                           text29       082D
___fltol@exp1                      cstackBANK0  005A
___fltol@f1                        cstackBANK0  0050
___fltol@sign1                     cstackBANK0  0059
___int_sp                          stack        0000
___latbits                         (abs)        0002
___lldiv                           text48       171E
___lldiv@counter                   cstackBANK0  002D
___lldiv@dividend                  cstackBANK0  0024
___lldiv@divisor                   cstackBANK0  0020
___lldiv@quotient                  cstackBANK0  0029
___sp                              stack        0000
___wmul                            text38       12AE
___wmul@multiplicand               cstackBANK0  0022
___wmul@multiplier                 cstackBANK0  0020
___wmul@product                    cstackBANK0  0024
___xxtofl                          text28       0C66
___xxtofl@arg                      cstackBANK0  0030
___xxtofl@exp                      cstackBANK0  002F
___xxtofl@sign                     cstackBANK0  002E
___xxtofl@val                      cstackBANK0  0026
__end_of_BCD_2_DEC                 text37       1302
__end_of_DEC_2_BCD                 text44       14C1
__end_of_I2C_Master_Init           text47       14FB
__end_of_I2C_Master_Read           text36       13F1
__end_of_I2C_Master_Start          text42       1171
__end_of_I2C_Master_Stop           text41       117A
__end_of_I2C_Master_Wait           text43       1193
__end_of_I2C_Master_Write          text40       1184
__end_of_Set_Time_Date             text39       0BA3
__end_of_Update_Current_Date_Time  text35       1000
__end_of___awdiv                   text46       1800
__end_of___awmod                   text45       171E
__end_of___bmul                    text33       120D
__end_of___fladd                   text32       0300
__end_of___fldiv                   text31       0775
__end_of___flneg                   text30       11A2
__end_of___fltol                   text29       08C9
__end_of___lldiv                   text48       178D
__end_of___wmul                    text38       12D8
__end_of___xxtofl                  text28       0D2A
__end_of__initialization           cinit        0040
__end_of__stringtab                strings      1010
__end_of_apagar_luces              text34       12AE
__end_of_b0                        text26       0AE2
__end_of_b1                        text25       0975
__end_of_b2                        text24       1535
__end_of_boton_lcd                 text13       056C
__end_of_check_infrarrojo          text12       13BE
__end_of_configInterrupciones      text11       1158
__end_of_configPorts               text10       11C5
__end_of_envia_caracter_usart      text5        11B2
__end_of_initOsci4MHZ              text9        1149
__end_of_init_usart                text8        1265
__end_of_isr                       text49       138C
__end_of_lcd_clear                 text7        1150
__end_of_lcd_cmd                   text22       1228
__end_of_lcd_init                  text6        1657
__end_of_lcd_port                  text23       1572
__end_of_lcd_set_cursor            text21       1287
__end_of_lcd_write_char            text20       1244
__end_of_lcd_write_string          text19       15F9
__end_of_main                      maintext     0C66
__end_of_mandar_USART              text4        07FE
__end_of_mostrar_lcd               text18       0A24
__end_of_num_case                  text27       16B9
__end_of_primera_llamada           text3        132F
__end_of_segunda_llamada           text2        135C
__end_of_separa_digitos_rtc        text17       0E6B
__end_of_slave_1                   text16       1424
__end_of_slave_2                   text15       1457
__end_of_slave_3                   text14       148A
__end_of_tercera_llamada           text1        082D
__end_ofi1_lcd_clear               text50       1142
__end_ofi1_lcd_cmd                 text51       11F2
__end_ofi1_lcd_port                text52       15B1
__initialization                   cinit        000F
__pbssBANK0                        bssBANK0     006E
__pbssBANK1                        bssBANK1     00A0
__pbssCOMMON                       bssCOMMON    007D
__pcstackBANK0                     cstackBANK0  0020
__pcstackBANK1                     cstackBANK1  00C7
__pcstackCOMMON                    cstackCOMMON 0070
__pdataBANK1                       dataBANK1    00BF
__pdataCOMMON                      dataCOMMON   0079
__pidataBANK1                      idataBANK1   1160
__pidataCOMMON                     idataCOMMON  1137
__pintentry                        intentry     0004
__pmaintext                        maintext     0BA3
__pstrings                         strings      1000
__ptext1                           text1        0800
__ptext10                          text10       11B2
__ptext11                          text11       1150
__ptext12                          text12       138C
__ptext13                          text13       0300
__ptext14                          text14       1457
__ptext15                          text15       1424
__ptext16                          text16       13F1
__ptext17                          text17       0D2A
__ptext18                          text18       0975
__ptext19                          text19       15B1
__ptext2                           text2        132F
__ptext20                          text20       1228
__ptext21                          text21       1265
__ptext22                          text22       120D
__ptext23                          text23       1535
__ptext24                          text24       14FB
__ptext25                          text25       08C9
__ptext26                          text26       0A24
__ptext27                          text27       1657
__ptext28                          text28       0C66
__ptext29                          text29       082D
__ptext3                           text3        1302
__ptext30                          text30       1193
__ptext31                          text31       056C
__ptext32                          text32       0044
__ptext33                          text33       11F2
__ptext34                          text34       1287
__ptext35                          text35       0E6B
__ptext36                          text36       13BE
__ptext37                          text37       12D8
__ptext38                          text38       12AE
__ptext39                          text39       0AE2
__ptext4                           text4        0775
__ptext40                          text40       117A
__ptext41                          text41       1171
__ptext42                          text42       1168
__ptext43                          text43       1184
__ptext44                          text44       148A
__ptext45                          text45       16B9
__ptext46                          text46       178D
__ptext47                          text47       14C1
__ptext48                          text48       171E
__ptext49                          text49       135C
__ptext5                           text5        11A2
__ptext50                          text50       113B
__ptext51                          text51       11D8
__ptext52                          text52       1572
__ptext6                           text6        15F9
__ptext7                           text7        1149
__ptext8                           text8        1244
__ptext9                           text9        1142
__size_of_BCD_2_DEC                (abs)        0000
__size_of_DEC_2_BCD                (abs)        0000
__size_of_I2C_Master_Init          (abs)        0000
__size_of_I2C_Master_Read          (abs)        0000
__size_of_I2C_Master_Start         (abs)        0000
__size_of_I2C_Master_Stop          (abs)        0000
__size_of_I2C_Master_Wait          (abs)        0000
__size_of_I2C_Master_Write         (abs)        0000
__size_of_Set_Time_Date            (abs)        0000
__size_of_Update_Current_Date_Time (abs)        0000
__size_of___awdiv                  (abs)        0000
__size_of___awmod                  (abs)        0000
__size_of___bmul                   (abs)        0000
__size_of___fladd                  (abs)        0000
__size_of___fldiv                  (abs)        0000
__size_of___flneg                  (abs)        0000
__size_of___fltol                  (abs)        0000
__size_of___lldiv                  (abs)        0000
__size_of___wmul                   (abs)        0000
__size_of___xxtofl                 (abs)        0000
__size_of_apagar_luces             (abs)        0000
__size_of_b0                       (abs)        0000
__size_of_b1                       (abs)        0000
__size_of_b2                       (abs)        0000
__size_of_boton_lcd                (abs)        0000
__size_of_check_infrarrojo         (abs)        0000
__size_of_configInterrupciones     (abs)        0000
__size_of_configPorts              (abs)        0000
__size_of_envia_caracter_usart     (abs)        0000
__size_of_initOsci4MHZ             (abs)        0000
__size_of_init_usart               (abs)        0000
__size_of_isr                      (abs)        0000
__size_of_lcd_clear                (abs)        0000
__size_of_lcd_cmd                  (abs)        0000
__size_of_lcd_init                 (abs)        0000
__size_of_lcd_port                 (abs)        0000
__size_of_lcd_set_cursor           (abs)        0000
__size_of_lcd_write_char           (abs)        0000
__size_of_lcd_write_string         (abs)        0000
__size_of_main                     (abs)        0000
__size_of_mandar_USART             (abs)        0000
__size_of_mostrar_lcd              (abs)        0000
__size_of_num_case                 (abs)        0000
__size_of_primera_llamada          (abs)        0000
__size_of_segunda_llamada          (abs)        0000
__size_of_separa_digitos_rtc       (abs)        0000
__size_of_slave_1                  (abs)        0000
__size_of_slave_2                  (abs)        0000
__size_of_slave_3                  (abs)        0000
__size_of_tercera_llamada          (abs)        0000
__size_ofi1_lcd_clear              (abs)        0000
__size_ofi1_lcd_cmd                (abs)        0000
__size_ofi1_lcd_port               (abs)        0000
__stringbase                       strings      100F
__stringtab                        strings      1000
_apagar_luces                      text34       1287
_b0                                text26       0A24
_b1                                text25       08C9
_b2                                text24       14FB
_boton_lcd                         text13       0300
_boton_lcd$1389                    cstackBANK1  00C7
_boton_lcd$1390                    cstackBANK1  00CB
_check_infrarrojo                  text12       138C
_configInterrupciones              text11       1150
_configPorts                       text10       11B2
_date                              dataBANK1    00C5
_date_0                            bssBANK1     00B4
_date_1                            bssBANK1     00B3
_decenas                           bssBANK1     00A8
_envia_caracter_usart              text5        11A2
_hour                              dataCOMMON   0079
_hour_0                            bssBANK1     00B6
_hour_1                            bssBANK1     00B5
_humo                              bssBANK1     00AA
_initOsci4MHZ                      text9        1142
_init_usart                        text8        1244
_isr                               text49       135C
_lcd_clear                         text7        1149
_lcd_cmd                           text22       120D
_lcd_init                          text6        15F9
_lcd_port                          text23       1535
_lcd_set_cursor                    text21       1265
_lcd_write_char                    text20       1228
_lcd_write_string                  text19       15B1
_limpiar_lcd                       bssBANK1     00AD
_main                              maintext     0BA3
_mandar_USART                      text4        0775
_min                               dataCOMMON   007B
_min_0                             bssBANK1     00B8
_min_1                             bssBANK1     00B7
_modo                              bssBANK1     00AE
_month                             dataBANK1    00C1
_month_0                           bssBANK1     00B2
_month_1                           bssBANK1     00B1
_mostrar_lcd                       text18       0975
_num_case                          text27       1657
_primera_llamada                   text3        1302
_s1                                bssBANK1     00BA
_s_humo                            bssBANK1     00A5
_s_temblor                         bssBANK1     00A4
_sec                               bssBANK0     006E
_sec_0                             bssCOMMON    007D
_sec_1                             bssBANK1     00B9
_segunda_llamada                   text2        132F
_separa_digitos_rtc                text17       0D2A
_sismo                             bssBANK1     00AB
_slave_1                           text16       13F1
_slave_2                           text15       1424
_slave_3                           text14       1457
_temperatura                       bssBANK1     00AC
_tercera_llamada                   text1        0800
_unidades                          bssBANK1     00A9
_year                              dataBANK1    00BF
_year_0                            bssBANK1     00B0
_year_1                            bssBANK1     00AF
apagar_luces@t                     cstackBANK0  0022
b0@bb0                             cstackBANK0  0064
b0@bb1                             cstackBANK0  0063
b0@bb2                             cstackBANK0  0062
b0@local                           cstackBANK0  0066
b0@m                               cstackBANK0  005B
b0@p0                              cstackBANK0  0065
b1@bb1                             cstackBANK0  0063
b1@bb2                             cstackBANK0  0062
b1@local                           cstackBANK0  0064
b1@m                               cstackBANK0  005B
b1@p1                              cstackBANK0  0065
b2@bb2                             cstackBANK0  0060
b2@m                               cstackBANK0  005B
b2@p2                              cstackBANK0  0061
btemp                              (abs)        007E
clear_ram0                         clrtext      1158
end_of_initialization              cinit        0040
envia_caracter_usart@caracter      cstackBANK0  0020
i1_lcd_clear                       text50       113B
i1_lcd_cmd                         text51       11D8
i1_lcd_port                        text52       1572
i1lcd_cmd@a                        cstackCOMMON 0073
i1lcd_port@a                       cstackCOMMON 0070
init_fetch0                        inittext     11C5
init_ram0                          inittext     11C9
interrupt_function                 intentry     0004
intlevel0                          functab      0000
intlevel1                          functab      0000
intlevel2                          functab      0000
intlevel3                          functab      0000
intlevel4                          functab      0000
intlevel5                          functab      0000
lcd_cmd@a                          cstackBANK0  0023
lcd_port@a                         cstackBANK0  0020
lcd_set_cursor@a                   cstackBANK0  0025
lcd_set_cursor@b                   cstackBANK0  0024
lcd_write_char@a                   cstackBANK0  0023
lcd_write_string@a                 cstackBANK0  0024
lcd_write_string@i                 cstackBANK0  0029
num_case@num                       cstackBANK0  0022
num_case@r                         cstackBANK0  0023
primera_llamada@h                  cstackBANK0  0024
primera_llamada@m                  cstackBANK0  0020
primera_llamada@s                  cstackBANK0  0021
reset_vec                          reset_vec    0000
saved_w                            (abs)        007E
segunda_llamada@h                  cstackBANK0  0024
segunda_llamada@m                  cstackBANK0  0020
segunda_llamada@s                  cstackBANK0  0021
stackhi                            (abs)        0000
stacklo                            (abs)        0000
start                              init         000C
start_initialization               cinit        000F
tercera_llamada@h                  cstackBANK0  0024
tercera_llamada@m                  cstackBANK0  0020
tercera_llamada@s                  cstackBANK0  0021
wtemp0                             (abs)        007E


FUNCTION INFORMATION:

 *************** function _main *****************
 Defined at:
		line 114 in file "Proyecto1_master.c"
 Parameters:    Size  Location     Type
		None
 Auto vars:     Size  Location     Type
		None
 Return value:  Size  Location     Type
                  1    wreg      void 
 Registers used:
		wreg, fsr0l, fsr0h, status,2, status,0, btemp+1, pclath, cstack
 Tracked objects:
		On entry : 
		On exit  : 
		Unchanged: 
 Data sizes:     COMMON   BANK0   BANK1   BANK3   BANK2
      Params:         0       0       0       0       0
      Locals:         0       0       0       0       0
      Temps:          0       2       0       0       0
      Totals:         0       2       0       0       0
Total ram usage:        2 bytes
 Hardware stack levels required when called:    9
 This function calls:
		_I2C_Master_Init
		_Set_Time_Date
		_Update_Current_Date_Time
		_apagar_luces
		_boton_lcd
		_check_infrarrojo
		_configInterrupciones
		_configPorts
		_initOsci4MHZ
		_init_usart
		_lcd_clear
		_lcd_init
		_lcd_set_cursor
		_lcd_write_string
		_mandar_USART
		_primera_llamada
		_segunda_llamada
		_slave_1
		_slave_2
		_slave_3
		_tercera_llamada
 This function is called by:
		Startup code after reset
 This function uses a non-reentrant model


 *************** function _tercera_llamada *****************
 Defined at:
		line 323 in file "Proyecto1_master.c"
 Parameters:    Size  Location     Type
  h               1    wreg     unsigned char 
  m               1    0[BANK0 ] unsigned char 
  s               1    1[BANK0 ] unsigned char 
 Auto vars:     Size  Location     Type
  h               1    4[BANK0 ] unsigned char 
 Return value:  Size  Location     Type
                  1    wreg      void 
 Registers used:
		wreg
 Tracked objects:
		On entry : 
		On exit  : 
		Unchanged: 
 Data sizes:     COMMON   BANK0   BANK1   BANK3   BANK2
      Params:         0       2       0       0       0
      Locals:         0       1       0       0       0
      Temps:          0       2       0       0       0
      Totals:         0       5       0       0       0
Total ram usage:        5 bytes
 Hardware stack levels used:    1
 Hardware stack levels required when called:    4
 This function calls:
		Nothing
 This function is called by:
		_main
 This function uses a non-reentrant model


 *************** function _segunda_llamada *****************
 Defined at:
		line 315 in file "Proyecto1_master.c"
 Parameters:    Size  Location     Type
  h               1    wreg     unsigned char 
  m               1    0[BANK0 ] unsigned char 
  s               1    1[BANK0 ] unsigned char 
 Auto vars:     Size  Location     Type
  h               1    4[BANK0 ] unsigned char 
 Return value:  Size  Location     Type
                  1    wreg      void 
 Registers used:
		wreg
 Tracked objects:
		On entry : 
		On exit  : 
		Unchanged: 
 Data sizes:     COMMON   BANK0   BANK1   BANK3   BANK2
      Params:         0       2       0       0       0
      Locals:         0       1       0       0       0
      Temps:          0       2       0       0       0
      Totals:         0       5       0       0       0
Total ram usage:        5 bytes
 Hardware stack levels used:    1
 Hardware stack levels required when called:    4
 This function calls:
		Nothing
 This function is called by:
		_main
 This function uses a non-reentrant model


 *************** function _primera_llamada *****************
 Defined at:
		line 307 in file "Proyecto1_master.c"
 Parameters:    Size  Location     Type
  h               1    wreg     unsigned char 
  m               1    0[BANK0 ] unsigned char 
  s               1    1[BANK0 ] unsigned char 
 Auto vars:     Size  Location     Type
  h               1    4[BANK0 ] unsigned char 
 Return value:  Size  Location     Type
                  1    wreg      void 
 Registers used:
		wreg
 Tracked objects:
		On entry : 
		On exit  : 
		Unchanged: 
 Data sizes:     COMMON   BANK0   BANK1   BANK3   BANK2
      Params:         0       2       0       0       0
      Locals:         0       1       0       0       0
      Temps:          0       2       0       0       0
      Totals:         0       5       0       0       0
Total ram usage:        5 bytes
 Hardware stack levels used:    1
 Hardware stack levels required when called:    4
 This function calls:
		Nothing
 This function is called by:
		_main
 This function uses a non-reentrant model


 *************** function _mandar_USART *****************
 Defined at:
		line 165 in file "Proyecto1_master.c"
 Parameters:    Size  Location     Type
		None
 Auto vars:     Size  Location     Type
		None
 Return value:  Size  Location     Type
                  1    wreg      void 
 Registers used:
		wreg, status,2, status,0, pclath, cstack
 Tracked objects:
		On entry : 
		On exit  : 
		Unchanged: 
 Data sizes:     COMMON   BANK0   BANK1   BANK3   BANK2
      Params:         0       0       0       0       0
      Locals:         0       0       0       0       0
      Temps:          0       0       0       0       0
      Totals:         0       0       0       0       0
Total ram usage:        0 bytes
 Hardware stack levels used:    1
 Hardware stack levels required when called:    5
 This function calls:
		_envia_caracter_usart
 This function is called by:
		_main
 This function uses a non-reentrant model


 *************** function _envia_caracter_usart *****************
 Defined at:
		line 58 in file "USART.c"
 Parameters:    Size  Location     Type
  caracter        1    wreg     unsigned char 
 Auto vars:     Size  Location     Type
  caracter        1    0[BANK0 ] unsigned char 
 Return value:  Size  Location     Type
                  1    wreg      void 
 Registers used:
		wreg
 Tracked objects:
		On entry : 
		On exit  : 
		Unchanged: 
 Data sizes:     COMMON   BANK0   BANK1   BANK3   BANK2
      Params:         0       0       0       0       0
      Locals:         0       1       0       0       0
      Temps:          0       0       0       0       0
      Totals:         0       1       0       0       0
Total ram usage:        1 bytes
 Hardware stack levels used:    1
 Hardware stack levels required when called:    4
 This function calls:
		Nothing
 This function is called by:
		_mandar_USART
		_envia_cadena_usart
 This function uses a non-reentrant model


 *************** function _lcd_init *****************
 Defined at:
		line 85 in file "LCD.c"
 Parameters:    Size  Location     Type
		None
 Auto vars:     Size  Location     Type
		None
 Return value:  Size  Location     Type
                  1    wreg      void 
 Registers used:
		wreg, status,2, status,0, pclath, cstack
 Tracked objects:
		On entry : 
		On exit  : 
		Unchanged: 
 Data sizes:     COMMON   BANK0   BANK1   BANK3   BANK2
      Params:         0       0       0       0       0
      Locals:         0       0       0       0       0
      Temps:          0       2       0       0       0
      Totals:         0       2       0       0       0
Total ram usage:        2 bytes
 Hardware stack levels used:    1
 Hardware stack levels required when called:    6
 This function calls:
		_lcd_cmd
		_lcd_port
 This function is called by:
		_main
 This function uses a non-reentrant model


 *************** function _lcd_clear *****************
 Defined at:
		line 105 in file "LCD.c"
 Parameters:    Size  Location     Type
		None
 Auto vars:     Size  Location     Type
		None
 Return value:  Size  Location     Type
                  1    wreg      void 
 Registers used:
		wreg, status,2, status,0, pclath, cstack
 Tracked objects:
		On entry : 
		On exit  : 
		Unchanged: 
 Data sizes:     COMMON   BANK0   BANK1   BANK3   BANK2
      Params:         0       0       0       0       0
      Locals:         0       0       0       0       0
      Temps:          0       0       0       0       0
      Totals:         0       0       0       0       0
Total ram usage:        0 bytes
 Hardware stack levels used:    1
 Hardware stack levels required when called:    6
 This function calls:
		_lcd_cmd
 This function is called by:
		_main
 This function uses a non-reentrant model


 *************** function _init_usart *****************
 Defined at:
		line 17 in file "USART.c"
 Parameters:    Size  Location     Type
		None
 Auto vars:     Size  Location     Type
		None
 Return value:  Size  Location     Type
                  1    wreg      void 
 Registers used:
		wreg
 Tracked objects:
		On entry : 
		On exit  : 
		Unchanged: 
 Data sizes:     COMMON   BANK0   BANK1   BANK3   BANK2
      Params:         0       0       0       0       0
      Locals:         0       0       0       0       0
      Temps:          0       0       0       0       0
      Totals:         0       0       0       0       0
Total ram usage:        0 bytes
 Hardware stack levels used:    1
 Hardware stack levels required when called:    4
 This function calls:
		Nothing
 This function is called by:
		_main
 This function uses a non-reentrant model


 *************** function _initOsci4MHZ *****************
 Defined at:
		line 52 in file "oscilador.c"
 Parameters:    Size  Location     Type
		None
 Auto vars:     Size  Location     Type
		None
 Return value:  Size  Location     Type
                  1    wreg      void 
 Registers used:
		None
 Tracked objects:
		On entry : 
		On exit  : 
		Unchanged: 
 Data sizes:     COMMON   BANK0   BANK1   BANK3   BANK2
      Params:         0       0       0       0       0
      Locals:         0       0       0       0       0
      Temps:          0       0       0       0       0
      Totals:         0       0       0       0       0
Total ram usage:        0 bytes
 Hardware stack levels used:    1
 Hardware stack levels required when called:    4
 This function calls:
		Nothing
 This function is called by:
		_main
 This function uses a non-reentrant model


 *************** function _configPorts *****************
 Defined at:
		line 341 in file "Proyecto1_master.c"
 Parameters:    Size  Location     Type
		None
 Auto vars:     Size  Location     Type
		None
 Return value:  Size  Location     Type
                  1    wreg      void 
 Registers used:
		wreg, status,2
 Tracked objects:
		On entry : 
		On exit  : 
		Unchanged: 
 Data sizes:     COMMON   BANK0   BANK1   BANK3   BANK2
      Params:         0       0       0       0       0
      Locals:         0       0       0       0       0
      Temps:          0       0       0       0       0
      Totals:         0       0       0       0       0
Total ram usage:        0 bytes
 Hardware stack levels used:    1
 Hardware stack levels required when called:    4
 This function calls:
		Nothing
 This function is called by:
		_main
 This function uses a non-reentrant model


 *************** function _configInterrupciones *****************
 Defined at:
		line 360 in file "Proyecto1_master.c"
 Parameters:    Size  Location     Type
		None
 Auto vars:     Size  Location     Type
		None
 Return value:  Size  Location     Type
                  1    wreg      void 
 Registers used:
		None
 Tracked objects:
		On entry : 
		On exit  : 
		Unchanged: 
 Data sizes:     COMMON   BANK0   BANK1   BANK3   BANK2
      Params:         0       0       0       0       0
      Locals:         0       0       0       0       0
      Temps:          0       0       0       0       0
      Totals:         0       0       0       0       0
Total ram usage:        0 bytes
 Hardware stack levels used:    1
 Hardware stack levels required when called:    4
 This function calls:
		Nothing
 This function is called by:
		_main
 This function uses a non-reentrant model


 *************** function _check_infrarrojo *****************
 Defined at:
		line 454 in file "Proyecto1_master.c"
 Parameters:    Size  Location     Type
		None
 Auto vars:     Size  Location     Type
		None
 Return value:  Size  Location     Type
                  1    wreg      void 
 Registers used:
		wreg, status,2, status,0
 Tracked objects:
		On entry : 
		On exit  : 
		Unchanged: 
 Data sizes:     COMMON   BANK0   BANK1   BANK3   BANK2
      Params:         0       0       0       0       0
      Locals:         0       0       0       0       0
      Temps:          0       2       0       0       0
      Totals:         0       2       0       0       0
Total ram usage:        2 bytes
 Hardware stack levels used:    1
 Hardware stack levels required when called:    4
 This function calls:
		Nothing
 This function is called by:
		_main
 This function uses a non-reentrant model


 *************** function _boton_lcd *****************
 Defined at:
		line 190 in file "Proyecto1_master.c"
 Parameters:    Size  Location     Type
		None
 Auto vars:     Size  Location     Type
		None
 Return value:  Size  Location     Type
                  1    wreg      void 
 Registers used:
		wreg, fsr0l, fsr0h, status,2, status,0, btemp+1, pclath, cstack
 Tracked objects:
		On entry : 
		On exit  : 
		Unchanged: 
 Data sizes:     COMMON   BANK0   BANK1   BANK3   BANK2
      Params:         0       0       0       0       0
      Locals:         0       0       8       0       0
      Temps:          0       5       0       0       0
      Totals:         0       5       8       0       0
Total ram usage:       13 bytes
 Hardware stack levels used:    1
 Hardware stack levels required when called:    8
 This function calls:
		___xxtofl
		_b0
		_b1
		_b2
		_lcd_set_cursor
		_lcd_write_char
		_lcd_write_string
		_mostrar_lcd
		_separa_digitos_rtc
		_slave_1
		_slave_2
		_slave_3
 This function is called by:
		_main
 This function uses a non-reentrant model


 *************** function _slave_3 *****************
 Defined at:
		line 490 in file "Proyecto1_master.c"
 Parameters:    Size  Location     Type
		None
 Auto vars:     Size  Location     Type
		None
 Return value:  Size  Location     Type
                  1    wreg      void 
 Registers used:
		wreg, status,2, status,0, pclath, cstack
 Tracked objects:
		On entry : 
		On exit  : 
		Unchanged: 
 Data sizes:     COMMON   BANK0   BANK1   BANK3   BANK2
      Params:         0       0       0       0       0
      Locals:         0       0       0       0       0
      Temps:          0       2       0       0       0
      Totals:         0       2       0       0       0
Total ram usage:        2 bytes
 Hardware stack levels used:    1
 Hardware stack levels required when called:    6
 This function calls:
		_I2C_Master_Read
		_I2C_Master_Start
		_I2C_Master_Stop
		_I2C_Master_Write
 This function is called by:
		_main
		_boton_lcd
 This function uses a non-reentrant model


 *************** function _slave_2 *****************
 Defined at:
		line 482 in file "Proyecto1_master.c"
 Parameters:    Size  Location     Type
		None
 Auto vars:     Size  Location     Type
		None
 Return value:  Size  Location     Type
                  1    wreg      void 
 Registers used:
		wreg, status,2, status,0, pclath, cstack
 Tracked objects:
		On entry : 
		On exit  : 
		Unchanged: 
 Data sizes:     COMMON   BANK0   BANK1   BANK3   BANK2
      Params:         0       0       0       0       0
      Locals:         0       0       0       0       0
      Temps:          0       2       0       0       0
      Totals:         0       2       0       0       0
Total ram usage:        2 bytes
 Hardware stack levels used:    1
 Hardware stack levels required when called:    6
 This function calls:
		_I2C_Master_Read
		_I2C_Master_Start
		_I2C_Master_Stop
		_I2C_Master_Write
 This function is called by:
		_main
		_boton_lcd
 This function uses a non-reentrant model


 *************** function _slave_1 *****************
 Defined at:
		line 474 in file "Proyecto1_master.c"
 Parameters:    Size  Location     Type
		None
 Auto vars:     Size  Location     Type
		None
 Return value:  Size  Location     Type
                  1    wreg      void 
 Registers used:
		wreg, status,2, status,0, pclath, cstack
 Tracked objects:
		On entry : 
		On exit  : 
		Unchanged: 
 Data sizes:     COMMON   BANK0   BANK1   BANK3   BANK2
      Params:         0       0       0       0       0
      Locals:         0       0       0       0       0
      Temps:          0       2       0       0       0
      Totals:         0       2       0       0       0
Total ram usage:        2 bytes
 Hardware stack levels used:    1
 Hardware stack levels required when called:    6
 This function calls:
		_I2C_Master_Read
		_I2C_Master_Start
		_I2C_Master_Stop
		_I2C_Master_Write
 This function is called by:
		_main
		_boton_lcd
 This function uses a non-reentrant model


 *************** function _separa_digitos_rtc *****************
 Defined at:
		line 268 in file "Proyecto1_master.c"
 Parameters:    Size  Location     Type
		None
 Auto vars:     Size  Location     Type
		None
 Return value:  Size  Location     Type
                  1    wreg      void 
 Registers used:
		wreg, status,2, status,0, pclath, cstack
 Tracked objects:
		On entry : 
		On exit  : 
		Unchanged: 
 Data sizes:     COMMON   BANK0   BANK1   BANK3   BANK2
      Params:         0       0       0       0       0
      Locals:         0       0       0       0       0
      Temps:          0       1       0       0       0
      Totals:         0       1       0       0       0
Total ram usage:        1 bytes
 Hardware stack levels used:    1
 Hardware stack levels required when called:    5
 This function calls:
		___awdiv
		___awmod
 This function is called by:
		_boton_lcd
 This function uses a non-reentrant model


 *************** function _mostrar_lcd *****************
 Defined at:
		line 284 in file "Proyecto1_master.c"
 Parameters:    Size  Location     Type
		None
 Auto vars:     Size  Location     Type
		None
 Return value:  Size  Location     Type
                  1    wreg      void 
 Registers used:
		wreg, fsr0l, fsr0h, status,2, status,0, btemp+1, pclath, cstack
 Tracked objects:
		On entry : 
		On exit  : 
		Unchanged: 
 Data sizes:     COMMON   BANK0   BANK1   BANK3   BANK2
      Params:         0       0       0       0       0
      Locals:         0       0       0       0       0
      Temps:          0       1       0       0       0
      Totals:         0       1       0       0       0
Total ram usage:        1 bytes
 Hardware stack levels used:    1
 Hardware stack levels required when called:    7
 This function calls:
		_lcd_set_cursor
		_lcd_write_char
		_lcd_write_string
 This function is called by:
		_boton_lcd
 This function uses a non-reentrant model


 *************** function _lcd_write_string *****************
 Defined at:
		line 131 in file "LCD.c"
 Parameters:    Size  Location     Type
  a               2    4[BANK0 ] PTR unsigned char 
		 -> STR_17(2), STR_16(2), STR_15(2), STR_14(2), 
		 -> STR_13(9), STR_12(9), STR_11(6), STR_10(16), 
		 -> STR_9(16), STR_8(9), STR_7(2), s1(5), 
		 -> STR_6(13), STR_5(10), STR_4(6), STR_3(7), 
		 -> STR_2(6), STR_1(7), 
 Auto vars:     Size  Location     Type
  i               2    9[BANK0 ] int 
 Return value:  Size  Location     Type
                  1    wreg      void 
 Registers used:
		wreg, fsr0l, fsr0h, status,2, status,0, btemp+1, pclath, cstack
 Tracked objects:
		On entry : 
		On exit  : 
		Unchanged: 
 Data sizes:     COMMON   BANK0   BANK1   BANK3   BANK2
      Params:         0       2       0       0       0
      Locals:         0       2       0       0       0
      Temps:          0       3       0       0       0
      Totals:         0       7       0       0       0
Total ram usage:        7 bytes
 Hardware stack levels used:    1
 Hardware stack levels required when called:    6
 This function calls:
		_lcd_write_char
 This function is called by:
		_main
		_boton_lcd
		_mostrar_lcd
 This function uses a non-reentrant model


 *************** function _lcd_write_char *****************
 Defined at:
		line 121 in file "LCD.c"
 Parameters:    Size  Location     Type
  a               1    wreg     unsigned char 
 Auto vars:     Size  Location     Type
  a               1    3[BANK0 ] unsigned char 
 Return value:  Size  Location     Type
                  1    wreg      void 
 Registers used:
		wreg, status,2, status,0, pclath, cstack
 Tracked objects:
		On entry : 
		On exit  : 
		Unchanged: 
 Data sizes:     COMMON   BANK0   BANK1   BANK3   BANK2
      Params:         0       0       0       0       0
      Locals:         0       1       0       0       0
      Temps:          0       2       0       0       0
      Totals:         0       3       0       0       0
Total ram usage:        3 bytes
 Hardware stack levels used:    1
 Hardware stack levels required when called:    5
 This function calls:
		_lcd_port
 This function is called by:
		_boton_lcd
		_mostrar_lcd
		_lcd_write_string
 This function uses a non-reentrant model


 *************** function _lcd_set_cursor *****************
 Defined at:
		line 110 in file "LCD.c"
 Parameters:    Size  Location     Type
  a               1    wreg     unsigned char 
  b               1    4[BANK0 ] unsigned char 
 Auto vars:     Size  Location     Type
  a               1    5[BANK0 ] unsigned char 
 Return value:  Size  Location     Type
                  1    wreg      void 
 Registers used:
		wreg, status,2, status,0, pclath, cstack
 Tracked objects:
		On entry : 
		On exit  : 
		Unchanged: 
 Data sizes:     COMMON   BANK0   BANK1   BANK3   BANK2
      Params:         0       1       0       0       0
      Locals:         0       1       0       0       0
      Temps:          0       0       0       0       0
      Totals:         0       2       0       0       0
Total ram usage:        2 bytes
 Hardware stack levels used:    1
 Hardware stack levels required when called:    6
 This function calls:
		_lcd_cmd
 This function is called by:
		_main
		_boton_lcd
		_mostrar_lcd
 This function uses a non-reentrant model


 *************** function _lcd_cmd *****************
 Defined at:
		line 75 in file "LCD.c"
 Parameters:    Size  Location     Type
  a               1    wreg     unsigned char 
 Auto vars:     Size  Location     Type
  a               1    3[BANK0 ] unsigned char 
 Return value:  Size  Location     Type
                  1    wreg      void 
 Registers used:
		wreg, status,2, status,0, pclath, cstack
 Tracked objects:
		On entry : 
		On exit  : 
		Unchanged: 
 Data sizes:     COMMON   BANK0   BANK1   BANK3   BANK2
      Params:         0       0       0       0       0
      Locals:         0       1       0       0       0
      Temps:          0       2       0       0       0
      Totals:         0       3       0       0       0
Total ram usage:        3 bytes
 Hardware stack levels used:    1
 Hardware stack levels required when called:    5
 This function calls:
		_lcd_port
 This function is called by:
		_lcd_init
		_lcd_clear
		_lcd_set_cursor
		_lcd_shift_right
		_lcd_shift_left
 This function uses a non-reentrant model


 *************** function _lcd_port *****************
 Defined at:
		line 24 in file "LCD.c"
 Parameters:    Size  Location     Type
  a               1    wreg     unsigned char 
 Auto vars:     Size  Location     Type
  a               1    0[BANK0 ] unsigned char 
 Return value:  Size  Location     Type
                  1    wreg      void 
 Registers used:
		wreg
 Tracked objects:
		On entry : 
		On exit  : 
		Unchanged: 
 Data sizes:     COMMON   BANK0   BANK1   BANK3   BANK2
      Params:         0       0       0       0       0
      Locals:         0       1       0       0       0
      Temps:          0       0       0       0       0
      Totals:         0       1       0       0       0
Total ram usage:        1 bytes
 Hardware stack levels used:    1
 Hardware stack levels required when called:    4
 This function calls:
		Nothing
 This function is called by:
		_lcd_cmd
		_lcd_init
		_lcd_write_char
 This function uses a non-reentrant model


 *************** function _b2 *****************
 Defined at:
		line 538 in file "Proyecto1_master.c"
 Parameters:    Size  Location     Type
  m               4   59[BANK0 ] float 
 Auto vars:     Size  Location     Type
  local           4    0        float 
  p2              1   65[BANK0 ] unsigned char 
  bb2             1   64[BANK0 ] unsigned char 
 Return value:  Size  Location     Type
                  1    wreg      unsigned char 
 Registers used:
		wreg, fsr0l, fsr0h, status,2, status,0, btemp+1, pclath, cstack
 Tracked objects:
		On entry : 
		On exit  : 
		Unchanged: 
 Data sizes:     COMMON   BANK0   BANK1   BANK3   BANK2
      Params:         0       4       0       0       0
      Locals:         0       2       0       0       0
      Temps:          0       1       0       0       0
      Totals:         0       7       0       0       0
Total ram usage:        7 bytes
 Hardware stack levels used:    1
 Hardware stack levels required when called:    5
 This function calls:
		___fldiv
		___fltol
		_num_case
 This function is called by:
		_boton_lcd
 This function uses a non-reentrant model


 *************** function _b1 *****************
 Defined at:
		line 548 in file "Proyecto1_master.c"
 Parameters:    Size  Location     Type
  m               4   59[BANK0 ] float 
 Auto vars:     Size  Location     Type
  p1              1   69[BANK0 ] unsigned char 
  local           1   68[BANK0 ] unsigned char 
  bb1             1   67[BANK0 ] unsigned char 
  bb2             1   66[BANK0 ] unsigned char 
 Return value:  Size  Location     Type
                  1    wreg      unsigned char 
 Registers used:
		wreg, fsr0l, fsr0h, status,2, status,0, btemp+1, pclath, cstack
 Tracked objects:
		On entry : 
		On exit  : 
		Unchanged: 
 Data sizes:     COMMON   BANK0   BANK1   BANK3   BANK2
      Params:         0       4       0       0       0
      Locals:         0       4       0       0       0
      Temps:          0       3       0       0       0
      Totals:         0      11       0       0       0
Total ram usage:       11 bytes
 Hardware stack levels used:    1
 Hardware stack levels required when called:    5
 This function calls:
		___awdiv
		___fladd
		___fldiv
		___flneg
		___fltol
		___wmul
		___xxtofl
		_num_case
 This function is called by:
		_boton_lcd
 This function uses a non-reentrant model


 *************** function _b0 *****************
 Defined at:
		line 561 in file "Proyecto1_master.c"
 Parameters:    Size  Location     Type
  m               4   59[BANK0 ] float 
 Auto vars:     Size  Location     Type
  local           1   70[BANK0 ] unsigned char 
  p0              1   69[BANK0 ] unsigned char 
  bb0             1   68[BANK0 ] unsigned char 
  bb1             1   67[BANK0 ] unsigned char 
  bb2             1   66[BANK0 ] unsigned char 
 Return value:  Size  Location     Type
                  1    wreg      unsigned char 
 Registers used:
		wreg, fsr0l, fsr0h, status,2, status,0, btemp+1, pclath, cstack
 Tracked objects:
		On entry : 
		On exit  : 
		Unchanged: 
 Data sizes:     COMMON   BANK0   BANK1   BANK3   BANK2
      Params:         0       4       0       0       0
      Locals:         0       5       0       0       0
      Temps:          0       3       0       0       0
      Totals:         0      12       0       0       0
Total ram usage:       12 bytes
 Hardware stack levels used:    1
 Hardware stack levels required when called:    5
 This function calls:
		___awdiv
		___bmul
		___fladd
		___fldiv
		___flneg
		___fltol
		___wmul
		___xxtofl
		_num_case
 This function is called by:
		_boton_lcd
 This function uses a non-reentrant model


 *************** function _num_case *****************
 Defined at:
		line 501 in file "Proyecto1_master.c"
 Parameters:    Size  Location     Type
  num             1    wreg     unsigned char 
 Auto vars:     Size  Location     Type
  num             1    2[BANK0 ] unsigned char 
  r               1    3[BANK0 ] unsigned char 
 Return value:  Size  Location     Type
                  1    wreg      unsigned char 
 Registers used:
		wreg, fsr0l, fsr0h, status,2, status,0
 Tracked objects:
		On entry : 
		On exit  : 
		Unchanged: 
 Data sizes:     COMMON   BANK0   BANK1   BANK3   BANK2
      Params:         0       0       0       0       0
      Locals:         0       2       0       0       0
      Temps:          0       2       0       0       0
      Totals:         0       4       0       0       0
Total ram usage:        4 bytes
 Hardware stack levels used:    1
 Hardware stack levels required when called:    4
 This function calls:
		Nothing
 This function is called by:
		_b2
		_b1
		_b0
 This function uses a non-reentrant model


 *************** function ___xxtofl *****************
 Defined at:
		line 10 in file "C:\Program Files (x86)\Microchip\xc8\v2.00\pic\sources\c90\common\xxtofl.c"
 Parameters:    Size  Location     Type
  sign            1    wreg     unsigned char 
  val             4    6[BANK0 ] long 
 Auto vars:     Size  Location     Type
  sign            1   14[BANK0 ] unsigned char 
[...]
 This function calls:
		___wmul
 This function is called by:
		_Update_Current_Date_Time
 This function uses a non-reentrant model


 *************** function ___wmul *****************
 Defined at:
		line 15 in file "C:\Program Files (x86)\Microchip\xc8\v2.00\pic\sources\c90\common\Umul16.c"
 Parameters:    Size  Location     Type
  multiplier      2    0[BANK0 ] unsigned int 
  multiplicand    2    2[BANK0 ] unsigned int 
 Auto vars:     Size  Location     Type
  product         2    4[BANK0 ] unsigned int 
 Return value:  Size  Location     Type
                  2    0[BANK0 ] unsigned int 
 Registers used:
		wreg, status,2, status,0
 Tracked objects:
		On entry : 
		On exit  : 
		Unchanged: 
 Data sizes:     COMMON   BANK0   BANK1   BANK3   BANK2
      Params:         0       4       0       0       0
      Locals:         0       2       0       0       0
      Temps:          0       0       0       0       0
      Totals:         0       6       0       0       0
Total ram usage:        6 bytes
 Hardware stack levels used:    1
 Hardware stack levels required when called:    4
 This function calls:
		Nothing
 This function is called by:
		_BCD_2_DEC
		_b1
		_b0
 This function uses a non-reentrant model


 *************** function _Set_Time_Date *****************
 Defined at:
		line 383 in file "Proyecto1_master.c"
 Parameters:    Size  Location     Type
		None
 Auto vars:     Size  Location     Type
		None
 Return value:  Size  Location     Type
                  1    wreg      void 
 Registers used:
		wreg, status,2, status,0, pclath, cstack
 Tracked objects:
		On entry : 
		On exit  : 
		Unchanged: 
 Data sizes:     COMMON   BANK0   BANK1   BANK3   BANK2
      Params:         0       0       0       0       0
      Locals:         0       0       0       0       0
      Temps:          0       0       0       0       0
      Totals:         0       0       0       0       0
Total ram usage:        0 bytes
 Hardware stack levels used:    1
 Hardware stack levels required when called:    6
 This function calls:
		_DEC_2_BCD
		_I2C_Master_Start
		_I2C_Master_Stop
		_I2C_Master_Write
 This function is called by:
		_main
 This function uses a non-reentrant model


 *************** function _I2C_Master_Write *****************
 Defined at:
		line 62 in file "I2C.c"
 Parameters:    Size  Location     Type
  d               2   13[BANK0 ] unsigned int 
 Auto vars:     Size  Location     Type
		None
 Return value:  Size  Location     Type
                  1    wreg      void 
 Registers used:
		wreg, status,2, status,0, pclath, cstack
 Tracked objects:
		On entry : 
		On exit  : 
		Unchanged: 
 Data sizes:     COMMON   BANK0   BANK1   BANK3   BANK2
      Params:         0       2       0       0       0
      Locals:         0       0       0       0       0
      Temps:          0       0       0       0       0
      Totals:         0       2       0       0       0
Total ram usage:        2 bytes
 Hardware stack levels used:    1
 Hardware stack levels required when called:    5
 This function calls:
		_I2C_Master_Wait
 This function is called by:
		_Set_Time_Date
		_Update_Current_Date_Time
		_slave_1
		_slave_2
		_slave_3
 This function uses a non-reentrant model


 *************** function _I2C_Master_Stop *****************
 Defined at:
		line 52 in file "I2C.c"
 Parameters:    Size  Location     Type
		None
 Auto vars:     Size  Location     Type
		None
 Return value:  Size  Location     Type
                  1    wreg      void 
 Registers used:
		wreg, status,2, status,0, pclath, cstack
 Tracked objects:
		On entry : 
		On exit  : 
		Unchanged: 
 Data sizes:     COMMON   BANK0   BANK1   BANK3   BANK2
      Params:         0       0       0       0       0
      Locals:         0       0       0       0       0
      Temps:          0       0       0       0       0
      Totals:         0       0       0       0       0
Total ram usage:        0 bytes
 Hardware stack levels used:    1
 Hardware stack levels required when called:    5
 This function calls:
		_I2C_Master_Wait
 This function is called by:
		_Set_Time_Date
		_Update_Current_Date_Time
		_slave_1
		_slave_2
		_slave_3
 This function uses a non-reentrant model


 *************** function _I2C_Master_Start *****************
 Defined at:
		line 36 in file "I2C.c"
 Parameters:    Size  Location     Type
		None
 Auto vars:     Size  Location     Type
		None
 Return value:  Size  Location     Type
                  1    wreg      void 
 Registers used:
		wreg, status,2, status,0, pclath, cstack
 Tracked objects:
		On entry : 
		On exit  : 
		Unchanged: 
 Data sizes:     COMMON   BANK0   BANK1   BANK3   BANK2
      Params:         0       0       0       0       0
      Locals:         0       0       0       0       0
      Temps:          0       0       0       0       0
      Totals:         0       0       0       0       0
Total ram usage:        0 bytes
 Hardware stack levels used:    1
 Hardware stack levels required when called:    5
 This function calls:
		_I2C_Master_Wait
 This function is called by:
		_Set_Time_Date
		_Update_Current_Date_Time
		_slave_1
		_slave_2
		_slave_3
 This function uses a non-reentrant model


 *************** function _I2C_Master_Wait *****************
 Defined at:
		line 29 in file "I2C.c"
 Parameters:    Size  Location     Type
		None
 Auto vars:     Size  Location     Type
		None
 Return value:  Size  Location     Type
                  1    wreg      void 
 Registers used:
		wreg, status,2
 Tracked objects:
		On entry : 
		On exit  : 
		Unchanged: 
 Data sizes:     COMMON   BANK0   BANK1   BANK3   BANK2
      Params:         0       0       0       0       0
      Locals:         0       0       0       0       0
      Temps:          0       0       0       0       0
      Totals:         0       0       0       0       0
Total ram usage:        0 bytes
 Hardware stack levels used:    1
 Hardware stack levels required when called:    4
 This function calls:
		Nothing
 This function is called by:
		_I2C_Master_Start
		_I2C_Master_Stop
		_I2C_Master_Write
		_I2C_Master_Read
		_I2C_Master_RepeatedStart
 This function uses a non-reentrant model


 *************** function _DEC_2_BCD *****************
 Defined at:
		line 377 in file "Proyecto1_master.c"
 Parameters:    Size  Location     Type
  to_convert      2    9[BANK0 ] int 
 Auto vars:     Size  Location     Type
		None
 Return value:  Size  Location     Type
                  2    9[BANK0 ] int 
 Registers used:
		wreg, status,2, status,0, pclath, cstack
 Tracked objects:
		On entry : 
		On exit  : 
		Unchanged: 
 Data sizes:     COMMON   BANK0   BANK1   BANK3   BANK2
      Params:         0       2       0       0       0
      Locals:         0       0       0       0       0
      Temps:          0       2       0       0       0
      Totals:         0       4       0       0       0
Total ram usage:        4 bytes
 Hardware stack levels used:    1
 Hardware stack levels required when called:    5
 This function calls:
		___awdiv
		___awmod
 This function is called by:
		_Set_Time_Date
 This function uses a non-reentrant model


 *************** function ___awmod *****************
 Defined at:
		line 5 in file "C:\Program Files (x86)\Microchip\xc8\v2.00\pic\sources\c90\common\awmod.c"
 Parameters:    Size  Location     Type
  divisor         2    0[BANK0 ] int 
  dividend        2    2[BANK0 ] int 
 Auto vars:     Size  Location     Type
  sign            1    6[BANK0 ] unsigned char 
  counter         1    5[BANK0 ] unsigned char 
 Return value:  Size  Location     Type
                  2    0[BANK0 ] int 
 Registers used:
		wreg, status,2, status,0
 Tracked objects:
		On entry : 
		On exit  : 
		Unchanged: 
 Data sizes:     COMMON   BANK0   BANK1   BANK3   BANK2
      Params:         0       4       0       0       0
      Locals:         0       2       0       0       0
      Temps:          0       1       0       0       0
      Totals:         0       7       0       0       0
Total ram usage:        7 bytes
 Hardware stack levels used:    1
 Hardware stack levels required when called:    4
 This function calls:
		Nothing
 This function is called by:
		_separa_digitos_rtc
		_DEC_2_BCD
 This function uses a non-reentrant model


 *************** function ___awdiv *****************
 Defined at:
		line 5 in file "C:\Program Files (x86)\Microchip\xc8\v2.00\pic\sources\c90\common\awdiv.c"
 Parameters:    Size  Location     Type
  divisor         2    0[BANK0 ] int 
  dividend        2    2[BANK0 ] int 
 Auto vars:     Size  Location     Type
  quotient        2    7[BANK0 ] int 
  sign            1    6[BANK0 ] unsigned char 
  counter         1    5[BANK0 ] unsigned char 
 Return value:  Size  Location     Type
                  2    0[BANK0 ] int 
 Registers used:
		wreg, status,2, status,0
 Tracked objects:
		On entry : 
		On exit  : 
		Unchanged: 
 Data sizes:     COMMON   BANK0   BANK1   BANK3   BANK2
      Params:         0       4       0       0       0
      Locals:         0       4       0       0       0
      Temps:          0       1       0       0       0
      Totals:         0       9       0       0       0
Total ram usage:        9 bytes
 Hardware stack levels used:    1
 Hardware stack levels required when called:    4
 This function calls:
		Nothing
 This function is called by:
		_separa_digitos_rtc
		_DEC_2_BCD
		_b1
		_b0
 This function uses a non-reentrant model


 *************** function _I2C_Master_Init *****************
 Defined at:
		line 13 in file "I2C.c"
 Parameters:    Size  Location     Type
  c               4   14[BANK0 ] const unsigned long 
 Auto vars:     Size  Location     Type
		None
 Return value:  Size  Location     Type
                  1    wreg      void 
 Registers used:
		wreg, status,2, status,0, pclath, cstack
 Tracked objects:
		On entry : 
		On exit  : 
		Unchanged: 
 Data sizes:     COMMON   BANK0   BANK1   BANK3   BANK2
      Params:         0       4       0       0       0
      Locals:         0       0       0       0       0
      Temps:          0       4       0       0       0
      Totals:         0       8       0       0       0
Total ram usage:        8 bytes
 Hardware stack levels used:    1
 Hardware stack levels required when called:    5
 This function calls:
		___lldiv
 This function is called by:
		_main
 This function uses a non-reentrant model


 *************** function ___lldiv *****************
 Defined at:
		line 5 in file "C:\Program Files (x86)\Microchip\xc8\v2.00\pic\sources\c90\common\__lldiv.c"
 Parameters:    Size  Location     Type
  divisor         4    0[BANK0 ] unsigned long 
  dividend        4    4[BANK0 ] unsigned long 
 Auto vars:     Size  Location     Type
  quotient        4    9[BANK0 ] unsigned long 
  counter         1   13[BANK0 ] unsigned char 
 Return value:  Size  Location     Type
                  4    0[BANK0 ] unsigned long 
 Registers used:
		wreg, status,2, status,0
 Tracked objects:
		On entry : 
		On exit  : 
		Unchanged: 
 Data sizes:     COMMON   BANK0   BANK1   BANK3   BANK2
      Params:         0       8       0       0       0
      Locals:         0       5       0       0       0
      Temps:          0       1       0       0       0
      Totals:         0      14       0       0       0
Total ram usage:       14 bytes
 Hardware stack levels used:    1
 Hardware stack levels required when called:    4
 This function calls:
		Nothing
 This function is called by:
		_I2C_Master_Init
 This function uses a non-reentrant model


 *************** function _isr *****************
 Defined at:
		line 98 in file "Proyecto1_master.c"
 Parameters:    Size  Location     Type
		None
 Auto vars:     Size  Location     Type
		None
 Return value:  Size  Location     Type
                  1    wreg      void 
 Registers used:
		wreg, status,2, status,0, pclath, cstack
 Tracked objects:
		On entry : 
		On exit  : 
		Unchanged: 
 Data sizes:     COMMON   BANK0   BANK1   BANK3   BANK2
      Params:         0       0       0       0       0
      Locals:         0       0       0       0       0
      Temps:          5       0       0       0       0
      Totals:         5       0       0       0       0
Total ram usage:        5 bytes
 Hardware stack levels used:    1
 Hardware stack levels required when called:    3
 This function calls:
		i1_lcd_clear
 This function is called by:
		Interrupt level 1
 This function uses a non-reentrant model


 *************** function i1_lcd_clear *****************
 Defined at:
		line 105 in file "LCD.c"
 Parameters:    Size  Location     Type
		None
 Auto vars:     Size  Location     Type
		None
 Return value:  Size  Location     Type
                  1    wreg      void 
 Registers used:
		wreg, status,2, status,0, pclath, cstack
 Tracked objects:
		On entry : 
		On exit  : 
		Unchanged: 
 Data sizes:     COMMON   BANK0   BANK1   BANK3   BANK2
      Params:         0       0       0       0       0
      Locals:         0       0       0       0       0
      Temps:          0       0       0       0       0
      Totals:         0       0       0       0       0
Total ram usage:        0 bytes
 Hardware stack levels used:    1
 Hardware stack levels required when called:    2
 This function calls:
		i1_lcd_cmd
 This function is called by:
		_isr
 This function uses a non-reentrant model


 *************** function i1_lcd_cmd *****************
 Defined at:
		line 75 in file "LCD.c"
 Parameters:    Size  Location     Type
  a               1    wreg     unsigned char 
 Auto vars:     Size  Location     Type
  a               1    3[COMMON] unsigned char 
 Return value:  Size  Location     Type
                  1    wreg      void 
 Registers used:
		wreg, status,2, status,0, pclath, cstack
 Tracked objects:
		On entry : 
		On exit  : 
		Unchanged: 
 Data sizes:     COMMON   BANK0   BANK1   BANK3   BANK2
      Params:         0       0       0       0       0
      Locals:         1       0       0       0       0
      Temps:          2       0       0       0       0
      Totals:         3       0       0       0       0
Total ram usage:        3 bytes
 Hardware stack levels used:    1
 Hardware stack levels required when called:    1
 This function calls:
		i1_lcd_port
 This function is called by:
		i1_lcd_clear
 This function uses a non-reentrant model


 *************** function i1_lcd_port *****************
 Defined at:
		line 24 in file "LCD.c"
 Parameters:    Size  Location     Type
  a               1    wreg     unsigned char 
 Auto vars:     Size  Location     Type
  a               1    0[COMMON] unsigned char 
 Return value:  Size  Location     Type
                  1    wreg      void 
 Registers used:
		wreg
 Tracked objects:
		On entry : 
		On exit  : 
		Unchanged: 
 Data sizes:     COMMON   BANK0   BANK1   BANK3   BANK2
      Params:         0       0       0       0       0
      Locals:         1       0       0       0       0
      Temps:          0       0       0       0       0
      Totals:         1       0       0       0       0
Total ram usage:        1 bytes
 Hardware stack levels used:    1
 This function calls:
		Nothing
 This function is called by:
		i1_lcd_cmd
 This function uses a non-reentrant model



MODULE INFORMATION

Module		Function		Class		Link	Load	Size
USART.c
		_envia_caracter_usart		CODE           	11A2	0000	17
		_init_usart    		CODE           	1244	0000	34

USART.c estimated size: 51

C:\Program Files (x86)\Microchip\xc8\v2.00\pic\sources\c90\common\awmod.c
		___awmod       		CODE           	16B9	0000	102

C:\Program Files (x86)\Microchip\xc8\v2.00\pic\sources\c90\common\awmod.c estimated size: 102

C:\Program Files (x86)\Microchip\xc8\v2.00\pic\sources\c90\common\sprcdiv.c
		___fldiv       		CODE           	056C	0000	522

C:\Program Files (x86)\Microchip\xc8\v2.00\pic\sources\c90\common\sprcdiv.c estimated size: 522

C:\Program Files (x86)\Microchip\xc8\v2.00\pic\sources\c90\common\Umul16.c
		___wmul        		CODE           	12AE	0000	43

C:\Program Files (x86)\Microchip\xc8\v2.00\pic\sources\c90\common\Umul16.c estimated size: 43

I2C.c
		_I2C_Master_Read		CODE           	13BE	0000	52
		_I2C_Master_Wait		CODE           	1184	0000	16
		_I2C_Master_Init		CODE           	14C1	0000	59
		_I2C_Master_Stop		CODE           	1171	0000	10
		_I2C_Master_Write		CODE           	117A	0000	11
		_I2C_Master_Start		CODE           	1168	0000	10

I2C.c estimated size: 158

C:\Program Files (x86)\Microchip\xc8\v2.00\pic\sources\c90\common\__lldiv.c
		___lldiv       		CODE           	171E	0000	112

C:\Program Files (x86)\Microchip\xc8\v2.00\pic\sources\c90\common\__lldiv.c estimated size: 112

oscilador.c
		_initOsci4MHZ  		CODE           	1142	0000	8

oscilador.c estimated size: 8

C:\Program Files (x86)\Microchip\xc8\v2.00\pic\sources\c90\common\awdiv.c
		___awdiv       		CODE           	178D	0000	116

C:\Program Files (x86)\Microchip\xc8\v2.00\pic\sources\c90\common\awdiv.c estimated size: 116

C:\Program Files (x86)\Microchip\xc8\v2.00\pic\sources\c90\common\fltol.c
		___fltol       		CODE           	082D	0000	157

C:\Program Files (x86)\Microchip\xc8\v2.00\pic\sources\c90\common\fltol.c estimated size: 157

C:\Program Files (x86)\Microchip\xc8\v2.00\pic\sources\c90\common\sprcadd.c
		___fladd       		CODE           	0044	0000	701

C:\Program Files (x86)\Microchip\xc8\v2.00\pic\sources\c90\common\sprcadd.c estimated size: 701

C:\Program Files (x86)\Microchip\xc8\v2.00\pic\sources\c90\common\Umul8.c
		___bmul        		CODE           	11F2	0000	28

C:\Program Files (x86)\Microchip\xc8\v2.00\pic\sources\c90\common\Umul8.c estimated size: 28

shared
		__stringtab    		STRING         	1000	0000	17
		__initialization		CODE           	000F	0000	50
		i1_lcd_port    		CODE           	1572	0000	64
		i1_lcd_cmd     		CODE           	11D8	0000	27
		i1_lcd_clear   		CODE           	113B	0000	8

shared estimated size: 166

C:\Program Files (x86)\Microchip\xc8\v2.00\pic\sources\c90\common\xxtofl.c
		___xxtofl      		CODE           	0C66	0000	197

C:\Program Files (x86)\Microchip\xc8\v2.00\pic\sources\c90\common\xxtofl.c estimated size: 197

C:\Program Files (x86)\Microchip\xc8\v2.00\pic\sources\c90\common\flneg.c
		___flneg       		CODE           	1193	0000	16

C:\Program Files (x86)\Microchip\xc8\v2.00\pic\sources\c90\common\flneg.c estimated size: 16

Proyecto1_master.c
		_DEC_2_BCD     		CODE           	148A	0000	56
		_slave_3       		CODE           	1457	0000	52
		_num_case      		CODE           	1657	0000	99
		_b0            		CODE           	0A24	0000	191
		_b1            		CODE           	08C9	0000	173
		_b2            		CODE           	14FB	0000	59
		_main          		CODE           	0BA3	0000	196
		_BCD_2_DEC     		CODE           	12D8	0000	43
		_slave_2       		CODE           	1424	0000	52
		_primera_llamada		CODE           	1302	0000	46
		_separa_digitos_rtc		CODE           	0D2A	0000	322
		_segunda_llamada		CODE           	132F	0000	46
		_isr           		CODE           	135C	0000	49
		_configPorts   		CODE           	11B2	0000	20
		_Update_Current_Date_Time		CODE           	0E6B	0000	406
		_configInterrupciones		CODE           	1150	0000	9
		_slave_1       		CODE           	13F1	0000	52
		_check_infrarrojo		CODE           	138C	0000	51
		_tercera_llamada		CODE           	0800	0000	46
		_apagar_luces  		CODE           	1287	0000	40
		_boton_lcd     		CODE           	0300	0000	621
		_mandar_USART  		CODE           	0775	0000	138
		_Set_Time_Date 		CODE           	0AE2	0000	194
		_mostrar_lcd   		CODE           	0975	0000	176

Proyecto1_master.c estimated size: 3137

LCD.c
		_lcd_write_char		CODE           	1228	0000	29
		_lcd_cmd       		CODE           	120D	0000	28
		_lcd_set_cursor		CODE           	1265	0000	35
		_lcd_clear     		CODE           	1149	0000	8
		_lcd_port      		CODE           	1535	0000	62
		_lcd_write_string		CODE           	15B1	0000	73
		_lcd_init      		CODE           	15F9	0000	95

LCD.c estimated size: 330

