Microchip MPLAB XC8 Compiler V2.00 ()

Linker command line:

-W-3 --edf=C:\Program Files (x86)\Microchip\xc8\v2.00\pic\dat\en_msgs.txt \
  -cs -h+dist/default/production\Proyecto1_master.X.production.sym \
  --cmf=dist/default/production\Proyecto1_master.X.production.cmf -z \
  -Q16F887 -oC:\Users\JOSPEL~1\AppData\Local\Temp\sgdk.2 \
  --defsym=__MPLAB_BUILD=1 \
  -Mdist/default/production/Proyecto1_master.X.production.map -E1 -ver=XC8 \
  --acfsm=1493 -ASTACK=0110h-016fh -pstack=STACK -ACODE=00h-07FFhx4 \
  -ASTRCODE=00h-01FFFh -ASTRING=00h-0FFhx32 -ACONST=00h-0FFhx32 \
  -AENTRY=00h-0FFhx32 -ACOMMON=070h-07Fh -ABANK0=020h-06Fh \
  -ABANK1=0A0h-0EFh -ABANK2=0110h-016Fh -ABANK3=0190h-01EFh \
  -ARAM=020h-06Fh,0A0h-0EFh,0110h-016Fh,0190h-01EFh \
  -AABS1=020h-07Fh,0A0h-0EFh,0110h-016Fh,0190h-01EFh -ASFR0=00h-01Fh \
  -ASFR1=080h-09Fh -ASFR2=0100h-010Fh -ASFR3=0180h-018Fh \
  -preset_vec=00h,intentry,init,end_init -ppowerup=CODE -pcinit=CODE \
  -pfunctab=ENTRY -ACONFIG=02007h-02008h -pconfig=CONFIG -DCONFIG=2 \
  -AIDLOC=02000h-02003h -pidloc=IDLOC -DIDLOC=2 -AEEDATA=00h-0FFh/02100h \
  -peeprom_data=EEDATA -DEEDATA=2 -DCODE=2 -DSTRCODE=2 -DSTRING=2 -DCONST=2 \
  -DENTRY=2 -k C:\Users\JOSPEL~1\AppData\Local\Temp\sgdk.o \
  dist/default/production\Proyecto1_master.X.production.o 

Object code version is 3.11

Machine type is 16F887



                Name                               Link     Load   Length Selector   Space Scale
C:\Users\JOSPEL~1\AppData\Local\Temp\sgdk.o
                end_init                              0        0        3        0       0
                config                             2007     2007        2     400E       0
dist/default/production\Proyecto1_master.X.production.o
                cinit                               7E6      7E6       1A      FCC       0
                text24                              372      372       6D      6E4       0
                text23                              1F7      1F7       38      3EE       0
                text22                              3DF      3DF       71      7BE       0
                text21                              30F      30F       63      61E       0
                text20                              1C6      1C6       31      38C       0
                text19                               9D       9D        F      13A       0
                text18                               75       75        9       EA       0
                text17                               7E       7E        9       FC       0
                text16                               87       87        A      10E       0
                text15                              4E9      4E9       AF      9D2       0
                text14                              16F      16F       28      2DE       0
                text13                              122      122       26      244       0
                text12                              197      197       2F      32E       0
                text11                              67F      67F      167      CFE       0
                text10                               AC       AC       11      158       0
                text9                                66       66        7       CC       0
                text8                               22F      22F       3F      45E       0
                text7                                D0       D0       1A      1A0       0
                text6                               2BA      2BA       55      574       0
                text5                               104      104       1E      208       0
                text4                                EA       EA       1A      1D4       0
                text3                               148      148       27      290       0
                text2                               450      450       99      8A0       0
                text1                               598      598       E7      B30       0
                maintext                            26E      26E       4C      4DC       0
                cstackBANK0                          3E       3E        8       20       1
                cstackCOMMON                         70       70        E       70       1
                clrtext                              6D       6D        8       DA       0
                inittext                             BD       BD       13      17A       0
                dataBANK0                            32       32        C       20       1
                bssBANK0                             20       20       12       20       1
                strings                               3        3       15        6       0
                idataBANK0                           91       91        C      122       0

TOTAL           Name                               Link     Load   Length     Space
        CLASS   STACK          

        CLASS   CODE           
                end_init                              0        0        3         0
                cinit                               7E6      7E6       1A         0
                text24                              372      372       6D         0
                text23                              1F7      1F7       38         0
                text22                              3DF      3DF       71         0
                text21                              30F      30F       63         0
                text20                              1C6      1C6       31         0
                text19                               9D       9D        F         0
                text18                               75       75        9         0
                text17                               7E       7E        9         0
                text16                               87       87        A         0
                text15                              4E9      4E9       AF         0
                text14                              16F      16F       28         0
                text13                              122      122       26         0
                text12                              197      197       2F         0
                text11                              67F      67F      167         0
                text10                               AC       AC       11         0
                text9                                66       66        7         0
                text8                               22F      22F       3F         0
                text7                                D0       D0       1A         0
                text6                               2BA      2BA       55         0
                text5                               104      104       1E         0
                text4                                EA       EA       1A         0
                text3                               148      148       27         0
                text2                               450      450       99         0
                text1                               598      598       E7         0
                maintext                            26E      26E       4C         0
                clrtext                              6D       6D        8         0
                inittext                             BD       BD       13         0
                idataBANK0                           91       91        C         0

        CLASS   STRCODE        

        CLASS   STRING         
                strings                               3        3       15         0

        CLASS   CONST          

        CLASS   ENTRY          

        CLASS   COMMON         
                cstackCOMMON                         70       70        E         1

        CLASS   BANK0          
                cstackBANK0                          3E       3E        8         1
                dataBANK0                            32       32        C         1
                bssBANK0                             20       20       12         1

        CLASS   BANK1          

        CLASS   BANK2          

        CLASS   BANK3          

        CLASS   RAM            

        CLASS   ABS1           
                abs_s1                               7E       7E        2         1

        CLASS   SFR0           

        CLASS   SFR1           

        CLASS   SFR2           

        CLASS   SFR3           

        CLASS   CONFIG         
                config                             2007     2007        2         0

        CLASS   IDLOC          

        CLASS   EEDATA         



SEGMENTS        Name                           Load    Length   Top    Selector   Space  Class     Delta

                reset_vec                      000000  000003  000003         0       0  CODE        2
                strings                        000003  000015  000018         6       0  STRING      2
                bssBANK0                       000020  000026  000046        20       1  BANK0       1
                cstackCOMMON                   000070  00000E  00007E        70       1  COMMON      1
                text9                          000066  000007  00006D        CC       0  CODE        2
                clrtext                        00006D  000008  000075        DA       0  CODE        2
                text18                         000075  000009  00007E        EA       0  CODE        2
                text17                         00007E  000009  000087        FC       0  CODE        2
                text16                         000087  00000A  000091       10E       0  CODE        2
                idataBANK0                     000091  00000C  00009D       122       0  CODE        2
                text19                         00009D  00000F  0000AC       13A       0  CODE        2
                text10                         0000AC  000011  0000BD       158       0  CODE        2
                inittext                       0000BD  000013  0000D0       17A       0  CODE        2
                text7                          0000D0  00001A  0000EA       1A0       0  CODE        2
                text4                          0000EA  00001A  000104       1D4       0  CODE        2
                text5                          000104  00001E  000122       208       0  CODE        2
                text13                         000122  000026  000148       244       0  CODE        2
                text3                          000148  000027  00016F       290       0  CODE        2
                text14                         00016F  000028  000197       2DE       0  CODE        2
                text12                         000197  00002F  0001C6       32E       0  CODE        2
                text20                         0001C6  000031  0001F7       38C       0  CODE        2
                text23                         0001F7  000038  00022F       3EE       0  CODE        2
                text8                          00022F  00003F  00026E       45E       0  CODE        2
                maintext                       00026E  00004C  0002BA       4DC       0  CODE        2
                text6                          0002BA  000055  00030F       574       0  CODE        2
                text21                         00030F  000063  000372       61E       0  CODE        2
                text24                         000372  00006D  0003DF       6E4       0  CODE        2
                text22                         0003DF  000071  000450       7BE       0  CODE        2
                text2                          000450  000099  0004E9       8A0       0  CODE        2
                text15                         0004E9  0000AF  000598       9D2       0  CODE        2
                text1                          000598  0000E7  00067F       B30       0  CODE        2
                text11                         00067F  000167  0007E6       CFE       0  CODE        2
                cinit                          0007E6  00001A  000800       FCC       0  CODE        2
                config                         002007  000002  002009      400E       0  CONFIG      2


UNUSED ADDRESS RANGES

        Name                Unused          Largest block    Delta
        BANK0            0046-006F             2A           1
        BANK1            00A0-00EF             50           1
        BANK2            0110-016F             60           1
        BANK3            0190-01EF             60           1
        CODE             0018-0065             4E           2
                         0800-1FFF            800
        CONST            0018-0065             4E           2
                         0800-1FFF            100
        EEDATA           2100-21FF            100           2
        ENTRY            0018-0065             4E           2
                         0800-1FFF            100
        IDLOC            2000-2003              4           2
        RAM              0046-006F             2A           1
                         00A0-00EF             50
                         0110-016F             60
                         0190-01EF             60
        SFR0             0000-001F             20           1
        SFR1             0080-009F             20           1
        SFR2             0100-010F             10           1
        SFR3             0180-018F             10           1
        STACK            0110-016F             60           1
        STRCODE          0018-0065             4E           2
                         0800-1FFF           1800
        STRING           0018-0065             4E           2
                         0800-1FFF            100

                                  Symbol Table

?_BCD_2_DEC                        cstackCOMMON 0076
?_DEC_2_BCD                        cstackCOMMON 0079
?_I2C_Master_Read                  cstackCOMMON 0070
?___awdiv                          cstackCOMMON 0070
?___awmod                          cstackCOMMON 0070
?___lldiv                          cstackCOMMON 0070
?___wmul                           cstackCOMMON 0070
BCD_2_DEC@to_convert               cstackCOMMON 0076
DEC_2_BCD@to_convert               cstackCOMMON 0079
I2C_Master_Init@c                  cstackBANK0  003E
I2C_Master_Read@a                  cstackCOMMON 0070
I2C_Master_Read@temp               cstackCOMMON 0074
I2C_Master_Write@d                 cstackBANK0  003E
_ANSEL                             (abs)        0188
_ANSELH                            (abs)        0189
_BCD_2_DEC                         text13       0122
_DEC_2_BCD                         text20       01C6
_GIE                               (abs)        005F
_I2C_Master_Init                   text23       01F7
_I2C_Master_Read                   text12       0197
_I2C_Master_Start                  text18       0075
_I2C_Master_Stop                   text17       007E
_I2C_Master_Wait                   text19       009D
_I2C_Master_Write                  text16       0087
_OSCCONbits                        (abs)        008F
_PEIE                              (abs)        005E
_PORTA                             (abs)        0005
_PORTB                             (abs)        0006
_PORTD                             (abs)        0008
_PORTE                             (abs)        0009
_RA0                               (abs)        0028
_RA1                               (abs)        0029
_RA2                               (abs)        002A
_RA3                               (abs)        002B
_RA4                               (abs)        002C
_RA5                               (abs)        002D
_RA6                               (abs)        002E
_RA7                               (abs)        002F
_RB7                               (abs)        0037
_RD7                               (abs)        0047
_SSPADD                            (abs)        0093
_SSPBUF                            (abs)        0013
_SSPCON                            (abs)        0014
_SSPCON2                           (abs)        0091
_SSPCON2bits                       (abs)        0091
_SSPIE                             (abs)        0463
_SSPIF                             (abs)        0063
_SSPSTAT                           (abs)        0094
_Set_Time_Date                     text15       04E9
_TRISA                             (abs)        0085
_TRISB                             (abs)        0086
_TRISC3                            (abs)        043B
_TRISC4                            (abs)        043C
_TRISCbits                         (abs)        0087
_TRISD                             (abs)        0088
_TRISE                             (abs)        0089
_Update_Current_Date_Time          text11       067F
__CFG_BOR4V$BOR40V                 (abs)        0000
__CFG_BOREN$OFF                    (abs)        0000
__CFG_CP$OFF                       (abs)        0000
__CFG_CPD$OFF                      (abs)        0000
__CFG_FCMEN$OFF                    (abs)        0000
__CFG_FOSC$INTRC_NOCLKOUT          (abs)        0000
__CFG_IESO$OFF                     (abs)        0000
__CFG_LVP$OFF                      (abs)        0000
__CFG_MCLRE$OFF                    (abs)        0000
__CFG_PWRTE$OFF                    (abs)        0000
__CFG_WDTE$OFF                     (abs)        0000
__CFG_WRT$OFF                      (abs)        0000
__Habs1                            abs1         0000
__Hbank0                           bank0        0000
__Hbank1                           bank1        0000
__Hbank2                           bank2        0000
__Hbank3                           bank3        0000
__HbssBANK0                        bssBANK0     0000
__Hcinit                           cinit        0800
__Hclrtext                         clrtext      0000
__Hcode                            code         0000
__Hcommon                          common       0000
__Hconfig                          config       2009
__HcstackBANK0                     cstackBANK0  0000
__HcstackCOMMON                    cstackCOMMON 0000
__HdataBANK0                       dataBANK0    0000
__Heeprom_data                     eeprom_data  0000
__Hend_init                        end_init     0003
__Hfunctab                         functab      0000
__HidataBANK0                      idataBANK0   0000
__Hidloc                           idloc        0000
__Hinit                            init         0000
__Hinittext                        inittext     0000
__Hintentry                        intentry     0000
__Hmaintext                        maintext     0000
__Hpowerup                         powerup      0000
__Hram                             ram          0000
__Hreset_vec                       reset_vec    0000
__Hsfr0                            sfr0         0000
__Hsfr1                            sfr1         0000
__Hsfr2                            sfr2         0000
__Hsfr3                            sfr3         0000
__Hspace_0                         (abs)        2009
__Hspace_1                         (abs)        007E
__Hspace_2                         (abs)        0000
__Hspace_3                         (abs)        0000
__Hstack                           stack        0000
__Hstrings                         strings      0000
__Htext                            text         0000
__Labs1                            abs1         0000
__Lbank0                           bank0        0000
__Lbank1                           bank1        0000
__Lbank2                           bank2        0000
__Lbank3                           bank3        0000
__LbssBANK0                        bssBANK0     0000
__Lcinit                           cinit        07E6
__Lclrtext                         clrtext      0000
__Lcode                            code         0000
__Lcommon                          common       0000
__Lconfig                          config       2007
__LcstackBANK0                     cstackBANK0  0000
__LcstackCOMMON                    cstackCOMMON 0000
__LdataBANK0                       dataBANK0    0000
__Leeprom_data                     eeprom_data  0000
__Lend_init                        end_init     0000
__Lfunctab                         functab      0000
__LidataBANK0                      idataBANK0   0000
__Lidloc                           idloc        0000
__Linit                            init         0000
__Linittext                        inittext     0000
__Lintentry                        intentry     0000
__Lmaintext                        maintext     0000
__Lpowerup                         powerup      0000
__Lram                             ram          0000
__Lreset_vec                       reset_vec    0000
__Lsfr0                            sfr0         0000
__Lsfr1                            sfr1         0000
__Lsfr2                            sfr2         0000
__Lsfr3                            sfr3         0000
__Lspace_0                         (abs)        0000
__Lspace_1                         (abs)        0000
__Lspace_2                         (abs)        0000
__Lspace_3                         (abs)        0000
__Lstack                           stack        0000
__Lstrings                         strings      0000
__Ltext                            text         0000
__S0                               (abs)        2009
__S1                               (abs)        007E
__S2                               (abs)        0000
__S3                               (abs)        0000
___awdiv                           text22       03DF
___awdiv@counter                   cstackCOMMON 0075
___awdiv@dividend                  cstackCOMMON 0072
___awdiv@divisor                   cstackCOMMON 0070
___awdiv@quotient                  cstackCOMMON 0077
___awdiv@sign                      cstackCOMMON 0076
___awmod                           text21       030F
___awmod@counter                   cstackCOMMON 0075
___awmod@dividend                  cstackCOMMON 0072
___awmod@divisor                   cstackCOMMON 0070
___awmod@sign                      cstackCOMMON 0076
___int_sp                          stack        0000
___latbits                         (abs)        0002
___lldiv                           text24       0372
___lldiv@counter                   cstackCOMMON 007D
___lldiv@dividend                  cstackCOMMON 0074
___lldiv@divisor                   cstackCOMMON 0070
___lldiv@quotient                  cstackCOMMON 0079
___sp                              stack        0000
___wmul                            text14       016F
___wmul@multiplicand               cstackCOMMON 0072
___wmul@multiplier                 cstackCOMMON 0070
___wmul@product                    cstackCOMMON 0074
__end_of_BCD_2_DEC                 text13       0148
__end_of_DEC_2_BCD                 text20       01F7
__end_of_I2C_Master_Init           text23       022F
__end_of_I2C_Master_Read           text12       01C6
__end_of_I2C_Master_Start          text18       007E
__end_of_I2C_Master_Stop           text17       0087
__end_of_I2C_Master_Wait           text19       00AC
__end_of_I2C_Master_Write          text16       0091
__end_of_Set_Time_Date             text15       0598
__end_of_Update_Current_Date_Time  text11       07E6
__end_of___awdiv                   text22       0450
__end_of___awmod                   text21       0372
__end_of___lldiv                   text24       03DF
__end_of___wmul                    text14       0197
__end_of__initialization           cinit        07FC
__end_of__stringtab                strings      0009
__end_of_configPorts               text10       00BD
__end_of_initOsci4MHZ              text9        006D
__end_of_lcd_cmd                   text7        00EA
__end_of_lcd_init                  text6        030F
__end_of_lcd_port                  text8        026E
__end_of_lcd_set_cursor            text5        0122
__end_of_lcd_write_char            text4        0104
__end_of_lcd_write_string          text3        016F
__end_of_main                      maintext     02BA
__end_of_mostrar_lcd               text2        04E9
__end_of_separa_digitos_rtc        text1        067F
__initialization                   cinit        07E6
__pbssBANK0                        bssBANK0     0020
__pcstackBANK0                     cstackBANK0  003E
__pcstackCOMMON                    cstackCOMMON 0070
__pdataBANK0                       dataBANK0    0032
__pidataBANK0                      idataBANK0   0091
__pmaintext                        maintext     026E
__pstrings                         strings      0003
__ptext1                           text1        0598
__ptext10                          text10       00AC
__ptext11                          text11       067F
__ptext12                          text12       0197
__ptext13                          text13       0122
__ptext14                          text14       016F
__ptext15                          text15       04E9
__ptext16                          text16       0087
__ptext17                          text17       007E
__ptext18                          text18       0075
__ptext19                          text19       009D
__ptext2                           text2        0450
__ptext20                          text20       01C6
__ptext21                          text21       030F
__ptext22                          text22       03DF
__ptext23                          text23       01F7
__ptext24                          text24       0372
__ptext3                           text3        0148
__ptext4                           text4        00EA
__ptext5                           text5        0104
__ptext6                           text6        02BA
__ptext7                           text7        00D0
__ptext8                           text8        022F
__ptext9                           text9        0066
__size_of_BCD_2_DEC                (abs)        0000
__size_of_DEC_2_BCD                (abs)        0000
__size_of_I2C_Master_Init          (abs)        0000
__size_of_I2C_Master_Read          (abs)        0000
__size_of_I2C_Master_Start         (abs)        0000
__size_of_I2C_Master_Stop          (abs)        0000
__size_of_I2C_Master_Wait          (abs)        0000
__size_of_I2C_Master_Write         (abs)        0000
__size_of_Set_Time_Date            (abs)        0000
__size_of_Update_Current_Date_Time (abs)        0000
__size_of___awdiv                  (abs)        0000
__size_of___awmod                  (abs)        0000
__size_of___lldiv                  (abs)        0000
__size_of___wmul                   (abs)        0000
__size_of_configPorts              (abs)        0000
__size_of_initOsci4MHZ             (abs)        0000
__size_of_lcd_cmd                  (abs)        0000
__size_of_lcd_init                 (abs)        0000
__size_of_lcd_port                 (abs)        0000
__size_of_lcd_set_cursor           (abs)        0000
__size_of_lcd_write_char           (abs)        0000
__size_of_lcd_write_string         (abs)        0000
__size_of_main                     (abs)        0000
__size_of_mostrar_lcd              (abs)        0000
__size_of_separa_digitos_rtc       (abs)        0000
__stringbase                       strings      0008
__stringtab                        strings      0003
_configPorts                       text10       00AC
_date                              dataBANK0    0038
_date_0                            bssBANK0     002B
_date_1                            bssBANK0     002A
_hour                              dataBANK0    003A
_hour_0                            bssBANK0     002D
_hour_1                            bssBANK0     002C
_initOsci4MHZ                      text9        0066
_lcd_cmd                           text7        00D0
_lcd_init                          text6        02BA
_lcd_port                          text8        022F
_lcd_set_cursor                    text5        0104
_lcd_write_char                    text4        00EA
_lcd_write_string                  text3        0148
_main                              maintext     026E
_min                               dataBANK0    003C
_min_0                             bssBANK0     002F
_min_1                             bssBANK0     002E
_month                             dataBANK0    0034
_month_0                           bssBANK0     0029
_month_1                           bssBANK0     0028
_mostrar_lcd                       text2        0450
_sec                               bssBANK0     0024
_sec_0                             bssBANK0     0031
_sec_1                             bssBANK0     0030
_separa_digitos_rtc                text1        0598
_year                              dataBANK0    0032
_year_0                            bssBANK0     0027
_year_1                            bssBANK0     0026
btemp                              (abs)        007E
clear_ram0                         clrtext      006D
end_of_initialization              cinit        07FC
init_fetch0                        inittext     00BD
init_ram0                          inittext     00C1
intlevel0                          functab      0000
intlevel1                          functab      0000
intlevel2                          functab      0000
intlevel3                          functab      0000
intlevel4                          functab      0000
intlevel5                          functab      0000
lcd_cmd@a                          cstackCOMMON 0073
lcd_port@a                         cstackCOMMON 0070
lcd_set_cursor@a                   cstackCOMMON 0075
lcd_set_cursor@b                   cstackCOMMON 0074
lcd_write_char@a                   cstackCOMMON 0073
lcd_write_string@a                 cstackCOMMON 0076
lcd_write_string@i                 cstackCOMMON 0074
reset_vec                          reset_vec    0000
stackhi                            (abs)        0000
stacklo                            (abs)        0000
start                              init         0000
start_initialization               cinit        07E6
wtemp0                             (abs)        007E


FUNCTION INFORMATION:

 *************** function _main *****************
 Defined at:
		line 75 in file "Proyecto1_master.c"
 Parameters:    Size  Location     Type
		None
 Auto vars:     Size  Location     Type
		None
 Return value:  Size  Location     Type
                  1    wreg      void 
 Registers used:
		wreg, fsr0l, fsr0h, status,2, status,0, pclath, cstack
 Tracked objects:
		On entry : 
		On exit  : 
		Unchanged: 
 Data sizes:     COMMON   BANK0   BANK1   BANK3   BANK2
      Params:         0       0       0       0       0
      Locals:         0       0       0       0       0
      Temps:          0       0       0       0       0
      Totals:         0       0       0       0       0
Total ram usage:        0 bytes
 Hardware stack levels required when called:    4
 This function calls:
		_I2C_Master_Init
		_Set_Time_Date
		_Update_Current_Date_Time
		_configPorts
		_initOsci4MHZ
		_lcd_init
		_lcd_set_cursor
		_lcd_write_string
		_mostrar_lcd
		_separa_digitos_rtc
 This function is called by:
		Startup code after reset
 This function uses a non-reentrant model


 *************** function _separa_digitos_rtc *****************
 Defined at:
		line 101 in file "Proyecto1_master.c"
 Parameters:    Size  Location     Type
		None
 Auto vars:     Size  Location     Type
		None
 Return value:  Size  Location     Type
                  1    wreg      void 
 Registers used:
		wreg, status,2, status,0, pclath, cstack
 Tracked objects:
		On entry : 
		On exit  : 
		Unchanged: 
 Data sizes:     COMMON   BANK0   BANK1   BANK3   BANK2
      Params:         0       0       0       0       0
      Locals:         0       0       0       0       0
      Temps:          1       0       0       0       0
      Totals:         1       0       0       0       0
Total ram usage:        1 bytes
 Hardware stack levels used:    1
 Hardware stack levels required when called:    1
 This function calls:
		___awdiv
		___awmod
 This function is called by:
		_main
 This function uses a non-reentrant model


 *************** function _mostrar_lcd *****************
 Defined at:
		line 117 in file "Proyecto1_master.c"
 Parameters:    Size  Location     Type
		None
 Auto vars:     Size  Location     Type
		None
 Return value:  Size  Location     Type
                  1    wreg      void 
 Registers used:
		wreg, fsr0l, fsr0h, status,2, status,0, pclath, cstack
 Tracked objects:
		On entry : 
		On exit  : 
		Unchanged: 
 Data sizes:     COMMON   BANK0   BANK1   BANK3   BANK2
      Params:         0       0       0       0       0
      Locals:         0       0       0       0       0
      Temps:          1       0       0       0       0
      Totals:         1       0       0       0       0
Total ram usage:        1 bytes
 Hardware stack levels used:    1
 Hardware stack levels required when called:    3
 This function calls:
		_lcd_set_cursor
		_lcd_write_char
		_lcd_write_string
 This function is called by:
		_main
 This function uses a non-reentrant model


 *************** function _lcd_write_string *****************
 Defined at:
		line 131 in file "LCD.c"
 Parameters:    Size  Location     Type
  a               1    wreg     PTR unsigned char 
		 -> STR_6(2), STR_5(2), STR_4(2), STR_3(2), 
		 -> STR_2(6), STR_1(7), 
 Auto vars:     Size  Location     Type
  a               1    6[COMMON] PTR unsigned char 
		 -> STR_6(2), STR_5(2), STR_4(2), STR_3(2), 
		 -> STR_2(6), STR_1(7), 
  i               2    4[COMMON] int 
 Return value:  Size  Location     Type
                  1    wreg      void 
 Registers used:
		wreg, fsr0l, fsr0h, status,2, status,0, pclath, cstack
 Tracked objects:
		On entry : 
		On exit  : 
		Unchanged: 
 Data sizes:     COMMON   BANK0   BANK1   BANK3   BANK2
      Params:         0       0       0       0       0
      Locals:         3       0       0       0       0
      Temps:          0       0       0       0       0
      Totals:         3       0       0       0       0
Total ram usage:        3 bytes
 Hardware stack levels used:    1
 Hardware stack levels required when called:    2
 This function calls:
		_lcd_write_char
 This function is called by:
		_main
		_mostrar_lcd
 This function uses a non-reentrant model


 *************** function _lcd_write_char *****************
 Defined at:
		line 121 in file "LCD.c"
 Parameters:    Size  Location     Type
  a               1    wreg     unsigned char 
 Auto vars:     Size  Location     Type
  a               1    3[COMMON] unsigned char 
 Return value:  Size  Location     Type
                  1    wreg      void 
 Registers used:
		wreg, status,2, status,0, pclath, cstack
 Tracked objects:
		On entry : 
		On exit  : 
		Unchanged: 
 Data sizes:     COMMON   BANK0   BANK1   BANK3   BANK2
      Params:         0       0       0       0       0
      Locals:         1       0       0       0       0
      Temps:          2       0       0       0       0
      Totals:         3       0       0       0       0
Total ram usage:        3 bytes
 Hardware stack levels used:    1
 Hardware stack levels required when called:    1
 This function calls:
		_lcd_port
 This function is called by:
		_mostrar_lcd
		_lcd_write_string
 This function uses a non-reentrant model


 *************** function _lcd_set_cursor *****************
 Defined at:
		line 110 in file "LCD.c"
 Parameters:    Size  Location     Type
  a               1    wreg     unsigned char 
  b               1    4[COMMON] unsigned char 
 Auto vars:     Size  Location     Type
  a               1    5[COMMON] unsigned char 
 Return value:  Size  Location     Type
                  1    wreg      void 
 Registers used:
		wreg, status,2, status,0, pclath, cstack
 Tracked objects:
		On entry : 
		On exit  : 
		Unchanged: 
 Data sizes:     COMMON   BANK0   BANK1   BANK3   BANK2
      Params:         1       0       0       0       0
      Locals:         1       0       0       0       0
      Temps:          0       0       0       0       0
      Totals:         2       0       0       0       0
Total ram usage:        2 bytes
 Hardware stack levels used:    1
 Hardware stack levels required when called:    2
 This function calls:
		_lcd_cmd
 This function is called by:
		_main
		_mostrar_lcd
 This function uses a non-reentrant model


 *************** function _lcd_init *****************
 Defined at:
		line 85 in file "LCD.c"
 Parameters:    Size  Location     Type
		None
 Auto vars:     Size  Location     Type
		None
 Return value:  Size  Location     Type
                  1    wreg      void 
 Registers used:
		wreg, status,2, status,0, pclath, cstack
 Tracked objects:
		On entry : 
		On exit  : 
		Unchanged: 
 Data sizes:     COMMON   BANK0   BANK1   BANK3   BANK2
      Params:         0       0       0       0       0
      Locals:         0       0       0       0       0
      Temps:          2       0       0       0       0
      Totals:         2       0       0       0       0
Total ram usage:        2 bytes
 Hardware stack levels used:    1
 Hardware stack levels required when called:    2
 This function calls:
		_lcd_cmd
		_lcd_port
 This function is called by:
		_main
 This function uses a non-reentrant model


 *************** function _lcd_cmd *****************
 Defined at:
		line 75 in file "LCD.c"
 Parameters:    Size  Location     Type
  a               1    wreg     unsigned char 
 Auto vars:     Size  Location     Type
  a               1    3[COMMON] unsigned char 
 Return value:  Size  Location     Type
                  1    wreg      void 
 Registers used:
		wreg, status,2, status,0, pclath, cstack
 Tracked objects:
		On entry : 
		On exit  : 
		Unchanged: 
 Data sizes:     COMMON   BANK0   BANK1   BANK3   BANK2
      Params:         0       0       0       0       0
      Locals:         1       0       0       0       0
      Temps:          2       0       0       0       0
      Totals:         3       0       0       0       0
Total ram usage:        3 bytes
 Hardware stack levels used:    1
 Hardware stack levels required when called:    1
 This function calls:
		_lcd_port
 This function is called by:
		_lcd_init
		_lcd_set_cursor
		_lcd_clear
		_lcd_shift_right
		_lcd_shift_left
 This function uses a non-reentrant model


 *************** function _lcd_port *****************
 Defined at:
		line 24 in file "LCD.c"
 Parameters:    Size  Location     Type
  a               1    wreg     unsigned char 
 Auto vars:     Size  Location     Type
  a               1    0[COMMON] unsigned char 
 Return value:  Size  Location     Type
                  1    wreg      void 
 Registers used:
		wreg
 Tracked objects:
		On entry : 
		On exit  : 
		Unchanged: 
 Data sizes:     COMMON   BANK0   BANK1   BANK3   BANK2
      Params:         0       0       0       0       0
      Locals:         1       0       0       0       0
      Temps:          0       0       0       0       0
      Totals:         1       0       0       0       0
Total ram usage:        1 bytes
 Hardware stack levels used:    1
 This function calls:
		Nothing
 This function is called by:
		_lcd_cmd
		_lcd_init
		_lcd_write_char
 This function uses a non-reentrant model


 *************** function _initOsci4MHZ *****************
 Defined at:
		line 52 in file "oscilador.c"
 Parameters:    Size  Location     Type
		None
 Auto vars:     Size  Location     Type
		None
 Return value:  Size  Location     Type
                  1    wreg      void 
 Registers used:
		None
 Tracked objects:
		On entry : 
		On exit  : 
		Unchanged: 
 Data sizes:     COMMON   BANK0   BANK1   BANK3   BANK2
      Params:         0       0       0       0       0
      Locals:         0       0       0       0       0
      Temps:          0       0       0       0       0
      Totals:         0       0       0       0       0
Total ram usage:        0 bytes
 Hardware stack levels used:    1
 This function calls:
		Nothing
 This function is called by:
		_main
 This function uses a non-reentrant model


 *************** function _configPorts *****************
 Defined at:
		line 140 in file "Proyecto1_master.c"
 Parameters:    Size  Location     Type
		None
 Auto vars:     Size  Location     Type
		None
 Return value:  Size  Location     Type
                  1    wreg      void 
 Registers used:
		status,2
 Tracked objects:
		On entry : 
		On exit  : 
		Unchanged: 
 Data sizes:     COMMON   BANK0   BANK1   BANK3   BANK2
      Params:         0       0       0       0       0
      Locals:         0       0       0       0       0
      Temps:          0       0       0       0       0
      Totals:         0       0       0       0       0
Total ram usage:        0 bytes
 Hardware stack levels used:    1
 This function calls:
		Nothing
 This function is called by:
		_main
 This function uses a non-reentrant model


 *************** function _Update_Current_Date_Time *****************
 Defined at:
		line 229 in file "Proyecto1_master.c"
 Parameters:    Size  Location     Type
		None
 Auto vars:     Size  Location     Type
		None
 Return value:  Size  Location     Type
                  1    wreg      void 
 Registers used:
		wreg, status,2, status,0, pclath, cstack
 Tracked objects:
		On entry : 
		On exit  : 
		Unchanged: 
 Data sizes:     COMMON   BANK0   BANK1   BANK3   BANK2
      Params:         0       0       0       0       0
      Locals:         0       0       0       0       0
      Temps:          0       0       0       0       0
      Totals:         0       0       0       0       0
Total ram usage:        0 bytes
 Hardware stack levels used:    1
 Hardware stack levels required when called:    2
 This function calls:
		_BCD_2_DEC
		_I2C_Master_Read
		_I2C_Master_Start
		_I2C_Master_Stop
		_I2C_Master_Write
 This function is called by:
		_main
 This function uses a non-reentrant model


 *************** function _I2C_Master_Read *****************
 Defined at:
		line 71 in file "I2C.c"
 Parameters:    Size  Location     Type
  a               2    0[COMMON] unsigned short 
 Auto vars:     Size  Location     Type
  temp            2    4[COMMON] unsigned short 
 Return value:  Size  Location     Type
                  2    0[COMMON] unsigned short 
 Registers used:
		wreg, status,2, status,0, pclath, cstack
 Tracked objects:
		On entry : 
		On exit  : 
		Unchanged: 
 Data sizes:     COMMON   BANK0   BANK1   BANK3   BANK2
      Params:         2       0       0       0       0
      Locals:         2       0       0       0       0
      Temps:          2       0       0       0       0
      Totals:         6       0       0       0       0
Total ram usage:        6 bytes
 Hardware stack levels used:    1
 Hardware stack levels required when called:    1
 This function calls:
		_I2C_Master_Wait
 This function is called by:
		_Update_Current_Date_Time
 This function uses a non-reentrant model


 *************** function _BCD_2_DEC *****************
 Defined at:
		line 161 in file "Proyecto1_master.c"
 Parameters:    Size  Location     Type
  to_convert      2    6[COMMON] int 
 Auto vars:     Size  Location     Type
		None
 Return value:  Size  Location     Type
                  2    6[COMMON] int 
 Registers used:
		wreg, status,2, status,0, pclath, cstack
 Tracked objects:
		On entry : 
		On exit  : 
		Unchanged: 
 Data sizes:     COMMON   BANK0   BANK1   BANK3   BANK2
      Params:         2       0       0       0       0
      Locals:         0       0       0       0       0
      Temps:          2       0       0       0       0
      Totals:         4       0       0       0       0
Total ram usage:        4 bytes
 Hardware stack levels used:    1
 Hardware stack levels required when called:    1
 This function calls:
		___wmul
 This function is called by:
		_Update_Current_Date_Time
 This function uses a non-reentrant model


 *************** function ___wmul *****************
 Defined at:
		line 15 in file "C:\Program Files (x86)\Microchip\xc8\v2.00\pic\sources\c90\common\Umul16.c"
 Parameters:    Size  Location     Type
  multiplier      2    0[COMMON] unsigned int 
  multiplicand    2    2[COMMON] unsigned int 
 Auto vars:     Size  Location     Type
  product         2    4[COMMON] unsigned int 
 Return value:  Size  Location     Type
                  2    0[COMMON] unsigned int 
 Registers used:
		wreg, status,2, status,0
 Tracked objects:
		On entry : 
		On exit  : 
		Unchanged: 
 Data sizes:     COMMON   BANK0   BANK1   BANK3   BANK2
      Params:         4       0       0       0       0
      Locals:         2       0       0       0       0
      Temps:          0       0       0       0       0
      Totals:         6       0       0       0       0
Total ram usage:        6 bytes
 Hardware stack levels used:    1
 This function calls:
		Nothing
 This function is called by:
		_BCD_2_DEC
 This function uses a non-reentrant model


 *************** function _Set_Time_Date *****************
 Defined at:
		line 172 in file "Proyecto1_master.c"
 Parameters:    Size  Location     Type
		None
 Auto vars:     Size  Location     Type
		None
 Return value:  Size  Location     Type
                  1    wreg      void 
 Registers used:
		wreg, status,2, status,0, pclath, cstack
 Tracked objects:
		On entry : 
		On exit  : 
		Unchanged: 
 Data sizes:     COMMON   BANK0   BANK1   BANK3   BANK2
      Params:         0       0       0       0       0
      Locals:         0       0       0       0       0
      Temps:          0       0       0       0       0
      Totals:         0       0       0       0       0
Total ram usage:        0 bytes
 Hardware stack levels used:    1
 Hardware stack levels required when called:    2
 This function calls:
		_DEC_2_BCD
		_I2C_Master_Start
		_I2C_Master_Stop
		_I2C_Master_Write
 This function is called by:
		_main
 This function uses a non-reentrant model


 *************** function _I2C_Master_Write *****************
 Defined at:
		line 62 in file "I2C.c"
 Parameters:    Size  Location     Type
  d               2    0[BANK0 ] unsigned int 
 Auto vars:     Size  Location     Type
		None
 Return value:  Size  Location     Type
                  1    wreg      void 
 Registers used:
		wreg, status,2, status,0, pclath, cstack
 Tracked objects:
		On entry : 
		On exit  : 
		Unchanged: 
 Data sizes:     COMMON   BANK0   BANK1   BANK3   BANK2
      Params:         0       2       0       0       0
      Locals:         0       0       0       0       0
      Temps:          0       0       0       0       0
      Totals:         0       2       0       0       0
Total ram usage:        2 bytes
 Hardware stack levels used:    1
 Hardware stack levels required when called:    1
 This function calls:
		_I2C_Master_Wait
 This function is called by:
		_Set_Time_Date
		_Update_Current_Date_Time
 This function uses a non-reentrant model


 *************** function _I2C_Master_Stop *****************
 Defined at:
		line 52 in file "I2C.c"
 Parameters:    Size  Location     Type
		None
 Auto vars:     Size  Location     Type
		None
 Return value:  Size  Location     Type
                  1    wreg      void 
 Registers used:
		wreg, status,2, status,0, pclath, cstack
 Tracked objects:
		On entry : 
		On exit  : 
		Unchanged: 
 Data sizes:     COMMON   BANK0   BANK1   BANK3   BANK2
      Params:         0       0       0       0       0
      Locals:         0       0       0       0       0
      Temps:          0       0       0       0       0
      Totals:         0       0       0       0       0
Total ram usage:        0 bytes
 Hardware stack levels used:    1
 Hardware stack levels required when called:    1
 This function calls:
		_I2C_Master_Wait
 This function is called by:
		_Set_Time_Date
		_Update_Current_Date_Time
 This function uses a non-reentrant model


 *************** function _I2C_Master_Start *****************
 Defined at:
		line 36 in file "I2C.c"
 Parameters:    Size  Location     Type
		None
 Auto vars:     Size  Location     Type
		None
 Return value:  Size  Location     Type
                  1    wreg      void 
 Registers used:
		wreg, status,2, status,0, pclath, cstack
 Tracked objects:
		On entry : 
		On exit  : 
		Unchanged: 
 Data sizes:     COMMON   BANK0   BANK1   BANK3   BANK2
      Params:         0       0       0       0       0
      Locals:         0       0       0       0       0
      Temps:          0       0       0       0       0
      Totals:         0       0       0       0       0
Total ram usage:        0 bytes
 Hardware stack levels used:    1
 Hardware stack levels required when called:    1
 This function calls:
		_I2C_Master_Wait
 This function is called by:
		_Set_Time_Date
		_Update_Current_Date_Time
 This function uses a non-reentrant model


 *************** function _I2C_Master_Wait *****************
 Defined at:
		line 29 in file "I2C.c"
 Parameters:    Size  Location     Type
		None
 Auto vars:     Size  Location     Type
		None
 Return value:  Size  Location     Type
                  1    wreg      void 
 Registers used:
		wreg, status,2
 Tracked objects:
		On entry : 
		On exit  : 
		Unchanged: 
 Data sizes:     COMMON   BANK0   BANK1   BANK3   BANK2
      Params:         0       0       0       0       0
      Locals:         0       0       0       0       0
      Temps:          0       0       0       0       0
      Totals:         0       0       0       0       0
Total ram usage:        0 bytes
 Hardware stack levels used:    1
 This function calls:
		Nothing
 This function is called by:
		_I2C_Master_Start
		_I2C_Master_Stop
		_I2C_Master_Write
		_I2C_Master_Read
		_I2C_Master_RepeatedStart
 This function uses a non-reentrant model


 *************** function _DEC_2_BCD *****************
 Defined at:
		line 166 in file "Proyecto1_master.c"
 Parameters:    Size  Location     Type
  to_convert      2    9[COMMON] int 
 Auto vars:     Size  Location     Type
		None
 Return value:  Size  Location     Type
                  2    9[COMMON] int 
 Registers used:
		wreg, status,2, status,0, pclath, cstack
 Tracked objects:
		On entry : 
		On exit  : 
		Unchanged: 
 Data sizes:     COMMON   BANK0   BANK1   BANK3   BANK2
      Params:         2       0       0       0       0
      Locals:         0       0       0       0       0
      Temps:          2       0       0       0       0
      Totals:         4       0       0       0       0
Total ram usage:        4 bytes
 Hardware stack levels used:    1
 Hardware stack levels required when called:    1
 This function calls:
		___awdiv
		___awmod
 This function is called by:
		_Set_Time_Date
 This function uses a non-reentrant model


 *************** function ___awmod *****************
 Defined at:
		line 5 in file "C:\Program Files (x86)\Microchip\xc8\v2.00\pic\sources\c90\common\awmod.c"
 Parameters:    Size  Location     Type
  divisor         2    0[COMMON] int 
  dividend        2    2[COMMON] int 
 Auto vars:     Size  Location     Type
  sign            1    6[COMMON] unsigned char 
  counter         1    5[COMMON] unsigned char 
 Return value:  Size  Location     Type
                  2    0[COMMON] int 
 Registers used:
		wreg, status,2, status,0
 Tracked objects:
		On entry : 
		On exit  : 
		Unchanged: 
 Data sizes:     COMMON   BANK0   BANK1   BANK3   BANK2
      Params:         4       0       0       0       0
      Locals:         2       0       0       0       0
      Temps:          1       0       0       0       0
      Totals:         7       0       0       0       0
Total ram usage:        7 bytes
 Hardware stack levels used:    1
 This function calls:
		Nothing
 This function is called by:
		_separa_digitos_rtc
		_DEC_2_BCD
 This function uses a non-reentrant model


 *************** function ___awdiv *****************
 Defined at:
		line 5 in file "C:\Program Files (x86)\Microchip\xc8\v2.00\pic\sources\c90\common\awdiv.c"
 Parameters:    Size  Location     Type
  divisor         2    0[COMMON] int 
  dividend        2    2[COMMON] int 
 Auto vars:     Size  Location     Type
  quotient        2    7[COMMON] int 
  sign            1    6[COMMON] unsigned char 
  counter         1    5[COMMON] unsigned char 
 Return value:  Size  Location     Type
                  2    0[COMMON] int 
 Registers used:
		wreg, status,2, status,0
 Tracked objects:
		On entry : 
		On exit  : 
		Unchanged: 
 Data sizes:     COMMON   BANK0   BANK1   BANK3   BANK2
      Params:         4       0       0       0       0
      Locals:         4       0       0       0       0
      Temps:          1       0       0       0       0
      Totals:         9       0       0       0       0
Total ram usage:        9 bytes
 Hardware stack levels used:    1
 This function calls:
		Nothing
 This function is called by:
		_separa_digitos_rtc
		_DEC_2_BCD
 This function uses a non-reentrant model


 *************** function _I2C_Master_Init *****************
 Defined at:
		line 13 in file "I2C.c"
 Parameters:    Size  Location     Type
  c               4    0[BANK0 ] const unsigned long 
 Auto vars:     Size  Location     Type
		None
 Return value:  Size  Location     Type
                  1    wreg      void 
 Registers used:
		wreg, status,2, status,0, pclath, cstack
 Tracked objects:
		On entry : 
		On exit  : 
		Unchanged: 
 Data sizes:     COMMON   BANK0   BANK1   BANK3   BANK2
      Params:         0       4       0       0       0
      Locals:         0       0       0       0       0
      Temps:          0       4       0       0       0
      Totals:         0       8       0       0       0
Total ram usage:        8 bytes
 Hardware stack levels used:    1
 Hardware stack levels required when called:    1
 This function calls:
		___lldiv
 This function is called by:
		_main
 This function uses a non-reentrant model


 *************** function ___lldiv *****************
 Defined at:
		line 5 in file "C:\Program Files (x86)\Microchip\xc8\v2.00\pic\sources\c90\common\__lldiv.c"
 Parameters:    Size  Location     Type
  divisor         4    0[COMMON] unsigned long 
  dividend        4    4[COMMON] unsigned long 
 Auto vars:     Size  Location     Type
  quotient        4    9[COMMON] unsigned long 
  counter         1   13[COMMON] unsigned char 
 Return value:  Size  Location     Type
                  4    0[COMMON] unsigned long 
 Registers used:
		wreg, status,2, status,0
 Tracked objects:
		On entry : 
		On exit  : 
		Unchanged: 
 Data sizes:     COMMON   BANK0   BANK1   BANK3   BANK2
      Params:         8       0       0       0       0
      Locals:         5       0       0       0       0
      Temps:          1       0       0       0       0
      Totals:        14       0       0       0       0
Total ram usage:       14 bytes
 Hardware stack levels used:    1
 This function calls:
		Nothing
 This function is called by:
		_I2C_Master_Init
 This function uses a non-reentrant model



MODULE INFORMATION

Module		Function		Class		Link	Load	Size
C:\Program Files (x86)\Microchip\xc8\v2.00\pic\sources\c90\common\awmod.c
		___awmod       		CODE           	030F	0000	100

C:\Program Files (x86)\Microchip\xc8\v2.00\pic\sources\c90\common\awmod.c estimated size: 100

C:\Program Files (x86)\Microchip\xc8\v2.00\pic\sources\c90\common\Umul16.c
		___wmul        		CODE           	016F	0000	41

C:\Program Files (x86)\Microchip\xc8\v2.00\pic\sources\c90\common\Umul16.c estimated size: 41

I2C.c
		_I2C_Master_Read		CODE           	0197	0000	48
		_I2C_Master_Wait		CODE           	009D	0000	16
		_I2C_Master_Init		CODE           	01F7	0000	57
		_I2C_Master_Stop		CODE           	007E	0000	10
		_I2C_Master_Write		CODE           	0087	0000	11
		_I2C_Master_Start		CODE           	0075	0000	10

I2C.c estimated size: 152

C:\Program Files (x86)\Microchip\xc8\v2.00\pic\sources\c90\common\__lldiv.c
		___lldiv       		CODE           	0372	0000	110

C:\Program Files (x86)\Microchip\xc8\v2.00\pic\sources\c90\common\__lldiv.c estimated size: 110

oscilador.c
		_initOsci4MHZ  		CODE           	0066	0000	8

oscilador.c estimated size: 8

C:\Program Files (x86)\Microchip\xc8\v2.00\pic\sources\c90\common\awdiv.c
		___awdiv       		CODE           	03DF	0000	114

C:\Program Files (x86)\Microchip\xc8\v2.00\pic\sources\c90\common\awdiv.c estimated size: 114

shared
		__stringtab    		STRING         	0003	0000	7
		__initialization		CODE           	07E6	0000	23

shared estimated size: 30

Proyecto1_master.c
		_DEC_2_BCD     		CODE           	01C6	0000	50
		_main          		CODE           	026E	0000	77
		_BCD_2_DEC     		CODE           	0122	0000	39
		_separa_digitos_rtc		CODE           	0598	0000	232
		_configPorts   		CODE           	00AC	0000	18
		_Update_Current_Date_Time		CODE           	067F	0000	360
		_Set_Time_Date 		CODE           	04E9	0000	176
		_mostrar_lcd   		CODE           	0450	0000	154

Proyecto1_master.c estimated size: 1106

LCD.c
		_lcd_write_char		CODE           	00EA	0000	27
		_lcd_cmd       		CODE           	00D0	0000	27
		_lcd_set_cursor		CODE           	0104	0000	31
		_lcd_port      		CODE           	022F	0000	64
		_lcd_write_string		CODE           	0148	0000	40
		_lcd_init      		CODE           	02BA	0000	86

LCD.c estimated size: 275

