Microchip MPLAB XC8 Compiler V2.00 ()

Linker command line:

-W-3 --edf=C:\Program Files (x86)\Microchip\xc8\v2.00\pic\dat\en_msgs.txt \
  -cs -h+dist/default/production\Proyecto1_master.X.production.sym \
  --cmf=dist/default/production\Proyecto1_master.X.production.cmf -z \
  -Q16F887 -oC:\Users\JOSPEL~1\AppData\Local\Temp\spq8.2 \
  --defsym=__MPLAB_BUILD=1 \
  -Mdist/default/production/Proyecto1_master.X.production.map -E1 -ver=XC8 \
  --acfsm=1493 -ASTACK=0110h-016fh -pstack=STACK -ACODE=00h-07FFhx4 \
  -ASTRCODE=00h-01FFFh -ASTRING=00h-0FFhx32 -ACONST=00h-0FFhx32 \
  -AENTRY=00h-0FFhx32 -ACOMMON=070h-07Fh -ABANK0=020h-06Fh \
  -ABANK1=0A0h-0EFh -ABANK2=0110h-016Fh -ABANK3=0190h-01EFh \
  -ARAM=020h-06Fh,0A0h-0EFh,0110h-016Fh,0190h-01EFh \
  -AABS1=020h-07Fh,0A0h-0EFh,0110h-016Fh,0190h-01EFh -ASFR0=00h-01Fh \
  -ASFR1=080h-09Fh -ASFR2=0100h-010Fh -ASFR3=0180h-018Fh \
  -preset_vec=00h,intentry=04h,init,end_init -ppowerup=CODE -pcinit=CODE \
  -pfunctab=ENTRY -ACONFIG=02007h-02008h -pconfig=CONFIG -DCONFIG=2 \
  -AIDLOC=02000h-02003h -pidloc=IDLOC -DIDLOC=2 -AEEDATA=00h-0FFh/02100h \
  -peeprom_data=EEDATA -DEEDATA=2 -DCODE=2 -DSTRCODE=2 -DSTRING=2 -DCONST=2 \
  -DENTRY=2 -k C:\Users\JOSPEL~1\AppData\Local\Temp\spq8.o \
  dist/default/production\Proyecto1_master.X.production.o 

Object code version is 3.11

Machine type is 16F887



                Name                               Link     Load   Length Selector   Space Scale
C:\Users\JOSPEL~1\AppData\Local\Temp\spq8.o
                end_init                              C        C        3        8       0
                reset_vec                             0        0        3        0       0
                config                             2007     2007        2     400E       0
dist/default/production\Proyecto1_master.X.production.o
                cinit                                 F        F       27        8       0
                intentry                              4        4        8        8       0
                text36                              6DE      6DE       3F        8       0
                text35                              DCC      DCC       1A     1B98       0
                text34                              D4C      D4C        7     1A98       0
                text33                              F0F      F0F       2D     1E1E       0
                text32                              5AD      5AD       6F        8       0
                text31                              795      795       3A      F2A       0
                text30                              53A      53A       73        8       0
                text29                              61C      61C       65        8       0
                text28                              FC9      FC9       37     1F92       0
                text27                              D97      D97        F     1B2E       0
                text26                              D71      D71        9     1AE2       0
                text25                              D7A      D7A        9     1AF4       0
                text24                              D83      D83        A     1B06       0
                text23                              353      353       AF        8       0
                text22                              E90      E90       2A     1D20       0
                text21                              EBA      EBA       2A     1D74       0
                text20                              F96      F96       33     1F2C       0
                text19                               36       36      183        8       0
                text18                              E40      E40       27     1C80       0
                text17                              E67      E67       29     1CCE       0
                text16                              71D      71D       3D        8       0
                text15                              DE6      DE6       1C     1BCC       0
                text14                              E1E      E1E       22     1C3C       0
                text13                              E02      E02       1C     1C04       0
                text12                              EE4      EE4       2B     1DC8       0
                text11                              402      402       9D        8       0
                text10                              1B9      1B9       E7        8       0
                text9                               2A0      2A0       B3        8       0
                text8                               D61      D61        8     1AC2       0
                text7                               DA6      DA6       13     1B4C       0
                text6                               D53      D53        7     1AA6       0
                text5                               D5A      D5A        7     1AB4       0
                text4                               681      681       5D        8       0
                text3                               F3C      F3C       2D     1E78       0
                text2                               F69      F69       2D     1ED2       0
                text1                               7CF      7CF       2D      F2A       0
                maintext                            49F      49F       9B        8       0
                cstackBANK0                          38       38       18       20       1
                cstackCOMMON                         70       70        9       70       1
                clrtext                             D69      D69        8     1AD2       0
                inittext                            DB9      DB9       13     1B72       0
                dataBANK0                            50       50        A       20       1
                bssBANK0                             20       20       18       20       1
                dataCOMMON                           79       79        2       70       1
                bssCOMMON                            7B       7B        1       70       1
                strings                             75A      75A       3B      EB4       0
                idataBANK0                          D8D      D8D        A     1B1A       0
                idataCOMMON                         7FC      7FC        2      F2A       0

TOTAL           Name                               Link     Load   Length     Space
        CLASS   STACK          

        CLASS   CODE           
                end_init                              C        C        3         0
                cinit                                 F        F       27         0
                intentry                              4        4        8         0
                reset_vec                             0        0        3         0
                text36                              6DE      6DE       3F         0
                text35                              DCC      DCC       1A         0
                text34                              D4C      D4C        7         0
                text33                              F0F      F0F       2D         0
                text32                              5AD      5AD       6F         0
                text31                              795      795       3A         0
                text30                              53A      53A       73         0
                text29                              61C      61C       65         0
                text28                              FC9      FC9       37         0
                text27                              D97      D97        F         0
                text26                              D71      D71        9         0
                text25                              D7A      D7A        9         0
                text24                              D83      D83        A         0
                text23                              353      353       AF         0
                text22                              E90      E90       2A         0
                text21                              EBA      EBA       2A         0
                text20                              F96      F96       33         0
                text19                               36       36      183         0
                text18                              E40      E40       27         0
                text17                              E67      E67       29         0
                text16                              71D      71D       3D         0
                text15                              DE6      DE6       1C         0
                text14                              E1E      E1E       22         0
                text13                              E02      E02       1C         0
                text12                              EE4      EE4       2B         0
                text11                              402      402       9D         0
                text10                              1B9      1B9       E7         0
                text9                               2A0      2A0       B3         0
                text8                               D61      D61        8         0
                text7                               DA6      DA6       13         0
                text6                               D53      D53        7         0
                text5                               D5A      D5A        7         0
                text4                               681      681       5D         0
                text3                               F3C      F3C       2D         0
                text2                               F69      F69       2D         0
                text1                               7CF      7CF       2D         0
                maintext                            49F      49F       9B         0
                clrtext                             D69      D69        8         0
                inittext                            DB9      DB9       13         0
                idataBANK0                          D8D      D8D        A         0
                idataCOMMON                         7FC      7FC        2         0

        CLASS   STRCODE        

        CLASS   STRING         
                strings                             75A      75A       3B         0

        CLASS   CONST          

        CLASS   ENTRY          

        CLASS   COMMON         
                cstackCOMMON                         70       70        9         1
                dataCOMMON                           79       79        2         1
                bssCOMMON                            7B       7B        1         1

        CLASS   BANK0          
                cstackBANK0                          38       38       18         1
                dataBANK0                            50       50        A         1
                bssBANK0                             20       20       18         1

        CLASS   BANK1          

        CLASS   BANK2          

        CLASS   BANK3          

        CLASS   RAM            

        CLASS   ABS1           
                abs_s1                               7E       7E        2         1

        CLASS   SFR0           

        CLASS   SFR1           

        CLASS   SFR2           

        CLASS   SFR3           

        CLASS   CONFIG         
                config                             2007     2007        2         0

        CLASS   IDLOC          

        CLASS   EEDATA         



SEGMENTS        Name                           Load    Length   Top    Selector   Space  Class     Delta

                reset_vec                      000000  000003  000003         0       0  CODE        2
                intentry                       000004  000756  00075A         8       0  CODE        2
                bssBANK0                       000020  00003A  00005A        20       1  BANK0       1
                cstackCOMMON                   000070  00000C  00007C        70       1  COMMON      1
                strings                        00075A  00003B  000795       EB4       0  STRING      2
                text31                         000795  000069  0007FE       F2A       0  CODE        2
                text34                         000D4C  000007  000D53      1A98       0  CODE        2
                text6                          000D53  000007  000D5A      1AA6       0  CODE        2
                text5                          000D5A  000007  000D61      1AB4       0  CODE        2
                text8                          000D61  000008  000D69      1AC2       0  CODE        2
                clrtext                        000D69  000008  000D71      1AD2       0  CODE        2
                text26                         000D71  000009  000D7A      1AE2       0  CODE        2
                text25                         000D7A  000009  000D83      1AF4       0  CODE        2
                text24                         000D83  00000A  000D8D      1B06       0  CODE        2
                idataBANK0                     000D8D  00000A  000D97      1B1A       0  CODE        2
                text27                         000D97  00000F  000DA6      1B2E       0  CODE        2
                text7                          000DA6  000013  000DB9      1B4C       0  CODE        2
                inittext                       000DB9  000013  000DCC      1B72       0  CODE        2
                text35                         000DCC  00001A  000DE6      1B98       0  CODE        2
                text15                         000DE6  00001C  000E02      1BCC       0  CODE        2
                text13                         000E02  00001C  000E1E      1C04       0  CODE        2
                text14                         000E1E  000022  000E40      1C3C       0  CODE        2
                text18                         000E40  000027  000E67      1C80       0  CODE        2
                text17                         000E67  000029  000E90      1CCE       0  CODE        2
                text22                         000E90  00002A  000EBA      1D20       0  CODE        2
                text21                         000EBA  00002A  000EE4      1D74       0  CODE        2
                text12                         000EE4  00002B  000F0F      1DC8       0  CODE        2
                text33                         000F0F  00002D  000F3C      1E1E       0  CODE        2
                text3                          000F3C  00002D  000F69      1E78       0  CODE        2
                text2                          000F69  00002D  000F96      1ED2       0  CODE        2
                text20                         000F96  000033  000FC9      1F2C       0  CODE        2
                text28                         000FC9  000037  001000      1F92       0  CODE        2
                config                         002007  000002  002009      400E       0  CONFIG      2


UNUSED ADDRESS RANGES

        Name                Unused          Largest block    Delta
        BANK0            005A-006F             16           1
        BANK1            00A0-00EF             50           1
        BANK2            0110-016F             60           1
        BANK3            0190-01EF             60           1
        CODE             0003-0003              1           2
                         07FE-0D4B              2
                         1000-1FFF            800
        COMMON           007C-007D              2           1
        CONST            0003-0003              1           2
                         07FE-0D4B            100
                         1000-1FFF            100
        EEDATA           2100-21FF            100           2
        ENTRY            0003-0003              1           2
                         07FE-0D4B            100
                         1000-1FFF            100
        IDLOC            2000-2003              4           2
        RAM              005A-006F             16           1
                         00A0-00EF             50
                         0110-016F             60
                         0190-01EF             60
        SFR0             0000-001F             20           1
        SFR1             0080-009F             20           1
        SFR2             0100-010F             10           1
        SFR3             0180-018F             10           1
        STACK            0110-016F             60           1
        STRCODE          0003-0003              1           2
                         07FE-0D4B            54E
                         1000-1FFF           1000
        STRING           0003-0003              1           2
                         07FE-0D4B            100
                         1000-1FFF            100

                                  Symbol Table

?_BCD_2_DEC                        cstackBANK0  003E
?_DEC_2_BCD                        cstackBANK0  0041
?_I2C_Master_Read                  cstackBANK0  0038
?___awdiv                          cstackBANK0  0038
?___awmod                          cstackBANK0  0038
?___lldiv                          cstackBANK0  0038
?___wmul                           cstackBANK0  0038
BCD_2_DEC@to_convert               cstackBANK0  003E
DEC_2_BCD@to_convert               cstackBANK0  0041
I2C_Master_Init@c                  cstackBANK0  0046
I2C_Master_Read@a                  cstackBANK0  0038
I2C_Master_Read@temp               cstackBANK0  003C
I2C_Master_Write@d                 cstackBANK0  0045
_ANSEL                             (abs)        0188
_ANSELH                            (abs)        0189
_AR1                               bssCOMMON    007B
_BCD_2_DEC                         text21       0EBA
_DEC_2_BCD                         text28       0FC9
_GIE                               (abs)        005F
_I2C_Master_Init                   text31       0795
_I2C_Master_Read                   text20       0F96
_I2C_Master_Start                  text26       0D71
_I2C_Master_Stop                   text25       0D7A
_I2C_Master_Wait                   text27       0D97
_I2C_Master_Write                  text24       0D83
_INTCONbits                        (abs)        000B
_IOCBbits                          (abs)        0096
_OSCCONbits                        (abs)        008F
_PEIE                              (abs)        005E
_PORTA                             (abs)        0005
_PORTB                             (abs)        0006
_PORTBbits                         (abs)        0006
_PORTD                             (abs)        0008
_PORTDbits                         (abs)        0008
_PORTE                             (abs)        0009
_RA0                               (abs)        0028
_RA1                               (abs)        0029
_RA2                               (abs)        002A
_RA3                               (abs)        002B
_RA4                               (abs)        002C
_RA5                               (abs)        002D
_RA6                               (abs)        002E
_RA7                               (abs)        002F
_RB7                               (abs)        0037
_RD7                               (abs)        0047
_SSPADD                            (abs)        0093
_SSPBUF                            (abs)        0013
_SSPCON                            (abs)        0014
_SSPCON2                           (abs)        0091
_SSPCON2bits                       (abs)        0091
_SSPIE                             (abs)        0463
_SSPIF                             (abs)        0063
_SSPSTAT                           (abs)        0094
_Set_Time_Date                     text23       0353
_TRISA                             (abs)        0085
_TRISB                             (abs)        0086
_TRISC3                            (abs)        043B
_TRISC4                            (abs)        043C
_TRISCbits                         (abs)        0087
_TRISD                             (abs)        0088
_TRISE                             (abs)        0089
_Update_Current_Date_Time          text19       0036
__CFG_BOR4V$BOR40V                 (abs)        0000
__CFG_BOREN$OFF                    (abs)        0000
__CFG_CP$OFF                       (abs)        0000
__CFG_CPD$OFF                      (abs)        0000
__CFG_FCMEN$OFF                    (abs)        0000
__CFG_FOSC$INTRC_NOCLKOUT          (abs)        0000
__CFG_IESO$OFF                     (abs)        0000
__CFG_LVP$OFF                      (abs)        0000
__CFG_MCLRE$OFF                    (abs)        0000
__CFG_PWRTE$OFF                    (abs)        0000
__CFG_WDTE$OFF                     (abs)        0000
__CFG_WRT$OFF                      (abs)        0000
__Habs1                            abs1         0000
__Hbank0                           bank0        0000
__Hbank1                           bank1        0000
__Hbank2                           bank2        0000
__Hbank3                           bank3        0000
__HbssBANK0                        bssBANK0     0000
__HbssCOMMON                       bssCOMMON    0000
__Hcinit                           cinit        0036
__Hclrtext                         clrtext      0000
__Hcode                            code         0000
__Hcommon                          common       0000
__Hconfig                          config       2009
__HcstackBANK0                     cstackBANK0  0000
__HcstackCOMMON                    cstackCOMMON 0000
__HdataBANK0                       dataBANK0    0000
__HdataCOMMON                      dataCOMMON   0000
__Heeprom_data                     eeprom_data  0000
__Hend_init                        end_init     000F
__Hfunctab                         functab      0000
__HidataBANK0                      idataBANK0   0000
__HidataCOMMON                     idataCOMMON  0000
__Hidloc                           idloc        0000
__Hinit                            init         000C
__Hinittext                        inittext     0000
__Hintentry                        intentry     000C
__Hmaintext                        maintext     0000
__Hpowerup                         powerup      0000
__Hram                             ram          0000
__Hreset_vec                       reset_vec    0003
__Hsfr0                            sfr0         0000
__Hsfr1                            sfr1         0000
__Hsfr2                            sfr2         0000
__Hsfr3                            sfr3         0000
__Hspace_0                         (abs)        2009
__Hspace_1                         (abs)        007C
__Hspace_2                         (abs)        0000
__Hspace_3                         (abs)        0000
__Hstack                           stack        0000
__Hstrings                         strings      0000
__Htext                            text         0000
__Labs1                            abs1         0000
__Lbank0                           bank0        0000
__Lbank1                           bank1        0000
__Lbank2                           bank2        0000
__Lbank3                           bank3        0000
__LbssBANK0                        bssBANK0     0000
__LbssCOMMON                       bssCOMMON    0000
__Lcinit                           cinit        000F
__Lclrtext                         clrtext      0000
__Lcode                            code         0000
__Lcommon                          common       0000
__Lconfig                          config       2007
__LcstackBANK0                     cstackBANK0  0000
__LcstackCOMMON                    cstackCOMMON 0000
__LdataBANK0                       dataBANK0    0000
__LdataCOMMON                      dataCOMMON   0000
__Leeprom_data                     eeprom_data  0000
__Lend_init                        end_init     000C
__Lfunctab                         functab      0000
__LidataBANK0                      idataBANK0   0000
__LidataCOMMON                     idataCOMMON  0000
__Lidloc                           idloc        0000
__Linit                            init         000C
__Linittext                        inittext     0000
__Lintentry                        intentry     0004
__Lmaintext                        maintext     0000
__Lpowerup                         powerup      0000
__Lram                             ram          0000
__Lreset_vec                       reset_vec    0000
__Lsfr0                            sfr0         0000
__Lsfr1                            sfr1         0000
__Lsfr2                            sfr2         0000
__Lsfr3                            sfr3         0000
__Lspace_0                         (abs)        0000
__Lspace_1                         (abs)        0000
__Lspace_2                         (abs)        0000
__Lspace_3                         (abs)        0000
__Lstack                           stack        0000
__Lstrings                         strings      0000
__Ltext                            text         0000
__S0                               (abs)        2009
__S1                               (abs)        007C
__S2                               (abs)        0000
__S3                               (abs)        0000
___awdiv                           text30       053A
___awdiv@counter                   cstackBANK0  003D
___awdiv@dividend                  cstackBANK0  003A
___awdiv@divisor                   cstackBANK0  0038
___awdiv@quotient                  cstackBANK0  003F
___awdiv@sign                      cstackBANK0  003E
___awmod                           text29       061C
___awmod@counter                   cstackBANK0  003D
___awmod@dividend                  cstackBANK0  003A
___awmod@divisor                   cstackBANK0  0038
___awmod@sign                      cstackBANK0  003E
___int_sp                          stack        0000
___latbits                         (abs)        0002
___lldiv                           text32       05AD
___lldiv@counter                   cstackBANK0  0045
___lldiv@dividend                  cstackBANK0  003C
___lldiv@divisor                   cstackBANK0  0038
___lldiv@quotient                  cstackBANK0  0041
___sp                              stack        0000
___wmul                            text22       0E90
___wmul@multiplicand               cstackBANK0  003A
___wmul@multiplier                 cstackBANK0  0038
___wmul@product                    cstackBANK0  003C
__end_of_BCD_2_DEC                 text21       0EE4
__end_of_DEC_2_BCD                 text28       1000
__end_of_I2C_Master_Init           text31       07CF
__end_of_I2C_Master_Read           text20       0FC9
__end_of_I2C_Master_Start          text26       0D7A
__end_of_I2C_Master_Stop           text25       0D83
__end_of_I2C_Master_Wait           text27       0DA6
__end_of_I2C_Master_Write          text24       0D8D
__end_of_Set_Time_Date             text23       0402
__end_of_Update_Current_Date_Time  text19       01B9
__end_of___awdiv                   text30       05AD
__end_of___awmod                   text29       0681
__end_of___lldiv                   text32       061C
__end_of___wmul                    text22       0EBA
__end_of__initialization           cinit        0032
__end_of__stringtab                strings      0760
__end_of_apagar_luces              text18       0E67
__end_of_boton_lcd                 text9        0353
__end_of_check_infrarrojo          text17       0E90
__end_of_configInterrupciones      text8        0D69
__end_of_configPorts               text7        0DB9
__end_of_initOsci8MHZ              text6        0D5A
__end_of_isr                       text33       0F3C
__end_of_lcd_clear                 text5        0D61
__end_of_lcd_cmd                   text15       0E02
__end_of_lcd_init                  text4        06DE
__end_of_lcd_port                  text16       075A
__end_of_lcd_set_cursor            text14       0E40
__end_of_lcd_write_char            text13       0E1E
__end_of_lcd_write_string          text12       0F0F
__end_of_main                      maintext     053A
__end_of_mostrar_lcd               text11       049F
__end_of_primera_llamada           text3        0F69
__end_of_segunda_llamada           text2        0F96
__end_of_separa_digitos_rtc        text10       02A0
__end_of_tercera_llamada           text1        07FC
__end_ofi1_lcd_clear               text34       0D53
__end_ofi1_lcd_cmd                 text35       0DE6
__end_ofi1_lcd_port                text36       071D
__initialization                   cinit        000F
__pbssBANK0                        bssBANK0     0020
__pbssCOMMON                       bssCOMMON    007B
__pcstackBANK0                     cstackBANK0  0038
__pcstackCOMMON                    cstackCOMMON 0070
__pdataBANK0                       dataBANK0    0050
__pdataCOMMON                      dataCOMMON   0079
__pidataBANK0                      idataBANK0   0D8D
__pidataCOMMON                     idataCOMMON  07FC
__pintentry                        intentry     0004
__pmaintext                        maintext     049F
__pstrings                         strings      075A
__ptext1                           text1        07CF
__ptext10                          text10       01B9
__ptext11                          text11       0402
__ptext12                          text12       0EE4
__ptext13                          text13       0E02
__ptext14                          text14       0E1E
__ptext15                          text15       0DE6
__ptext16                          text16       071D
__ptext17                          text17       0E67
__ptext18                          text18       0E40
__ptext19                          text19       0036
__ptext2                           text2        0F69
__ptext20                          text20       0F96
__ptext21                          text21       0EBA
__ptext22                          text22       0E90
__ptext23                          text23       0353
__ptext24                          text24       0D83
__ptext25                          text25       0D7A
__ptext26                          text26       0D71
__ptext27                          text27       0D97
__ptext28                          text28       0FC9
__ptext29                          text29       061C
__ptext3                           text3        0F3C
__ptext30                          text30       053A
__ptext31                          text31       0795
__ptext32                          text32       05AD
__ptext33                          text33       0F0F
__ptext34                          text34       0D4C
__ptext35                          text35       0DCC
__ptext36                          text36       06DE
__ptext4                           text4        0681
__ptext5                           text5        0D5A
__ptext6                           text6        0D53
__ptext7                           text7        0DA6
__ptext8                           text8        0D61
__ptext9                           text9        02A0
__size_of_BCD_2_DEC                (abs)        0000
__size_of_DEC_2_BCD                (abs)        0000
__size_of_I2C_Master_Init          (abs)        0000
__size_of_I2C_Master_Read          (abs)        0000
__size_of_I2C_Master_Start         (abs)        0000
__size_of_I2C_Master_Stop          (abs)        0000
__size_of_I2C_Master_Wait          (abs)        0000
__size_of_I2C_Master_Write         (abs)        0000
__size_of_Set_Time_Date            (abs)        0000
__size_of_Update_Current_Date_Time (abs)        0000
__size_of___awdiv                  (abs)        0000
__size_of___awmod                  (abs)        0000
__size_of___lldiv                  (abs)        0000
__size_of___wmul                   (abs)        0000
__size_of_apagar_luces             (abs)        0000
__size_of_boton_lcd                (abs)        0000
__size_of_check_infrarrojo         (abs)        0000
__size_of_configInterrupciones     (abs)        0000
__size_of_configPorts              (abs)        0000
__size_of_initOsci8MHZ             (abs)        0000
__size_of_isr                      (abs)        0000
__size_of_lcd_clear                (abs)        0000
__size_of_lcd_cmd                  (abs)        0000
__size_of_lcd_init                 (abs)        0000
__size_of_lcd_port                 (abs)        0000
__size_of_lcd_set_cursor           (abs)        0000
__size_of_lcd_write_char           (abs)        0000
__size_of_lcd_write_string         (abs)        0000
__size_of_main                     (abs)        0000
__size_of_mostrar_lcd              (abs)        0000
__size_of_primera_llamada          (abs)        0000
__size_of_segunda_llamada          (abs)        0000
__size_of_separa_digitos_rtc       (abs)        0000
__size_of_tercera_llamada          (abs)        0000
__size_ofi1_lcd_clear              (abs)        0000
__size_ofi1_lcd_cmd                (abs)        0000
__size_ofi1_lcd_port               (abs)        0000
__stringbase                       strings      075F
__stringtab                        strings      075A
_apagar_luces                      text18       0E40
_boton_lcd                         text9        02A0
_check_infrarrojo                  text17       0E67
_configInterrupciones              text8        0D61
_configPorts                       text7        0DA6
_date                              dataBANK0    0054
_date_0                            bssBANK0     0031
_date_1                            bssBANK0     0030
_hour                              dataBANK0    0056
_hour_0                            bssBANK0     0033
_hour_1                            bssBANK0     0032
_initOsci8MHZ                      text6        0D53
_isr                               text33       0F0F
_lcd_clear                         text5        0D5A
_lcd_cmd                           text15       0DE6
_lcd_init                          text4        0681
_lcd_port                          text16       071D
_lcd_set_cursor                    text14       0E1E
_lcd_write_char                    text13       0E02
_lcd_write_string                  text12       0EE4
_limpiar_lcd                       bssBANK0     002A
_main                              maintext     049F
_min                               dataBANK0    0058
_min_0                             bssBANK0     0035
_min_1                             bssBANK0     0034
_modo                              bssBANK0     002B
_month                             dataBANK0    0052
_month_0                           bssBANK0     002F
_month_1                           bssBANK0     002E
_mostrar_lcd                       text11       0402
_primera_llamada                   text3        0F3C
_s_humo                            bssBANK0     0027
_s_temblor                         bssBANK0     0026
_s_temperatura                     bssBANK0     0028
_sec                               bssBANK0     0024
_sec_0                             bssBANK0     0037
_sec_1                             bssBANK0     0036
_segunda_llamada                   text2        0F69
_sens                              bssBANK0     0029
_separa_digitos_rtc                text10       01B9
_tercera_llamada                   text1        07CF
_year                              dataBANK0    0050
_year_0                            bssBANK0     002D
_year_1                            bssBANK0     002C
apagar_luces@t                     cstackBANK0  003A
btemp                              (abs)        007E
clear_ram0                         clrtext      0D69
end_of_initialization              cinit        0032
i1_lcd_clear                       text34       0D4C
i1_lcd_cmd                         text35       0DCC
i1_lcd_port                        text36       06DE
i1lcd_cmd@a                        cstackCOMMON 0073
i1lcd_port@a                       cstackCOMMON 0070
init_fetch0                        inittext     0DB9
init_ram0                          inittext     0DBD
interrupt_function                 intentry     0004
intlevel0                          functab      0000
intlevel1                          functab      0000
intlevel2                          functab      0000
intlevel3                          functab      0000
intlevel4                          functab      0000
intlevel5                          functab      0000
lcd_cmd@a                          cstackBANK0  003B
lcd_port@a                         cstackBANK0  0038
lcd_set_cursor@a                   cstackBANK0  003D
lcd_set_cursor@b                   cstackBANK0  003C
lcd_write_char@a                   cstackBANK0  003B
lcd_write_string@a                 cstackBANK0  003E
lcd_write_string@i                 cstackBANK0  003C
primera_llamada@h                  cstackBANK0  003C
primera_llamada@m                  cstackBANK0  0038
primera_llamada@s                  cstackBANK0  0039
reset_vec                          reset_vec    0000
saved_w                            (abs)        007E
segunda_llamada@h                  cstackBANK0  003C
segunda_llamada@m                  cstackBANK0  0038
segunda_llamada@s                  cstackBANK0  0039
stackhi                            (abs)        0000
stacklo                            (abs)        0000
start                              init         000C
start_initialization               cinit        000F
tercera_llamada@h                  cstackBANK0  003C
tercera_llamada@m                  cstackBANK0  0038
tercera_llamada@s                  cstackBANK0  0039
wtemp0                             (abs)        007E


FUNCTION INFORMATION:

 *************** function _main *****************
 Defined at:
		line 104 in file "Proyecto1_master.c"
 Parameters:    Size  Location     Type
		None
 Auto vars:     Size  Location     Type
		None
 Return value:  Size  Location     Type
                  1    wreg      void 
 Registers used:
		wreg, fsr0l, fsr0h, status,2, status,0, pclath, cstack
 Tracked objects:
		On entry : 
		On exit  : 
		Unchanged: 
 Data sizes:     COMMON   BANK0   BANK1   BANK3   BANK2
      Params:         0       0       0       0       0
      Locals:         0       0       0       0       0
      Temps:          0       2       0       0       0
      Totals:         0       2       0       0       0
Total ram usage:        2 bytes
 Hardware stack levels required when called:    9
 This function calls:
		_I2C_Master_Init
		_Set_Time_Date
		_Update_Current_Date_Time
		_apagar_luces
		_boton_lcd
		_configInterrupciones
		_configPorts
		_initOsci8MHZ
		_lcd_clear
		_lcd_init
		_lcd_set_cursor
		_lcd_write_string
		_primera_llamada
		_segunda_llamada
		_tercera_llamada
 This function is called by:
		Startup code after reset
 This function uses a non-reentrant model


 *************** function _tercera_llamada *****************
 Defined at:
		line 241 in file "Proyecto1_master.c"
 Parameters:    Size  Location     Type
  h               1    wreg     unsigned char 
  m               1    0[BANK0 ] unsigned char 
  s               1    1[BANK0 ] unsigned char 
 Auto vars:     Size  Location     Type
  h               1    4[BANK0 ] unsigned char 
 Return value:  Size  Location     Type
                  1    wreg      void 
 Registers used:
		wreg
 Tracked objects:
		On entry : 
		On exit  : 
		Unchanged: 
 Data sizes:     COMMON   BANK0   BANK1   BANK3   BANK2
      Params:         0       2       0       0       0
      Locals:         0       1       0       0       0
      Temps:          0       2       0       0       0
      Totals:         0       5       0       0       0
Total ram usage:        5 bytes
 Hardware stack levels used:    1
 Hardware stack levels required when called:    4
 This function calls:
		Nothing
 This function is called by:
		_main
 This function uses a non-reentrant model


 *************** function _segunda_llamada *****************
 Defined at:
		line 233 in file "Proyecto1_master.c"
 Parameters:    Size  Location     Type
  h               1    wreg     unsigned char 
  m               1    0[BANK0 ] unsigned char 
  s               1    1[BANK0 ] unsigned char 
 Auto vars:     Size  Location     Type
  h               1    4[BANK0 ] unsigned char 
 Return value:  Size  Location     Type
                  1    wreg      void 
 Registers used:
		wreg
 Tracked objects:
		On entry : 
		On exit  : 
		Unchanged: 
 Data sizes:     COMMON   BANK0   BANK1   BANK3   BANK2
      Params:         0       2       0       0       0
      Locals:         0       1       0       0       0
      Temps:          0       2       0       0       0
      Totals:         0       5       0       0       0
Total ram usage:        5 bytes
 Hardware stack levels used:    1
 Hardware stack levels required when called:    4
 This function calls:
		Nothing
 This function is called by:
		_main
 This function uses a non-reentrant model


 *************** function _primera_llamada *****************
 Defined at:
		line 225 in file "Proyecto1_master.c"
 Parameters:    Size  Location     Type
  h               1    wreg     unsigned char 
  m               1    0[BANK0 ] unsigned char 
  s               1    1[BANK0 ] unsigned char 
 Auto vars:     Size  Location     Type
  h               1    4[BANK0 ] unsigned char 
 Return value:  Size  Location     Type
                  1    wreg      void 
 Registers used:
		wreg
 Tracked objects:
		On entry : 
		On exit  : 
		Unchanged: 
 Data sizes:     COMMON   BANK0   BANK1   BANK3   BANK2
      Params:         0       2       0       0       0
      Locals:         0       1       0       0       0
      Temps:          0       2       0       0       0
      Totals:         0       5       0       0       0
Total ram usage:        5 bytes
 Hardware stack levels used:    1
 Hardware stack levels required when called:    4
 This function calls:
		Nothing
 This function is called by:
		_main
 This function uses a non-reentrant model


 *************** function _lcd_init *****************
 Defined at:
		line 85 in file "LCD.c"
 Parameters:    Size  Location     Type
		None
 Auto vars:     Size  Location     Type
		None
 Return value:  Size  Location     Type
                  1    wreg      void 
 Registers used:
		wreg, status,2, status,0, pclath, cstack
 Tracked objects:
		On entry : 
		On exit  : 
		Unchanged: 
 Data sizes:     COMMON   BANK0   BANK1   BANK3   BANK2
      Params:         0       0       0       0       0
      Locals:         0       0       0       0       0
      Temps:          0       2       0       0       0
      Totals:         0       2       0       0       0
Total ram usage:        2 bytes
 Hardware stack levels used:    1
 Hardware stack levels required when called:    6
 This function calls:
		_lcd_cmd
		_lcd_port
 This function is called by:
		_main
 This function uses a non-reentrant model


 *************** function _lcd_clear *****************
 Defined at:
		line 105 in file "LCD.c"
 Parameters:    Size  Location     Type
		None
 Auto vars:     Size  Location     Type
		None
 Return value:  Size  Location     Type
                  1    wreg      void 
 Registers used:
		wreg, status,2, status,0, pclath, cstack
 Tracked objects:
		On entry : 
		On exit  : 
		Unchanged: 
 Data sizes:     COMMON   BANK0   BANK1   BANK3   BANK2
      Params:         0       0       0       0       0
      Locals:         0       0       0       0       0
      Temps:          0       0       0       0       0
      Totals:         0       0       0       0       0
Total ram usage:        0 bytes
 Hardware stack levels used:    1
 Hardware stack levels required when called:    6
 This function calls:
		_lcd_cmd
 This function is called by:
		_main
 This function uses a non-reentrant model


 *************** function _initOsci8MHZ *****************
 Defined at:
		line 58 in file "oscilador.c"
 Parameters:    Size  Location     Type
		None
 Auto vars:     Size  Location     Type
		None
 Return value:  Size  Location     Type
                  1    wreg      void 
 Registers used:
		None
 Tracked objects:
		On entry : 
		On exit  : 
		Unchanged: 
 Data sizes:     COMMON   BANK0   BANK1   BANK3   BANK2
      Params:         0       0       0       0       0
      Locals:         0       0       0       0       0
      Temps:          0       0       0       0       0
      Totals:         0       0       0       0       0
Total ram usage:        0 bytes
 Hardware stack levels used:    1
 Hardware stack levels required when called:    4
 This function calls:
		Nothing
 This function is called by:
		_main
 This function uses a non-reentrant model


 *************** function _configPorts *****************
 Defined at:
		line 259 in file "Proyecto1_master.c"
 Parameters:    Size  Location     Type
		None
 Auto vars:     Size  Location     Type
		None
 Return value:  Size  Location     Type
                  1    wreg      void 
 Registers used:
		wreg, status,2
 Tracked objects:
		On entry : 
		On exit  : 
		Unchanged: 
 Data sizes:     COMMON   BANK0   BANK1   BANK3   BANK2
      Params:         0       0       0       0       0
      Locals:         0       0       0       0       0
      Temps:          0       0       0       0       0
      Totals:         0       0       0       0       0
Total ram usage:        0 bytes
 Hardware stack levels used:    1
 Hardware stack levels required when called:    4
 This function calls:
		Nothing
 This function is called by:
		_main
 This function uses a non-reentrant model


 *************** function _configInterrupciones *****************
 Defined at:
		line 278 in file "Proyecto1_master.c"
 Parameters:    Size  Location     Type
		None
 Auto vars:     Size  Location     Type
		None
 Return value:  Size  Location     Type
                  1    wreg      void 
 Registers used:
		None
 Tracked objects:
		On entry : 
		On exit  : 
		Unchanged: 
 Data sizes:     COMMON   BANK0   BANK1   BANK3   BANK2
      Params:         0       0       0       0       0
      Locals:         0       0       0       0       0
      Temps:          0       0       0       0       0
      Totals:         0       0       0       0       0
Total ram usage:        0 bytes
 Hardware stack levels used:    1
 Hardware stack levels required when called:    4
 This function calls:
		Nothing
 This function is called by:
		_main
 This function uses a non-reentrant model


 *************** function _boton_lcd *****************
 Defined at:
		line 156 in file "Proyecto1_master.c"
 Parameters:    Size  Location     Type
		None
 Auto vars:     Size  Location     Type
		None
 Return value:  Size  Location     Type
                  1    wreg      void 
 Registers used:
		wreg, fsr0l, fsr0h, status,2, status,0, pclath, cstack
 Tracked objects:
		On entry : 
		On exit  : 
		Unchanged: 
 Data sizes:     COMMON   BANK0   BANK1   BANK3   BANK2
      Params:         0       0       0       0       0
      Locals:         0       0       0       0       0
      Temps:          0       0       0       0       0
      Totals:         0       0       0       0       0
Total ram usage:        0 bytes
 Hardware stack levels used:    1
 Hardware stack levels required when called:    8
 This function calls:
		_check_infrarrojo
		_lcd_set_cursor
		_lcd_write_char
		_lcd_write_string
		_mostrar_lcd
		_separa_digitos_rtc
 This function is called by:
		_main
 This function uses a non-reentrant model


 *************** function _separa_digitos_rtc *****************
 Defined at:
		line 186 in file "Proyecto1_master.c"
 Parameters:    Size  Location     Type
		None
 Auto vars:     Size  Location     Type
		None
 Return value:  Size  Location     Type
                  1    wreg      void 
 Registers used:
		wreg, status,2, status,0, pclath, cstack
 Tracked objects:
		On entry : 
		On exit  : 
		Unchanged: 
 Data sizes:     COMMON   BANK0   BANK1   BANK3   BANK2
      Params:         0       0       0       0       0
      Locals:         0       0       0       0       0
      Temps:          0       1       0       0       0
      Totals:         0       1       0       0       0
Total ram usage:        1 bytes
 Hardware stack levels used:    1
 Hardware stack levels required when called:    5
 This function calls:
		___awdiv
		___awmod
 This function is called by:
		_boton_lcd
 This function uses a non-reentrant model


 *************** function _mostrar_lcd *****************
 Defined at:
		line 202 in file "Proyecto1_master.c"
 Parameters:    Size  Location     Type
		None
 Auto vars:     Size  Location     Type
		None
 Return value:  Size  Location     Type
                  1    wreg      void 
 Registers used:
		wreg, fsr0l, fsr0h, status,2, status,0, pclath, cstack
 Tracked objects:
		On entry : 
		On exit  : 
		Unchanged: 
 Data sizes:     COMMON   BANK0   BANK1   BANK3   BANK2
      Params:         0       0       0       0       0
      Locals:         0       0       0       0       0
      Temps:          0       1       0       0       0
      Totals:         0       1       0       0       0
Total ram usage:        1 bytes
 Hardware stack levels used:    1
 Hardware stack levels required when called:    7
 This function calls:
		_lcd_set_cursor
		_lcd_write_char
		_lcd_write_string
 This function is called by:
		_boton_lcd
 This function uses a non-reentrant model


 *************** function _lcd_write_string *****************
 Defined at:
		line 131 in file "LCD.c"
 Parameters:    Size  Location     Type
  a               1    wreg     PTR unsigned char 
		 -> STR_12(2), STR_11(2), STR_10(2), STR_9(2), 
		 -> STR_8(9), STR_7(6), STR_6(13), STR_5(10), 
		 -> STR_4(6), STR_3(7), STR_2(6), STR_1(7), 
 Auto vars:     Size  Location     Type
  a               1    6[BANK0 ] PTR unsigned char 
		 -> STR_12(2), STR_11(2), STR_10(2), STR_9(2), 
		 -> STR_8(9), STR_7(6), STR_6(13), STR_5(10), 
		 -> STR_4(6), STR_3(7), STR_2(6), STR_1(7), 
  i               2    4[BANK0 ] int 
 Return value:  Size  Location     Type
                  1    wreg      void 
 Registers used:
		wreg, fsr0l, fsr0h, status,2, status,0, pclath, cstack
 Tracked objects:
		On entry : 
		On exit  : 
		Unchanged: 
 Data sizes:     COMMON   BANK0   BANK1   BANK3   BANK2
      Params:         0       0       0       0       0
      Locals:         0       3       0       0       0
      Temps:          0       0       0       0       0
      Totals:         0       3       0       0       0
Total ram usage:        3 bytes
 Hardware stack levels used:    1
 Hardware stack levels required when called:    6
 This function calls:
		_lcd_write_char
 This function is called by:
		_main
		_boton_lcd
		_mostrar_lcd
 This function uses a non-reentrant model


 *************** function _lcd_write_char *****************
 Defined at:
		line 121 in file "LCD.c"
 Parameters:    Size  Location     Type
  a               1    wreg     unsigned char 
 Auto vars:     Size  Location     Type
  a               1    3[BANK0 ] unsigned char 
 Return value:  Size  Location     Type
                  1    wreg      void 
 Registers used:
		wreg, status,2, status,0, pclath, cstack
 Tracked objects:
		On entry : 
		On exit  : 
		Unchanged: 
 Data sizes:     COMMON   BANK0   BANK1   BANK3   BANK2
      Params:         0       0       0       0       0
      Locals:         0       1       0       0       0
      Temps:          0       2       0       0       0
      Totals:         0       3       0       0       0
Total ram usage:        3 bytes
 Hardware stack levels used:    1
 Hardware stack levels required when called:    5
 This function calls:
		_lcd_port
 This function is called by:
		_boton_lcd
		_mostrar_lcd
		_lcd_write_string
 This function uses a non-reentrant model


 *************** function _lcd_set_cursor *****************
 Defined at:
		line 110 in file "LCD.c"
 Parameters:    Size  Location     Type
  a               1    wreg     unsigned char 
  b               1    4[BANK0 ] unsigned char 
 Auto vars:     Size  Location     Type
  a               1    5[BANK0 ] unsigned char 
 Return value:  Size  Location     Type
                  1    wreg      void 
 Registers used:
		wreg, status,2, status,0, pclath, cstack
 Tracked objects:
		On entry : 
		On exit  : 
		Unchanged: 
 Data sizes:     COMMON   BANK0   BANK1   BANK3   BANK2
      Params:         0       1       0       0       0
      Locals:         0       1       0       0       0
      Temps:          0       0       0       0       0
      Totals:         0       2       0       0       0
Total ram usage:        2 bytes
 Hardware stack levels used:    1
 Hardware stack levels required when called:    6
 This function calls:
		_lcd_cmd
 This function is called by:
		_main
		_boton_lcd
		_mostrar_lcd
 This function uses a non-reentrant model


 *************** function _lcd_cmd *****************
 Defined at:
		line 75 in file "LCD.c"
 Parameters:    Size  Location     Type
  a               1    wreg     unsigned char 
 Auto vars:     Size  Location     Type
  a               1    3[BANK0 ] unsigned char 
 Return value:  Size  Location     Type
                  1    wreg      void 
 Registers used:
		wreg, status,2, status,0, pclath, cstack
 Tracked objects:
		On entry : 
		On exit  : 
		Unchanged: 
 Data sizes:     COMMON   BANK0   BANK1   BANK3   BANK2
      Params:         0       0       0       0       0
      Locals:         0       1       0       0       0
      Temps:          0       2       0       0       0
      Totals:         0       3       0       0       0
Total ram usage:        3 bytes
 Hardware stack levels used:    1
 Hardware stack levels required when called:    5
 This function calls:
		_lcd_port
 This function is called by:
		_lcd_init
		_lcd_clear
		_lcd_set_cursor
		_lcd_shift_right
		_lcd_shift_left
 This function uses a non-reentrant model


 *************** function _lcd_port *****************
 Defined at:
		line 24 in file "LCD.c"
 Parameters:    Size  Location     Type
  a               1    wreg     unsigned char 
 Auto vars:     Size  Location     Type
  a               1    0[BANK0 ] unsigned char 
 Return value:  Size  Location     Type
                  1    wreg      void 
 Registers used:
		wreg
 Tracked objects:
		On entry : 
		On exit  : 
		Unchanged: 
 Data sizes:     COMMON   BANK0   BANK1   BANK3   BANK2
      Params:         0       0       0       0       0
      Locals:         0       1       0       0       0
      Temps:          0       0       0       0       0
      Totals:         0       1       0       0       0
Total ram usage:        1 bytes
 Hardware stack levels used:    1
 Hardware stack levels required when called:    4
 This function calls:
		Nothing
 This function is called by:
		_lcd_cmd
		_lcd_init
		_lcd_write_char
 This function uses a non-reentrant model


 *************** function _check_infrarrojo *****************
 Defined at:
		line 372 in file "Proyecto1_master.c"
 Parameters:    Size  Location     Type
		None
 Auto vars:     Size  Location     Type
		None
 Return value:  Size  Location     Type
                  1    wreg      void 
 Registers used:
		wreg, status,2, status,0
 Tracked objects:
		On entry : 
		On exit  : 
		Unchanged: 
 Data sizes:     COMMON   BANK0   BANK1   BANK3   BANK2
      Params:         0       0       0       0       0
      Locals:         0       0       0       0       0
      Temps:          0       2       0       0       0
      Totals:         0       2       0       0       0
Total ram usage:        2 bytes
 Hardware stack levels used:    1
 Hardware stack levels required when called:    4
 This function calls:
		Nothing
 This function is called by:
		_boton_lcd
 This function uses a non-reentrant model


 *************** function _apagar_luces *****************
 Defined at:
		line 249 in file "Proyecto1_master.c"
 Parameters:    Size  Location     Type
  t               1    wreg     unsigned char 
 Auto vars:     Size  Location     Type
  t               1    2[BANK0 ] unsigned char 
 Return value:  Size  Location     Type
                  1    wreg      void 
 Registers used:
		wreg, status,2, status,0
 Tracked objects:
		On entry : 
		On exit  : 
		Unchanged: 
 Data sizes:     COMMON   BANK0   BANK1   BANK3   BANK2
      Params:         0       0       0       0       0
      Locals:         0       1       0       0       0
      Temps:          0       2       0       0       0
      Totals:         0       3       0       0       0
Total ram usage:        3 bytes
 Hardware stack levels used:    1
 Hardware stack levels required when called:    4
 This function calls:
		Nothing
 This function is called by:
		_main
 This function uses a non-reentrant model


 *************** function _Update_Current_Date_Time *****************
 Defined at:
		line 318 in file "Proyecto1_master.c"
 Parameters:    Size  Location     Type
		None
 Auto vars:     Size  Location     Type
		None
 Return value:  Size  Location     Type
                  1    wreg      void 
 Registers used:
		wreg, status,2, status,0, pclath, cstack
 Tracked objects:
		On entry : 
		On exit  : 
		Unchanged: 
 Data sizes:     COMMON   BANK0   BANK1   BANK3   BANK2
      Params:         0       0       0       0       0
      Locals:         0       0       0       0       0
      Temps:          0       0       0       0       0
      Totals:         0       0       0       0       0
Total ram usage:        0 bytes
 Hardware stack levels used:    1
 Hardware stack levels required when called:    6
 This function calls:
		_BCD_2_DEC
		_I2C_Master_Read
		_I2C_Master_Start
		_I2C_Master_Stop
		_I2C_Master_Write
 This function is called by:
		_main
 This function uses a non-reentrant model


 *************** function _I2C_Master_Read *****************
 Defined at:
		line 71 in file "I2C.c"
 Parameters:    Size  Location     Type
  a               2    0[BANK0 ] unsigned short 
 Auto vars:     Size  Location     Type
  temp            2    4[BANK0 ] unsigned short 
 Return value:  Size  Location     Type
                  2    0[BANK0 ] unsigned short 
 Registers used:
		wreg, status,2, status,0, pclath, cstack
 Tracked objects:
		On entry : 
		On exit  : 
		Unchanged: 
 Data sizes:     COMMON   BANK0   BANK1   BANK3   BANK2
      Params:         0       2       0       0       0
      Locals:         0       2       0       0       0
      Temps:          0       2       0       0       0
      Totals:         0       6       0       0       0
Total ram usage:        6 bytes
 Hardware stack levels used:    1
 Hardware stack levels required when called:    5
 This function calls:
		_I2C_Master_Wait
 This function is called by:
		_Update_Current_Date_Time
		_slave_1
 This function uses a non-reentrant model


 *************** function _BCD_2_DEC *****************
 Defined at:
		line 290 in file "Proyecto1_master.c"
 Parameters:    Size  Location     Type
  to_convert      2    6[BANK0 ] int 
 Auto vars:     Size  Location     Type
		None
 Return value:  Size  Location     Type
                  2    6[BANK0 ] int 
 Registers used:
		wreg, status,2, status,0, pclath, cstack
 Tracked objects:
		On entry : 
		On exit  : 
		Unchanged: 
 Data sizes:     COMMON   BANK0   BANK1   BANK3   BANK2
      Params:         0       2       0       0       0
      Locals:         0       0       0       0       0
      Temps:          0       2       0       0       0
      Totals:         0       4       0       0       0
Total ram usage:        4 bytes
 Hardware stack levels used:    1
 Hardware stack levels required when called:    5
 This function calls:
		___wmul
 This function is called by:
		_Update_Current_Date_Time
 This function uses a non-reentrant model


 *************** function ___wmul *****************
 Defined at:
		line 15 in file "C:\Program Files (x86)\Microchip\xc8\v2.00\pic\sources\c90\common\Umul16.c"
 Parameters:    Size  Location     Type
  multiplier      2    0[BANK0 ] unsigned int 
  multiplicand    2    2[BANK0 ] unsigned int 
 Auto vars:     Size  Location     Type
  product         2    4[BANK0 ] unsigned int 
 Return value:  Size  Location     Type
                  2    0[BANK0 ] unsigned int 
 Registers used:
		wreg, status,2, status,0
 Tracked objects:
		On entry : 
		On exit  : 
		Unchanged: 
 Data sizes:     COMMON   BANK0   BANK1   BANK3   BANK2
      Params:         0       4       0       0       0
      Locals:         0       2       0       0       0
      Temps:          0       0       0       0       0
      Totals:         0       6       0       0       0
Total ram usage:        6 bytes
 Hardware stack levels used:    1
 Hardware stack levels required when called:    4
 This function calls:
		Nothing
 This function is called by:
		_BCD_2_DEC
 This function uses a non-reentrant model


 *************** function _Set_Time_Date *****************
 Defined at:
		line 301 in file "Proyecto1_master.c"
 Parameters:    Size  Location     Type
		None
 Auto vars:     Size  Location     Type
		None
 Return value:  Size  Location     Type
                  1    wreg      void 
 Registers used:
		wreg, status,2, status,0, pclath, cstack
 Tracked objects:
		On entry : 
		On exit  : 
		Unchanged: 
 Data sizes:     COMMON   BANK0   BANK1   BANK3   BANK2
      Params:         0       0       0       0       0
      Locals:         0       0       0       0       0
      Temps:          0       0       0       0       0
      Totals:         0       0       0       0       0
Total ram usage:        0 bytes
 Hardware stack levels used:    1
 Hardware stack levels required when called:    6
 This function calls:
		_DEC_2_BCD
		_I2C_Master_Start
		_I2C_Master_Stop
		_I2C_Master_Write
 This function is called by:
		_main
 This function uses a non-reentrant model


 *************** function _I2C_Master_Write *****************
 Defined at:
		line 62 in file "I2C.c"
 Parameters:    Size  Location     Type
  d               2   13[BANK0 ] unsigned int 
 Auto vars:     Size  Location     Type
		None
 Return value:  Size  Location     Type
                  1    wreg      void 
 Registers used:
		wreg, status,2, status,0, pclath, cstack
 Tracked objects:
		On entry : 
		On exit  : 
		Unchanged: 
 Data sizes:     COMMON   BANK0   BANK1   BANK3   BANK2
      Params:         0       2       0       0       0
      Locals:         0       0       0       0       0
      Temps:          0       0       0       0       0
      Totals:         0       2       0       0       0
Total ram usage:        2 bytes
 Hardware stack levels used:    1
 Hardware stack levels required when called:    5
 This function calls:
		_I2C_Master_Wait
 This function is called by:
		_Set_Time_Date
		_Update_Current_Date_Time
		_slave_1
 This function uses a non-reentrant model


 *************** function _I2C_Master_Stop *****************
 Defined at:
		line 52 in file "I2C.c"
 Parameters:    Size  Location     Type
		None
 Auto vars:     Size  Location     Type
		None
 Return value:  Size  Location     Type
                  1    wreg      void 
 Registers used:
		wreg, status,2, status,0, pclath, cstack
 Tracked objects:
		On entry : 
		On exit  : 
		Unchanged: 
 Data sizes:     COMMON   BANK0   BANK1   BANK3   BANK2
      Params:         0       0       0       0       0
      Locals:         0       0       0       0       0
      Temps:          0       0       0       0       0
      Totals:         0       0       0       0       0
Total ram usage:        0 bytes
 Hardware stack levels used:    1
 Hardware stack levels required when called:    5
 This function calls:
		_I2C_Master_Wait
 This function is called by:
		_Set_Time_Date
		_Update_Current_Date_Time
		_slave_1
 This function uses a non-reentrant model


 *************** function _I2C_Master_Start *****************
 Defined at:
		line 36 in file "I2C.c"
 Parameters:    Size  Location     Type
		None
 Auto vars:     Size  Location     Type
		None
 Return value:  Size  Location     Type
                  1    wreg      void 
 Registers used:
		wreg, status,2, status,0, pclath, cstack
 Tracked objects:
		On entry : 
		On exit  : 
		Unchanged: 
 Data sizes:     COMMON   BANK0   BANK1   BANK3   BANK2
      Params:         0       0       0       0       0
      Locals:         0       0       0       0       0
      Temps:          0       0       0       0       0
      Totals:         0       0       0       0       0
Total ram usage:        0 bytes
 Hardware stack levels used:    1
 Hardware stack levels required when called:    5
 This function calls:
		_I2C_Master_Wait
 This function is called by:
		_Set_Time_Date
		_Update_Current_Date_Time
		_slave_1
 This function uses a non-reentrant model


 *************** function _I2C_Master_Wait *****************
 Defined at:
		line 29 in file "I2C.c"
 Parameters:    Size  Location     Type
		None
 Auto vars:     Size  Location     Type
		None
 Return value:  Size  Location     Type
                  1    wreg      void 
 Registers used:
		wreg, status,2
 Tracked objects:
		On entry : 
		On exit  : 
		Unchanged: 
 Data sizes:     COMMON   BANK0   BANK1   BANK3   BANK2
      Params:         0       0       0       0       0
      Locals:         0       0       0       0       0
      Temps:          0       0       0       0       0
      Totals:         0       0       0       0       0
Total ram usage:        0 bytes
 Hardware stack levels used:    1
 Hardware stack levels required when called:    4
 This function calls:
		Nothing
 This function is called by:
		_I2C_Master_Start
		_I2C_Master_Stop
		_I2C_Master_Write
		_I2C_Master_Read
		_I2C_Master_RepeatedStart
 This function uses a non-reentrant model


 *************** function _DEC_2_BCD *****************
 Defined at:
		line 295 in file "Proyecto1_master.c"
 Parameters:    Size  Location     Type
  to_convert      2    9[BANK0 ] int 
 Auto vars:     Size  Location     Type
		None
 Return value:  Size  Location     Type
                  2    9[BANK0 ] int 
 Registers used:
		wreg, status,2, status,0, pclath, cstack
 Tracked objects:
		On entry : 
		On exit  : 
		Unchanged: 
 Data sizes:     COMMON   BANK0   BANK1   BANK3   BANK2
      Params:         0       2       0       0       0
      Locals:         0       0       0       0       0
      Temps:          0       2       0       0       0
      Totals:         0       4       0       0       0
Total ram usage:        4 bytes
 Hardware stack levels used:    1
 Hardware stack levels required when called:    5
 This function calls:
		___awdiv
		___awmod
 This function is called by:
		_Set_Time_Date
 This function uses a non-reentrant model


 *************** function ___awmod *****************
 Defined at:
		line 5 in file "C:\Program Files (x86)\Microchip\xc8\v2.00\pic\sources\c90\common\awmod.c"
 Parameters:    Size  Location     Type
  divisor         2    0[BANK0 ] int 
  dividend        2    2[BANK0 ] int 
 Auto vars:     Size  Location     Type
  sign            1    6[BANK0 ] unsigned char 
  counter         1    5[BANK0 ] unsigned char 
 Return value:  Size  Location     Type
                  2    0[BANK0 ] int 
 Registers used:
		wreg, status,2, status,0
 Tracked objects:
		On entry : 
		On exit  : 
		Unchanged: 
 Data sizes:     COMMON   BANK0   BANK1   BANK3   BANK2
      Params:         0       4       0       0       0
      Locals:         0       2       0       0       0
      Temps:          0       1       0       0       0
      Totals:         0       7       0       0       0
Total ram usage:        7 bytes
 Hardware stack levels used:    1
 Hardware stack levels required when called:    4
 This function calls:
		Nothing
 This function is called by:
		_separa_digitos_rtc
		_DEC_2_BCD
 This function uses a non-reentrant model


 *************** function ___awdiv *****************
 Defined at:
		line 5 in file "C:\Program Files (x86)\Microchip\xc8\v2.00\pic\sources\c90\common\awdiv.c"
 Parameters:    Size  Location     Type
  divisor         2    0[BANK0 ] int 
  dividend        2    2[BANK0 ] int 
 Auto vars:     Size  Location     Type
  quotient        2    7[BANK0 ] int 
  sign            1    6[BANK0 ] unsigned char 
  counter         1    5[BANK0 ] unsigned char 
 Return value:  Size  Location     Type
                  2    0[BANK0 ] int 
 Registers used:
		wreg, status,2, status,0
 Tracked objects:
		On entry : 
		On exit  : 
		Unchanged: 
 Data sizes:     COMMON   BANK0   BANK1   BANK3   BANK2
      Params:         0       4       0       0       0
      Locals:         0       4       0       0       0
      Temps:          0       1       0       0       0
      Totals:         0       9       0       0       0
Total ram usage:        9 bytes
 Hardware stack levels used:    1
 Hardware stack levels required when called:    4
 This function calls:
		Nothing
 This function is called by:
		_separa_digitos_rtc
		_DEC_2_BCD
 This function uses a non-reentrant model


 *************** function _I2C_Master_Init *****************
 Defined at:
		line 13 in file "I2C.c"
 Parameters:    Size  Location     Type
  c               4   14[BANK0 ] const unsigned long 
 Auto vars:     Size  Location     Type
		None
 Return value:  Size  Location     Type
                  1    wreg      void 
 Registers used:
		wreg, status,2, status,0, pclath, cstack
 Tracked objects:
		On entry : 
		On exit  : 
		Unchanged: 
 Data sizes:     COMMON   BANK0   BANK1   BANK3   BANK2
      Params:         0       4       0       0       0
      Locals:         0       0       0       0       0
      Temps:          0       4       0       0       0
      Totals:         0       8       0       0       0
Total ram usage:        8 bytes
 Hardware stack levels used:    1
 Hardware stack levels required when called:    5
 This function calls:
		___lldiv
 This function is called by:
		_main
 This function uses a non-reentrant model


 *************** function ___lldiv *****************
 Defined at:
		line 5 in file "C:\Program Files (x86)\Microchip\xc8\v2.00\pic\sources\c90\common\__lldiv.c"
 Parameters:    Size  Location     Type
  divisor         4    0[BANK0 ] unsigned long 
  dividend        4    4[BANK0 ] unsigned long 
 Auto vars:     Size  Location     Type
  quotient        4    9[BANK0 ] unsigned long 
  counter         1   13[BANK0 ] unsigned char 
 Return value:  Size  Location     Type
                  4    0[BANK0 ] unsigned long 
 Registers used:
		wreg, status,2, status,0
 Tracked objects:
		On entry : 
		On exit  : 
		Unchanged: 
 Data sizes:     COMMON   BANK0   BANK1   BANK3   BANK2
      Params:         0       8       0       0       0
      Locals:         0       5       0       0       0
      Temps:          0       1       0       0       0
      Totals:         0      14       0       0       0
Total ram usage:       14 bytes
 Hardware stack levels used:    1
 Hardware stack levels required when called:    4
 This function calls:
		Nothing
 This function is called by:
		_I2C_Master_Init
 This function uses a non-reentrant model


 *************** function _isr *****************
 Defined at:
		line 88 in file "Proyecto1_master.c"
 Parameters:    Size  Location     Type
		None
 Auto vars:     Size  Location     Type
		None
 Return value:  Size  Location     Type
                  1    wreg      void 
 Registers used:
		wreg, status,2, status,0, pclath, cstack
 Tracked objects:
		On entry : 
		On exit  : 
		Unchanged: 
 Data sizes:     COMMON   BANK0   BANK1   BANK3   BANK2
      Params:         0       0       0       0       0
      Locals:         0       0       0       0       0
      Temps:          5       0       0       0       0
      Totals:         5       0       0       0       0
Total ram usage:        5 bytes
 Hardware stack levels used:    1
 Hardware stack levels required when called:    3
 This function calls:
		i1_lcd_clear
 This function is called by:
		Interrupt level 1
 This function uses a non-reentrant model


 *************** function i1_lcd_clear *****************
 Defined at:
		line 105 in file "LCD.c"
 Parameters:    Size  Location     Type
		None
 Auto vars:     Size  Location     Type
		None
 Return value:  Size  Location     Type
                  1    wreg      void 
 Registers used:
		wreg, status,2, status,0, pclath, cstack
 Tracked objects:
		On entry : 
		On exit  : 
		Unchanged: 
 Data sizes:     COMMON   BANK0   BANK1   BANK3   BANK2
      Params:         0       0       0       0       0
      Locals:         0       0       0       0       0
      Temps:          0       0       0       0       0
      Totals:         0       0       0       0       0
Total ram usage:        0 bytes
 Hardware stack levels used:    1
 Hardware stack levels required when called:    2
 This function calls:
		i1_lcd_cmd
 This function is called by:
		_isr
 This function uses a non-reentrant model


 *************** function i1_lcd_cmd *****************
 Defined at:
		line 75 in file "LCD.c"
 Parameters:    Size  Location     Type
  a               1    wreg     unsigned char 
 Auto vars:     Size  Location     Type
  a               1    3[COMMON] unsigned char 
 Return value:  Size  Location     Type
                  1    wreg      void 
 Registers used:
		wreg, status,2, status,0, pclath, cstack
 Tracked objects:
		On entry : 
		On exit  : 
		Unchanged: 
 Data sizes:     COMMON   BANK0   BANK1   BANK3   BANK2
      Params:         0       0       0       0       0
      Locals:         1       0       0       0       0
      Temps:          2       0       0       0       0
      Totals:         3       0       0       0       0
Total ram usage:        3 bytes
 Hardware stack levels used:    1
 Hardware stack levels required when called:    1
 This function calls:
		i1_lcd_port
 This function is called by:
		i1_lcd_clear
 This function uses a non-reentrant model


 *************** function i1_lcd_port *****************
 Defined at:
		line 24 in file "LCD.c"
 Parameters:    Size  Location     Type
  a               1    wreg     unsigned char 
 Auto vars:     Size  Location     Type
  a               1    0[COMMON] unsigned char 
 Return value:  Size  Location     Type
                  1    wreg      void 
 Registers used:
		wreg
 Tracked objects:
		On entry : 
		On exit  : 
		Unchanged: 
 Data sizes:     COMMON   BANK0   BANK1   BANK3   BANK2
      Params:         0       0       0       0       0
      Locals:         1       0       0       0       0
      Temps:          0       0       0       0       0
      Totals:         1       0       0       0       0
Total ram usage:        1 bytes
 Hardware stack levels used:    1
 This function calls:
		Nothing
 This function is called by:
		i1_lcd_cmd
 This function uses a non-reentrant model



MODULE INFORMATION

Module		Function		Class		Link	Load	Size
C:\Program Files (x86)\Microchip\xc8\v2.00\pic\sources\c90\common\awmod.c
		___awmod       		CODE           	061C	0000	102

C:\Program Files (x86)\Microchip\xc8\v2.00\pic\sources\c90\common\awmod.c estimated size: 102

C:\Program Files (x86)\Microchip\xc8\v2.00\pic\sources\c90\common\Umul16.c
		___wmul        		CODE           	0E90	0000	43

C:\Program Files (x86)\Microchip\xc8\v2.00\pic\sources\c90\common\Umul16.c estimated size: 43

I2C.c
		_I2C_Master_Read		CODE           	0F96	0000	52
		_I2C_Master_Wait		CODE           	0D97	0000	16
		_I2C_Master_Init		CODE           	0795	0000	59
		_I2C_Master_Stop		CODE           	0D7A	0000	10
		_I2C_Master_Write		CODE           	0D83	0000	11
		_I2C_Master_Start		CODE           	0D71	0000	10

I2C.c estimated size: 158

C:\Program Files (x86)\Microchip\xc8\v2.00\pic\sources\c90\common\__lldiv.c
		___lldiv       		CODE           	05AD	0000	112

C:\Program Files (x86)\Microchip\xc8\v2.00\pic\sources\c90\common\__lldiv.c estimated size: 112

oscilador.c
		_initOsci8MHZ  		CODE           	0D53	0000	8

oscilador.c estimated size: 8

C:\Program Files (x86)\Microchip\xc8\v2.00\pic\sources\c90\common\awdiv.c
		___awdiv       		CODE           	053A	0000	116

C:\Program Files (x86)\Microchip\xc8\v2.00\pic\sources\c90\common\awdiv.c estimated size: 116

shared
		__stringtab    		STRING         	075A	0000	7
		__initialization		CODE           	000F	0000	36
		i1_lcd_port    		CODE           	06DE	0000	64
		i1_lcd_cmd     		CODE           	0DCC	0000	27
		i1_lcd_clear   		CODE           	0D4C	0000	8

shared estimated size: 142

Proyecto1_master.c
		_DEC_2_BCD     		CODE           	0FC9	0000	56
		_main          		CODE           	049F	0000	156
		_BCD_2_DEC     		CODE           	0EBA	0000	43
		_primera_llamada		CODE           	0F3C	0000	46
		_separa_digitos_rtc		CODE           	01B9	0000	232
		_segunda_llamada		CODE           	0F69	0000	46
		_isr           		CODE           	0F0F	0000	46
		_configPorts   		CODE           	0DA6	0000	20
		_Update_Current_Date_Time		CODE           	0036	0000	388
		_configInterrupciones		CODE           	0D61	0000	9
		_check_infrarrojo		CODE           	0E67	0000	42
		_tercera_llamada		CODE           	07CF	0000	46
		_apagar_luces  		CODE           	0E40	0000	40
		_boton_lcd     		CODE           	02A0	0000	180
		_Set_Time_Date 		CODE           	0353	0000	176
		_mostrar_lcd   		CODE           	0402	0000	158

Proyecto1_master.c estimated size: 1684

LCD.c
		_lcd_write_char		CODE           	0E02	0000	29
		_lcd_cmd       		CODE           	0DE6	0000	29
		_lcd_set_cursor		CODE           	0E1E	0000	35
		_lcd_clear     		CODE           	0D5A	0000	8
		_lcd_port      		CODE           	071D	0000	62
		_lcd_write_string		CODE           	0EE4	0000	44
		_lcd_init      		CODE           	0681	0000	94

LCD.c estimated size: 301

