Microchip MPLAB XC8 Compiler V2.00 ()

Linker command line:

-W-3 --edf=C:\Program Files (x86)\Microchip\xc8\v2.00\pic\dat\en_msgs.txt \
  -cs -h+dist/default/production\Proyecto1_master.X.production.sym \
  --cmf=dist/default/production\Proyecto1_master.X.production.cmf -z \
  -Q16F887 -oC:\Users\JOSPEL~1\AppData\Local\Temp\s6ho.2 \
  --defsym=__MPLAB_BUILD=1 \
  -Mdist/default/production/Proyecto1_master.X.production.map -E1 -ver=XC8 \
  --acfsm=1493 -ASTACK=0110h-016fh -pstack=STACK -ACODE=00h-07FFhx4 \
  -ASTRCODE=00h-01FFFh -ASTRING=00h-0FFhx32 -ACONST=00h-0FFhx32 \
  -AENTRY=00h-0FFhx32 -ACOMMON=070h-07Fh -ABANK0=020h-06Fh \
  -ABANK1=0A0h-0EFh -ABANK2=0110h-016Fh -ABANK3=0190h-01EFh \
  -ARAM=020h-06Fh,0A0h-0EFh,0110h-016Fh,0190h-01EFh \
  -AABS1=020h-07Fh,0A0h-0EFh,0110h-016Fh,0190h-01EFh -ASFR0=00h-01Fh \
  -ASFR1=080h-09Fh -ASFR2=0100h-010Fh -ASFR3=0180h-018Fh \
  -preset_vec=00h,intentry=04h,init,end_init -ppowerup=CODE -pcinit=CODE \
  -pfunctab=ENTRY -ACONFIG=02007h-02008h -pconfig=CONFIG -DCONFIG=2 \
  -AIDLOC=02000h-02003h -pidloc=IDLOC -DIDLOC=2 -AEEDATA=00h-0FFh/02100h \
  -peeprom_data=EEDATA -DEEDATA=2 -DCODE=2 -DSTRCODE=2 -DSTRING=2 -DCONST=2 \
  -DENTRY=2 -k C:\Users\JOSPEL~1\AppData\Local\Temp\s6ho.o \
  dist/default/production\Proyecto1_master.X.production.o 

Object code version is 3.11

Machine type is 16F887



                Name                               Link     Load   Length Selector   Space Scale
C:\Users\JOSPEL~1\AppData\Local\Temp\s6ho.o
                end_init                              C        C        3        8       0
                reset_vec                             0        0        3        0       0
                config                             2007     2007        2     400E       0
dist/default/production\Proyecto1_master.X.production.o
                cinit                                 F        F       35        8       0
                intentry                              4        4        8        8       0
                text48                             15E6     15E6       3F     2BCC       0
                text47                             131D     131D       1A     263A       0
                text46                             1290     1290        7     2520       0
                text45                             146B     146B       2F     28D6       0
                text44                             1791     1791       6F     2F22       0
                text43                             1535     1535       3A     2A6A       0
                text42                              829      829       73     1052       0
                text41                             172C     172C       65     2E58       0
                text40                             14FE     14FE       37     29FC       0
                text39                             12D9     12D9        F     25B2       0
                text38                             12BD     12BD        9     257A       0
                text37                             12C6     12C6        9     258C       0
                text36                             12CF     12CF        A     259E       0
                text35                              C73      C73       C1     18E6       0
                text34                             1390     1390       2A     2720       0
                text33                             13BA     13BA       2A     2774       0
                text32                             14CB     14CB       33     2996       0
                text31                              509      509      195        8       0
                text30                              802      802       27     1004       0
                text29                             15A9     15A9       3D     2B52       0
                text28                             1352     1352       1C     26A4       0
                text27                             136E     136E       22     26DC       0
                text26                              7DF      7DF       1C        8       0
                text25                             1625     1625       48     2C4A       0
                text24                              B06      B06       AF     160C       0
                text23                              69E      69E      141        8       0
                text22                             1337     1337       1B     266E       0
                text21                               44       44      2BC        8       0
                text20                              300      300      209        8       0
                text19                             12E8     12E8        F     25D0       0
                text18                              914      914       9C     1228       0
                text17                              D34      D34       C4     1A68       0
                text16                             16CA     16CA       62     2D94       0
                text15                              BB5      BB5       BE     176A       0
                text14                              A5A      A5A       AC     14B4       0
                text13                             156F     156F       3A     2ADE       0
                text12                              ED8      ED8      128     1DB0       0
                text11                             1297     1297        7     252E       0
                text10                              89C      89C       78     1138       0
                text9                               DF8      DF8       E0     1BF0       0
                text8                              149A     149A       31     2934       0
                text7                              12A5     12A5        8     254A       0
                text6                              12F7     12F7       13     25EE       0
                text5                              129E     129E        7     253C       0
                text4                              166D     166D       5D     2CDA       0
                text3                              13E4     13E4       2D     27C8       0
                text2                              1411     1411       2D     2822       0
                text1                              143E     143E       2D     287C       0
                maintext                            9B0      9B0       AA     1360       0
                cstackBANK0                          20       20       4E       20       1
                cstackCOMMON                         70       70        9       70       1
                cstackBANK1                          C5       C5        8       A0       1
                clrtext                            12AD     12AD        8     255A       0
                inittext                           130A     130A       13     2614       0
                dataBANK1                            BD       BD        8       A0       1
                bssBANK1                             A0       A0       1D       A0       1
                bssBANK0                             6E       6E        2       20       1
                dataCOMMON                           79       79        4       70       1
                bssCOMMON                            7D       7D        1       70       1
                strings                            1000     1000       66     2000       0
                idataBANK1                         12B5     12B5        8     256A       0
                idataCOMMON                         7FB      7FB        4        8       0

TOTAL           Name                               Link     Load   Length     Space
        CLASS   STACK          

        CLASS   CODE           
                end_init                              C        C        3         0
                cinit                                 F        F       35         0
                intentry                              4        4        8         0
                reset_vec                             0        0        3         0
                text48                             15E6     15E6       3F         0
                text47                             131D     131D       1A         0
                text46                             1290     1290        7         0
                text45                             146B     146B       2F         0
                text44                             1791     1791       6F         0
                text43                             1535     1535       3A         0
                text42                              829      829       73         0
                text41                             172C     172C       65         0
                text40                             14FE     14FE       37         0
                text39                             12D9     12D9        F         0
                text38                             12BD     12BD        9         0
                text37                             12C6     12C6        9         0
                text36                             12CF     12CF        A         0
                text35                              C73      C73       C1         0
                text34                             1390     1390       2A         0
                text33                             13BA     13BA       2A         0
                text32                             14CB     14CB       33         0
                text31                              509      509      195         0
                text30                              802      802       27         0
                text29                             15A9     15A9       3D         0
                text28                             1352     1352       1C         0
                text27                             136E     136E       22         0
                text26                              7DF      7DF       1C         0
                text25                             1625     1625       48         0
                text24                              B06      B06       AF         0
                text23                              69E      69E      141         0
                text22                             1337     1337       1B         0
                text21                               44       44      2BC         0
                text20                              300      300      209         0
                text19                             12E8     12E8        F         0
                text18                              914      914       9C         0
                text17                              D34      D34       C4         0
                text16                             16CA     16CA       62         0
                text15                              BB5      BB5       BE         0
                text14                              A5A      A5A       AC         0
                text13                             156F     156F       3A         0
                text12                              ED8      ED8      128         0
                text11                             1297     1297        7         0
                text10                              89C      89C       78         0
                text9                               DF8      DF8       E0         0
                text8                              149A     149A       31         0
                text7                              12A5     12A5        8         0
                text6                              12F7     12F7       13         0
                text5                              129E     129E        7         0
                text4                              166D     166D       5D         0
                text3                              13E4     13E4       2D         0
                text2                              1411     1411       2D         0
                text1                              143E     143E       2D         0
                maintext                            9B0      9B0       AA         0
                clrtext                            12AD     12AD        8         0
                inittext                           130A     130A       13         0
                idataBANK1                         12B5     12B5        8         0
                idataCOMMON                         7FB      7FB        4         0

        CLASS   STRCODE        

        CLASS   STRING         
                strings                            1000     1000       66         0

        CLASS   CONST          

        CLASS   ENTRY          

        CLASS   COMMON         
                cstackCOMMON                         70       70        9         1
                dataCOMMON                           79       79        4         1
                bssCOMMON                            7D       7D        1         1

        CLASS   BANK0          
                cstackBANK0                          20       20       4E         1
                bssBANK0                             6E       6E        2         1

        CLASS   BANK1          
                cstackBANK1                          C5       C5        8         1
                dataBANK1                            BD       BD        8         1
                bssBANK1                             A0       A0       1D         1

        CLASS   BANK2          

        CLASS   BANK3          

        CLASS   RAM            

        CLASS   ABS1           
                abs_s1                               7E       7E        2         1

        CLASS   SFR0           

        CLASS   SFR1           

        CLASS   SFR2           

        CLASS   SFR3           

        CLASS   CONFIG         
                config                             2007     2007        2         0

        CLASS   IDLOC          

        CLASS   EEDATA         



SEGMENTS        Name                           Load    Length   Top    Selector   Space  Class     Delta

                reset_vec                      000000  000003  000003         0       0  CODE        2
                intentry                       000004  0007FB  0007FF         8       0  CODE        2
                cstackBANK0                    000020  000050  000070        20       1  BANK0       1
                cstackCOMMON                   000070  00000E  00007E        70       1  COMMON      1
                bssBANK1                       0000A0  00002D  0000CD        A0       1  BANK1       1
                text30                         000802  000027  000829      1004       0  CODE        2
                text42                         000829  000073  00089C      1052       0  CODE        2
                text10                         00089C  000078  000914      1138       0  CODE        2
                text18                         000914  00009C  0009B0      1228       0  CODE        2
                maintext                       0009B0  0000AA  000A5A      1360       0  CODE        2
                text14                         000A5A  0000AC  000B06      14B4       0  CODE        2
                text24                         000B06  0000AF  000BB5      160C       0  CODE        2
                text15                         000BB5  0000BE  000C73      176A       0  CODE        2
                text35                         000C73  0000C1  000D34      18E6       0  CODE        2
                text17                         000D34  0000C4  000DF8      1A68       0  CODE        2
                text9                          000DF8  0000E0  000ED8      1BF0       0  CODE        2
                text12                         000ED8  000128  001000      1DB0       0  CODE        2
                strings                        001000  000066  001066      2000       0  STRING      2
                text46                         001290  000007  001297      2520       0  CODE        2
                text11                         001297  000007  00129E      252E       0  CODE        2
                text5                          00129E  000007  0012A5      253C       0  CODE        2
                text7                          0012A5  000008  0012AD      254A       0  CODE        2
                clrtext                        0012AD  000008  0012B5      255A       0  CODE        2
                idataBANK1                     0012B5  000008  0012BD      256A       0  CODE        2
                text38                         0012BD  000009  0012C6      257A       0  CODE        2
                text37                         0012C6  000009  0012CF      258C       0  CODE        2
                text36                         0012CF  00000A  0012D9      259E       0  CODE        2
                text39                         0012D9  00000F  0012E8      25B2       0  CODE        2
                text19                         0012E8  00000F  0012F7      25D0       0  CODE        2
                text6                          0012F7  000013  00130A      25EE       0  CODE        2
                inittext                       00130A  000013  00131D      2614       0  CODE        2
                text47                         00131D  00001A  001337      263A       0  CODE        2
                text22                         001337  00001B  001352      266E       0  CODE        2
                text28                         001352  00001C  00136E      26A4       0  CODE        2
                text27                         00136E  000022  001390      26DC       0  CODE        2
                text34                         001390  00002A  0013BA      2720       0  CODE        2
                text33                         0013BA  00002A  0013E4      2774       0  CODE        2
                text3                          0013E4  00002D  001411      27C8       0  CODE        2
                text2                          001411  00002D  00143E      2822       0  CODE        2
                text1                          00143E  00002D  00146B      287C       0  CODE        2
                text45                         00146B  00002F  00149A      28D6       0  CODE        2
                text8                          00149A  000031  0014CB      2934       0  CODE        2
                text32                         0014CB  000033  0014FE      2996       0  CODE        2
                text40                         0014FE  000037  001535      29FC       0  CODE        2
                text43                         001535  00003A  00156F      2A6A       0  CODE        2
                text13                         00156F  00003A  0015A9      2ADE       0  CODE        2
                text29                         0015A9  00003D  0015E6      2B52       0  CODE        2
                text48                         0015E6  00003F  001625      2BCC       0  CODE        2
                text25                         001625  000048  00166D      2C4A       0  CODE        2
                text4                          00166D  00005D  0016CA      2CDA       0  CODE        2
                text16                         0016CA  000062  00172C      2D94       0  CODE        2
                text41                         00172C  000065  001791      2E58       0  CODE        2
                text44                         001791  00006F  001800      2F22       0  CODE        2
                config                         002007  000002  002009      400E       0  CONFIG      2


UNUSED ADDRESS RANGES

        Name                Unused          Largest block    Delta
        BANK1            00CD-00EF             23           1
        BANK2            0110-016F             60           1
        BANK3            0190-01EF             60           1
        CODE             0003-0003              1           2
                         07FF-0801              1
                         1066-128F            22A
                         1800-1FFF            800
        CONST            0003-0003              1           2
                         07FF-0801              1
                         1066-128F            100
                         1800-1FFF            100
        EEDATA           2100-21FF            100           2
        ENTRY            0003-0003              1           2
                         07FF-0801              1
                         1066-128F            100
                         1800-1FFF            100
        IDLOC            2000-2003              4           2
        RAM              00CD-00EF             23           1
                         0110-016F             60
                         0190-01EF             60
        SFR0             0000-001F             20           1
        SFR1             0080-009F             20           1
        SFR2             0100-010F             10           1
        SFR3             0180-018F             10           1
        STACK            0110-016F             60           1
        STRCODE          0003-0003              1           2
                         07FF-0801              3
                         1066-128F            22A
                         1800-1FFF            800
        STRING           0003-0003              1           2
                         07FF-0801              1
                         1066-128F            100
                         1800-1FFF            100

                                  Symbol Table

?_BCD_2_DEC                        cstackBANK0  0026
?_DEC_2_BCD                        cstackBANK0  0029
?_I2C_Master_Read                  cstackBANK0  0020
?___awdiv                          cstackBANK0  0020
?___awmod                          cstackBANK0  0020
?___fladd                          cstackBANK0  0038
?___fldiv                          cstackBANK0  0020
?___flneg                          cstackBANK0  0034
?___fltol                          cstackBANK0  0050
?___lldiv                          cstackBANK0  0020
?___wmul                           cstackBANK0  0020
?___xxtofl                         cstackBANK0  0026
BCD_2_DEC@to_convert               cstackBANK0  0026
DEC_2_BCD@to_convert               cstackBANK0  0029
I2C_Master_Init@c                  cstackBANK0  002E
I2C_Master_Read@a                  cstackBANK0  0020
I2C_Master_Read@temp               cstackBANK0  0024
I2C_Master_Write@d                 cstackBANK0  002D
_ANSEL                             (abs)        0188
_ANSELH                            (abs)        0189
_AR1                               bssBANK1     00A7
_BCD_2_DEC                         text33       13BA
_DEC_2_BCD                         text40       14FE
_GIE                               (abs)        005F
_I2C_Master_Init                   text43       1535
_I2C_Master_Read                   text32       14CB
_I2C_Master_Start                  text38       12BD
_I2C_Master_Stop                   text37       12C6
_I2C_Master_Wait                   text39       12D9
_I2C_Master_Write                  text36       12CF
_INTCONbits                        (abs)        000B
_IOCBbits                          (abs)        0096
_OSCCONbits                        (abs)        008F
_PEIE                              (abs)        005E
_PORTA                             (abs)        0005
_PORTB                             (abs)        0006
_PORTBbits                         (abs)        0006
_PORTD                             (abs)        0008
_PORTDbits                         (abs)        0008
_PORTE                             (abs)        0009
_RA0                               (abs)        0028
_RA1                               (abs)        0029
_RA2                               (abs)        002A
_RA3                               (abs)        002B
_RA4                               (abs)        002C
_RA5                               (abs)        002D
_RA6                               (abs)        002E
_RA7                               (abs)        002F
_RB7                               (abs)        0037
_RD7                               (abs)        0047
_SSPADD                            (abs)        0093
_SSPBUF                            (abs)        0013
_SSPCON                            (abs)        0014
_SSPCON2                           (abs)        0091
_SSPCON2bits                       (abs)        0091
_SSPIE                             (abs)        0463
_SSPIF                             (abs)        0063
_SSPSTAT                           (abs)        0094
_Set_Time_Date                     text35       0C73
_TRISA                             (abs)        0085
_TRISB                             (abs)        0086
_TRISC3                            (abs)        043B
_TRISC4                            (abs)        043C
_TRISCbits                         (abs)        0087
_TRISD                             (abs)        0088
_TRISE                             (abs)        0089
_Update_Current_Date_Time          text31       0509
__CFG_BOR4V$BOR40V                 (abs)        0000
__CFG_BOREN$OFF                    (abs)        0000
__CFG_CP$OFF                       (abs)        0000
__CFG_CPD$OFF                      (abs)        0000
__CFG_FCMEN$OFF                    (abs)        0000
__CFG_FOSC$INTRC_NOCLKOUT          (abs)        0000
__CFG_IESO$OFF                     (abs)        0000
__CFG_LVP$OFF                      (abs)        0000
__CFG_MCLRE$OFF                    (abs)        0000
__CFG_PWRTE$OFF                    (abs)        0000
__CFG_WDTE$OFF                     (abs)        0000
__CFG_WRT$OFF                      (abs)        0000
__Habs1                            abs1         0000
__Hbank0                           bank0        0000
__Hbank1                           bank1        0000
__Hbank2                           bank2        0000
__Hbank3                           bank3        0000
__HbssBANK0                        bssBANK0     0000
__HbssBANK1                        bssBANK1     0000
__HbssCOMMON                       bssCOMMON    0000
__Hcinit                           cinit        0044
__Hclrtext                         clrtext      0000
__Hcode                            code         0000
__Hcommon                          common       0000
__Hconfig                          config       2009
__HcstackBANK0                     cstackBANK0  0000
__HcstackBANK1                     cstackBANK1  0000
__HcstackCOMMON                    cstackCOMMON 0000
__HdataBANK1                       dataBANK1    0000
__HdataCOMMON                      dataCOMMON   0000
__Heeprom_data                     eeprom_data  0000
__Hend_init                        end_init     000F
__Hfunctab                         functab      0000
__HidataBANK1                      idataBANK1   0000
__HidataCOMMON                     idataCOMMON  0000
__Hidloc                           idloc        0000
__Hinit                            init         000C
__Hinittext                        inittext     0000
__Hintentry                        intentry     000C
__Hmaintext                        maintext     0000
__Hpowerup                         powerup      0000
__Hram                             ram          0000
__Hreset_vec                       reset_vec    0003
__Hsfr0                            sfr0         0000
__Hsfr1                            sfr1         0000
__Hsfr2                            sfr2         0000
__Hsfr3                            sfr3         0000
__Hspace_0                         (abs)        2009
__Hspace_1                         (abs)        00CD
__Hspace_2                         (abs)        0000
__Hspace_3                         (abs)        0000
__Hstack                           stack        0000
__Hstrings                         strings      0000
__Htext                            text         0000
__Labs1                            abs1         0000
__Lbank0                           bank0        0000
__Lbank1                           bank1        0000
__Lbank2                           bank2        0000
__Lbank3                           bank3        0000
__LbssBANK0                        bssBANK0     0000
__LbssBANK1                        bssBANK1     0000
__LbssCOMMON                       bssCOMMON    0000
__Lcinit                           cinit        000F
__Lclrtext                         clrtext      0000
__Lcode                            code         0000
__Lcommon                          common       0000
__Lconfig                          config       2007
__LcstackBANK0                     cstackBANK0  0000
__LcstackBANK1                     cstackBANK1  0000
__LcstackCOMMON                    cstackCOMMON 0000
__LdataBANK1                       dataBANK1    0000
__LdataCOMMON                      dataCOMMON   0000
__Leeprom_data                     eeprom_data  0000
__Lend_init                        end_init     000C
__Lfunctab                         functab      0000
__LidataBANK1                      idataBANK1   0000
__LidataCOMMON                     idataCOMMON  0000
__Lidloc                           idloc        0000
__Linit                            init         000C
__Linittext                        inittext     0000
__Lintentry                        intentry     0004
__Lmaintext                        maintext     0000
__Lpowerup                         powerup      0000
__Lram                             ram          0000
__Lreset_vec                       reset_vec    0000
__Lsfr0                            sfr0         0000
__Lsfr1                            sfr1         0000
__Lsfr2                            sfr2         0000
__Lsfr3                            sfr3         0000
__Lspace_0                         (abs)        0000
__Lspace_1                         (abs)        0000
__Lspace_2                         (abs)        0000
__Lspace_3                         (abs)        0000
__Lstack                           stack        0000
__Lstrings                         strings      0000
__Ltext                            text         0000
__S0                               (abs)        2009
__S1                               (abs)        00CD
__S2                               (abs)        0000
__S3                               (abs)        0000
___awdiv                           text42       0829
___awdiv@counter                   cstackBANK0  0025
___awdiv@dividend                  cstackBANK0  0022
___awdiv@divisor                   cstackBANK0  0020
___awdiv@quotient                  cstackBANK0  0027
___awdiv@sign                      cstackBANK0  0026
___awmod                           text41       172C
___awmod@counter                   cstackBANK0  0025
___awmod@dividend                  cstackBANK0  0022
___awmod@divisor                   cstackBANK0  0020
___awmod@sign                      cstackBANK0  0026
___bmul                            text22       1337
___bmul@multiplicand               cstackBANK0  0020
___bmul@multiplier                 cstackBANK0  0023
___bmul@product                    cstackBANK0  0022
___fladd                           text21       0044
___fladd@a                         cstackBANK0  003C
___fladd@aexp                      cstackBANK0  004D
___fladd@b                         cstackBANK0  0038
___fladd@bexp                      cstackBANK0  004E
___fladd@grs                       cstackBANK0  004F
___fladd@signs                     cstackBANK0  004C
___fldiv                           text20       0300
___fldiv@a                         cstackBANK0  0020
___fldiv@aexp                      cstackBANK0  0039
___fldiv@b                         cstackBANK0  0024
___fldiv@bexp                      cstackBANK0  0038
___fldiv@grs                       cstackBANK0  0034
___fldiv@new_exp                   cstackBANK0  0032
___fldiv@rem                       cstackBANK0  002D
___fldiv@sign                      cstackBANK0  0031
___flneg                           text19       12E8
___flneg@f1                        cstackBANK0  0034
___fltol                           text18       0914
___fltol@exp1                      cstackBANK0  005A
___fltol@f1                        cstackBANK0  0050
___fltol@sign1                     cstackBANK0  0059
___int_sp                          stack        0000
___latbits                         (abs)        0002
___lldiv                           text44       1791
___lldiv@counter                   cstackBANK0  002D
___lldiv@dividend                  cstackBANK0  0024
___lldiv@divisor                   cstackBANK0  0020
___lldiv@quotient                  cstackBANK0  0029
___sp                              stack        0000
___wmul                            text34       1390
___wmul@multiplicand               cstackBANK0  0022
___wmul@multiplier                 cstackBANK0  0020
___wmul@product                    cstackBANK0  0024
___xxtofl                          text17       0D34
___xxtofl@arg                      cstackBANK0  0030
___xxtofl@exp                      cstackBANK0  002F
___xxtofl@sign                     cstackBANK0  002E
___xxtofl@val                      cstackBANK0  0026
__end_of_BCD_2_DEC                 text33       13E4
__end_of_DEC_2_BCD                 text40       1535
__end_of_I2C_Master_Init           text43       156F
__end_of_I2C_Master_Read           text32       14FE
__end_of_I2C_Master_Start          text38       12C6
__end_of_I2C_Master_Stop           text37       12CF
__end_of_I2C_Master_Wait           text39       12E8
__end_of_I2C_Master_Write          text36       12D9
__end_of_Set_Time_Date             text35       0D34
__end_of_Update_Current_Date_Time  text31       069E
__end_of___awdiv                   text42       089C
__end_of___awmod                   text41       1791
__end_of___bmul                    text22       1352
__end_of___fladd                   text21       0300
__end_of___fldiv                   text20       0509
__end_of___flneg                   text19       12F7
__end_of___fltol                   text18       09B0
__end_of___lldiv                   text44       1800
__end_of___wmul                    text34       13BA
__end_of___xxtofl                  text17       0DF8
__end_of__initialization           cinit        0040
__end_of__stringtab                strings      1010
__end_of_apagar_luces              text30       0829
__end_of_b0                        text15       0C73
__end_of_b1                        text14       0B06
__end_of_b2                        text13       15A9
__end_of_boton_lcd                 text9        0ED8
__end_of_check_infrarrojo          text8        14CB
__end_of_configInterrupciones      text7        12AD
__end_of_configPorts               text6        130A
__end_of_initOsci8MHZ              text5        12A5
__end_of_isr                       text45       149A
__end_of_lcd_clear                 text11       129E
__end_of_lcd_cmd                   text28       136E
__end_of_lcd_init                  text4        16CA
__end_of_lcd_port                  text29       15E6
__end_of_lcd_set_cursor            text27       1390
__end_of_lcd_write_char            text26       07FB
__end_of_lcd_write_string          text25       166D
__end_of_main                      maintext     0A5A
__end_of_mostrar_lcd               text24       0BB5
__end_of_num_case                  text16       172C
__end_of_primera_llamada           text3        1411
__end_of_segunda_llamada           text2        143E
__end_of_separa_digitos_rtc        text23       07DF
__end_of_slave_1                   text12       1000
__end_of_slave_2                   text10       0914
__end_of_tercera_llamada           text1        146B
__end_ofi1_lcd_clear               text46       1297
__end_ofi1_lcd_cmd                 text47       1337
__end_ofi1_lcd_port                text48       1625
__initialization                   cinit        000F
__pbssBANK0                        bssBANK0     006E
__pbssBANK1                        bssBANK1     00A0
__pbssCOMMON                       bssCOMMON    007D
__pcstackBANK0                     cstackBANK0  0020
__pcstackBANK1                     cstackBANK1  00C5
__pcstackCOMMON                    cstackCOMMON 0070
__pdataBANK1                       dataBANK1    00BD
__pdataCOMMON                      dataCOMMON   0079
__pidataBANK1                      idataBANK1   12B5
__pidataCOMMON                     idataCOMMON  07FB
__pintentry                        intentry     0004
__pmaintext                        maintext     09B0
__pstrings                         strings      1000
__ptext1                           text1        143E
__ptext10                          text10       089C
__ptext11                          text11       1297
__ptext12                          text12       0ED8
__ptext13                          text13       156F
__ptext14                          text14       0A5A
__ptext15                          text15       0BB5
__ptext16                          text16       16CA
__ptext17                          text17       0D34
__ptext18                          text18       0914
__ptext19                          text19       12E8
__ptext2                           text2        1411
__ptext20                          text20       0300
__ptext21                          text21       0044
__ptext22                          text22       1337
__ptext23                          text23       069E
__ptext24                          text24       0B06
__ptext25                          text25       1625
__ptext26                          text26       07DF
__ptext27                          text27       136E
__ptext28                          text28       1352
__ptext29                          text29       15A9
__ptext3                           text3        13E4
__ptext30                          text30       0802
__ptext31                          text31       0509
__ptext32                          text32       14CB
__ptext33                          text33       13BA
__ptext34                          text34       1390
__ptext35                          text35       0C73
__ptext36                          text36       12CF
__ptext37                          text37       12C6
__ptext38                          text38       12BD
__ptext39                          text39       12D9
__ptext4                           text4        166D
__ptext40                          text40       14FE
__ptext41                          text41       172C
__ptext42                          text42       0829
__ptext43                          text43       1535
__ptext44                          text44       1791
__ptext45                          text45       146B
__ptext46                          text46       1290
__ptext47                          text47       131D
__ptext48                          text48       15E6
__ptext5                           text5        129E
__ptext6                           text6        12F7
__ptext7                           text7        12A5
__ptext8                           text8        149A
__ptext9                           text9        0DF8
__size_of_BCD_2_DEC                (abs)        0000
__size_of_DEC_2_BCD                (abs)        0000
__size_of_I2C_Master_Init          (abs)        0000
__size_of_I2C_Master_Read          (abs)        0000
__size_of_I2C_Master_Start         (abs)        0000
__size_of_I2C_Master_Stop          (abs)        0000
__size_of_I2C_Master_Wait          (abs)        0000
__size_of_I2C_Master_Write         (abs)        0000
__size_of_Set_Time_Date            (abs)        0000
__size_of_Update_Current_Date_Time (abs)        0000
__size_of___awdiv                  (abs)        0000
__size_of___awmod                  (abs)        0000
__size_of___bmul                   (abs)        0000
__size_of___fladd                  (abs)        0000
__size_of___fldiv                  (abs)        0000
__size_of___flneg                  (abs)        0000
__size_of___fltol                  (abs)        0000
__size_of___lldiv                  (abs)        0000
__size_of___wmul                   (abs)        0000
__size_of___xxtofl                 (abs)        0000
__size_of_apagar_luces             (abs)        0000
__size_of_b0                       (abs)        0000
__size_of_b1                       (abs)        0000
__size_of_b2                       (abs)        0000
__size_of_boton_lcd                (abs)        0000
__size_of_check_infrarrojo         (abs)        0000
__size_of_configInterrupciones     (abs)        0000
__size_of_configPorts              (abs)        0000
__size_of_initOsci8MHZ             (abs)        0000
__size_of_isr                      (abs)        0000
__size_of_lcd_clear                (abs)        0000
__size_of_lcd_cmd                  (abs)        0000
__size_of_lcd_init                 (abs)        0000
__size_of_lcd_port                 (abs)        0000
__size_of_lcd_set_cursor           (abs)        0000
__size_of_lcd_write_char           (abs)        0000
__size_of_lcd_write_string         (abs)        0000
__size_of_main                     (abs)        0000
__size_of_mostrar_lcd              (abs)        0000
__size_of_num_case                 (abs)        0000
__size_of_primera_llamada          (abs)        0000
__size_of_segunda_llamada          (abs)        0000
__size_of_separa_digitos_rtc       (abs)        0000
__size_of_slave_1                  (abs)        0000
__size_of_slave_2                  (abs)        0000
__size_of_tercera_llamada          (abs)        0000
__size_ofi1_lcd_clear              (abs)        0000
__size_ofi1_lcd_cmd                (abs)        0000
__size_ofi1_lcd_port               (abs)        0000
__stringbase                       strings      100F
__stringtab                        strings      1000
_apagar_luces                      text30       0802
_b0                                text15       0BB5
_b1                                text14       0A5A
_b2                                text13       156F
_boton_lcd                         text9        0DF8
_check_infrarrojo                  text8        149A
_configInterrupciones              text7        12A5
_configPorts                       text6        12F7
_date                              dataBANK1    00C3
_date_0                            bssBANK1     00B2
_date_1                            bssBANK1     00B1
_hour                              dataCOMMON   0079
_hour_0                            bssBANK1     00B4
_hour_1                            bssBANK1     00B3
_initOsci8MHZ                      text5        129E
_isr                               text45       146B
_lcd_clear                         text11       1297
_lcd_cmd                           text28       1352
_lcd_init                          text4        166D
_lcd_port                          text29       15A9
_lcd_set_cursor                    text27       136E
_lcd_write_char                    text26       07DF
_lcd_write_string                  text25       1625
_limpiar_lcd                       bssBANK1     00AB
_main                              maintext     09B0
_min                               dataCOMMON   007B
_min_0                             bssBANK1     00B6
_min_1                             bssBANK1     00B5
_modo                              bssBANK1     00AC
_month                             dataBANK1    00BF
_month_0                           bssBANK1     00B0
_month_1                           bssBANK1     00AF
_mostrar_lcd                       text24       0B06
_num_case                          text16       16CA
_primera_llamada                   text3        13E4
_s1                                bssBANK1     00B8
_s_humo                            bssBANK1     00A5
_s_temblor                         bssBANK1     00A4
_sec                               bssBANK0     006E
_sec_0                             bssCOMMON    007D
_sec_1                             bssBANK1     00B7
_segunda_llamada                   text2        1411
_sens                              bssBANK1     00A8
_separa_digitos_rtc                text23       069E
_sismo                             bssBANK1     00A9
_slave_1                           text12       0ED8
_slave_1$1187                      cstackBANK1  00C5
_slave_1$1188                      cstackBANK1  00C9
_slave_2                           text10       089C
_temperatura                       bssBANK1     00AA
_tercera_llamada                   text1        143E
_year                              dataBANK1    00BD
_year_0                            bssBANK1     00AE
_year_1                            bssBANK1     00AD
apagar_luces@t                     cstackBANK0  0022
b0@bb0                             cstackBANK0  0064
b0@bb1                             cstackBANK0  0063
b0@bb2                             cstackBANK0  0062
b0@local                           cstackBANK0  0066
b0@m                               cstackBANK0  005B
b0@p0                              cstackBANK0  0065
b1@bb1                             cstackBANK0  0063
b1@bb2                             cstackBANK0  0062
b1@local                           cstackBANK0  0064
b1@m                               cstackBANK0  005B
b1@p1                              cstackBANK0  0065
b2@bb2                             cstackBANK0  0060
b2@m                               cstackBANK0  005B
b2@p2                              cstackBANK0  0061
btemp                              (abs)        007E
clear_ram0                         clrtext      12AD
end_of_initialization              cinit        0040
i1_lcd_clear                       text46       1290
i1_lcd_cmd                         text47       131D
i1_lcd_port                        text48       15E6
i1lcd_cmd@a                        cstackCOMMON 0073
i1lcd_port@a                       cstackCOMMON 0070
init_fetch0                        inittext     130A
init_ram0                          inittext     130E
interrupt_function                 intentry     0004
intlevel0                          functab      0000
intlevel1                          functab      0000
intlevel2                          functab      0000
intlevel3                          functab      0000
intlevel4                          functab      0000
intlevel5                          functab      0000
lcd_cmd@a                          cstackBANK0  0023
lcd_port@a                         cstackBANK0  0020
lcd_set_cursor@a                   cstackBANK0  0025
lcd_set_cursor@b                   cstackBANK0  0024
lcd_write_char@a                   cstackBANK0  0023
lcd_write_string@a                 cstackBANK0  0024
lcd_write_string@i                 cstackBANK0  0029
num_case@num                       cstackBANK0  0022
num_case@r                         cstackBANK0  0023
primera_llamada@h                  cstackBANK0  0024
primera_llamada@m                  cstackBANK0  0020
primera_llamada@s                  cstackBANK0  0021
reset_vec                          reset_vec    0000
saved_w                            (abs)        007E
segunda_llamada@h                  cstackBANK0  0024
segunda_llamada@m                  cstackBANK0  0020
segunda_llamada@s                  cstackBANK0  0021
stackhi                            (abs)        0000
stacklo                            (abs)        0000
start                              init         000C
start_initialization               cinit        000F
tercera_llamada@h                  cstackBANK0  0024
tercera_llamada@m                  cstackBANK0  0020
tercera_llamada@s                  cstackBANK0  0021
wtemp0                             (abs)        007E


FUNCTION INFORMATION:

 *************** function _main *****************
 Defined at:
		line 111 in file "Proyecto1_master.c"
 Parameters:    Size  Location     Type
		None
 Auto vars:     Size  Location     Type
		None
 Return value:  Size  Location     Type
                  1    wreg      void 
 Registers used:
		wreg, fsr0l, fsr0h, status,2, status,0, btemp+1, pclath, cstack
 Tracked objects:
		On entry : 
		On exit  : 
		Unchanged: 
 Data sizes:     COMMON   BANK0   BANK1   BANK3   BANK2
      Params:         0       0       0       0       0
      Locals:         0       0       0       0       0
      Temps:          0       2       0       0       0
      Totals:         0       2       0       0       0
Total ram usage:        2 bytes
 Hardware stack levels required when called:    9
 This function calls:
		_I2C_Master_Init
		_Set_Time_Date
		_Update_Current_Date_Time
		_apagar_luces
		_boton_lcd
		_check_infrarrojo
		_configInterrupciones
		_configPorts
		_initOsci8MHZ
		_lcd_clear
		_lcd_init
		_lcd_set_cursor
		_lcd_write_string
		_primera_llamada
		_segunda_llamada
		_tercera_llamada
 This function is called by:
		Startup code after reset
 This function uses a non-reentrant model


 *************** function _tercera_llamada *****************
 Defined at:
		line 249 in file "Proyecto1_master.c"
 Parameters:    Size  Location     Type
  h               1    wreg     unsigned char 
  m               1    0[BANK0 ] unsigned char 
  s               1    1[BANK0 ] unsigned char 
 Auto vars:     Size  Location     Type
  h               1    4[BANK0 ] unsigned char 
 Return value:  Size  Location     Type
                  1    wreg      void 
 Registers used:
		wreg
 Tracked objects:
		On entry : 
		On exit  : 
		Unchanged: 
 Data sizes:     COMMON   BANK0   BANK1   BANK3   BANK2
      Params:         0       2       0       0       0
      Locals:         0       1       0       0       0
      Temps:          0       2       0       0       0
      Totals:         0       5       0       0       0
Total ram usage:        5 bytes
 Hardware stack levels used:    1
 Hardware stack levels required when called:    4
 This function calls:
		Nothing
 This function is called by:
		_main
 This function uses a non-reentrant model


 *************** function _segunda_llamada *****************
 Defined at:
		line 241 in file "Proyecto1_master.c"
 Parameters:    Size  Location     Type
  h               1    wreg     unsigned char 
  m               1    0[BANK0 ] unsigned char 
  s               1    1[BANK0 ] unsigned char 
 Auto vars:     Size  Location     Type
  h               1    4[BANK0 ] unsigned char 
 Return value:  Size  Location     Type
                  1    wreg      void 
 Registers used:
		wreg
 Tracked objects:
		On entry : 
		On exit  : 
		Unchanged: 
 Data sizes:     COMMON   BANK0   BANK1   BANK3   BANK2
      Params:         0       2       0       0       0
      Locals:         0       1       0       0       0
      Temps:          0       2       0       0       0
      Totals:         0       5       0       0       0
Total ram usage:        5 bytes
 Hardware stack levels used:    1
 Hardware stack levels required when called:    4
 This function calls:
		Nothing
 This function is called by:
		_main
 This function uses a non-reentrant model


 *************** function _primera_llamada *****************
 Defined at:
		line 233 in file "Proyecto1_master.c"
 Parameters:    Size  Location     Type
  h               1    wreg     unsigned char 
  m               1    0[BANK0 ] unsigned char 
  s               1    1[BANK0 ] unsigned char 
 Auto vars:     Size  Location     Type
  h               1    4[BANK0 ] unsigned char 
 Return value:  Size  Location     Type
                  1    wreg      void 
 Registers used:
		wreg
 Tracked objects:
		On entry : 
		On exit  : 
		Unchanged: 
 Data sizes:     COMMON   BANK0   BANK1   BANK3   BANK2
      Params:         0       2       0       0       0
      Locals:         0       1       0       0       0
      Temps:          0       2       0       0       0
      Totals:         0       5       0       0       0
Total ram usage:        5 bytes
 Hardware stack levels used:    1
 Hardware stack levels required when called:    4
 This function calls:
		Nothing
 This function is called by:
		_main
 This function uses a non-reentrant model


 *************** function _lcd_init *****************
 Defined at:
		line 85 in file "LCD.c"
 Parameters:    Size  Location     Type
		None
 Auto vars:     Size  Location     Type
		None
 Return value:  Size  Location     Type
                  1    wreg      void 
 Registers used:
		wreg, status,2, status,0, pclath, cstack
 Tracked objects:
		On entry : 
		On exit  : 
		Unchanged: 
 Data sizes:     COMMON   BANK0   BANK1   BANK3   BANK2
      Params:         0       0       0       0       0
      Locals:         0       0       0       0       0
      Temps:          0       2       0       0       0
      Totals:         0       2       0       0       0
Total ram usage:        2 bytes
 Hardware stack levels used:    1
 Hardware stack levels required when called:    6
 This function calls:
		_lcd_cmd
		_lcd_port
 This function is called by:
		_main
 This function uses a non-reentrant model


 *************** function _initOsci8MHZ *****************
 Defined at:
		line 58 in file "oscilador.c"
 Parameters:    Size  Location     Type
		None
 Auto vars:     Size  Location     Type
		None
 Return value:  Size  Location     Type
                  1    wreg      void 
 Registers used:
		None
 Tracked objects:
		On entry : 
		On exit  : 
		Unchanged: 
 Data sizes:     COMMON   BANK0   BANK1   BANK3   BANK2
      Params:         0       0       0       0       0
      Locals:         0       0       0       0       0
      Temps:          0       0       0       0       0
      Totals:         0       0       0       0       0
Total ram usage:        0 bytes
 Hardware stack levels used:    1
 Hardware stack levels required when called:    4
 This function calls:
		Nothing
 This function is called by:
		_main
 This function uses a non-reentrant model


 *************** function _configPorts *****************
 Defined at:
		line 267 in file "Proyecto1_master.c"
 Parameters:    Size  Location     Type
		None
 Auto vars:     Size  Location     Type
		None
 Return value:  Size  Location     Type
                  1    wreg      void 
 Registers used:
		wreg, status,2
 Tracked objects:
		On entry : 
		On exit  : 
		Unchanged: 
 Data sizes:     COMMON   BANK0   BANK1   BANK3   BANK2
      Params:         0       0       0       0       0
      Locals:         0       0       0       0       0
      Temps:          0       0       0       0       0
      Totals:         0       0       0       0       0
Total ram usage:        0 bytes
 Hardware stack levels used:    1
 Hardware stack levels required when called:    4
 This function calls:
		Nothing
 This function is called by:
		_main
 This function uses a non-reentrant model


 *************** function _configInterrupciones *****************
 Defined at:
		line 286 in file "Proyecto1_master.c"
 Parameters:    Size  Location     Type
		None
 Auto vars:     Size  Location     Type
		None
 Return value:  Size  Location     Type
                  1    wreg      void 
 Registers used:
		None
 Tracked objects:
		On entry : 
		On exit  : 
		Unchanged: 
 Data sizes:     COMMON   BANK0   BANK1   BANK3   BANK2
      Params:         0       0       0       0       0
      Locals:         0       0       0       0       0
      Temps:          0       0       0       0       0
      Totals:         0       0       0       0       0
Total ram usage:        0 bytes
 Hardware stack levels used:    1
 Hardware stack levels required when called:    4
 This function calls:
		Nothing
 This function is called by:
		_main
 This function uses a non-reentrant model


 *************** function _check_infrarrojo *****************
 Defined at:
		line 380 in file "Proyecto1_master.c"
 Parameters:    Size  Location     Type
		None
 Auto vars:     Size  Location     Type
		None
 Return value:  Size  Location     Type
                  1    wreg      void 
 Registers used:
		wreg, status,2, status,0
 Tracked objects:
		On entry : 
		On exit  : 
		Unchanged: 
 Data sizes:     COMMON   BANK0   BANK1   BANK3   BANK2
      Params:         0       0       0       0       0
      Locals:         0       0       0       0       0
      Temps:          0       2       0       0       0
      Totals:         0       2       0       0       0
Total ram usage:        2 bytes
 Hardware stack levels used:    1
 Hardware stack levels required when called:    4
 This function calls:
		Nothing
 This function is called by:
		_main
 This function uses a non-reentrant model


 *************** function _boton_lcd *****************
 Defined at:
		line 161 in file "Proyecto1_master.c"
 Parameters:    Size  Location     Type
		None
 Auto vars:     Size  Location     Type
		None
 Return value:  Size  Location     Type
                  1    wreg      void 
 Registers used:
		wreg, fsr0l, fsr0h, status,2, status,0, btemp+1, pclath, cstack
 Tracked objects:
		On entry : 
		On exit  : 
		Unchanged: 
 Data sizes:     COMMON   BANK0   BANK1   BANK3   BANK2
      Params:         0       0       0       0       0
      Locals:         0       0       0       0       0
      Temps:          0       0       0       0       0
      Totals:         0       0       0       0       0
Total ram usage:        0 bytes
 Hardware stack levels used:    1
 Hardware stack levels required when called:    8
 This function calls:
		_lcd_set_cursor
		_lcd_write_char
		_lcd_write_string
		_mostrar_lcd
		_separa_digitos_rtc
		_slave_1
		_slave_2
 This function is called by:
		_main
 This function uses a non-reentrant model


 *************** function _slave_2 *****************
 Defined at:
		line 416 in file "Proyecto1_master.c"
 Parameters:    Size  Location     Type
		None
 Auto vars:     Size  Location     Type
		None
 Return value:  Size  Location     Type
                  1    wreg      void 
 Registers used:
		wreg, fsr0l, fsr0h, status,2, status,0, btemp+1, pclath, cstack
 Tracked objects:
		On entry : 
		On exit  : 
		Unchanged: 
 Data sizes:     COMMON   BANK0   BANK1   BANK3   BANK2
      Params:         0       0       0       0       0
      Locals:         0       0       0       0       0
      Temps:          0       3       0       0       0
      Totals:         0       3       0       0       0
Total ram usage:        3 bytes
 Hardware stack levels used:    1
 Hardware stack levels required when called:    7
 This function calls:
		_I2C_Master_Read
		_I2C_Master_Start
		_I2C_Master_Stop
		_I2C_Master_Write
		_lcd_clear
		_lcd_set_cursor
		_lcd_write_string
 This function is called by:
		_boton_lcd
 This function uses a non-reentrant model


 *************** function _lcd_clear *****************
 Defined at:
		line 105 in file "LCD.c"
 Parameters:    Size  Location     Type
		None
 Auto vars:     Size  Location     Type
		None
 Return value:  Size  Location     Type
                  1    wreg      void 
 Registers used:
		wreg, status,2, status,0, pclath, cstack
 Tracked objects:
		On entry : 
		On exit  : 
		Unchanged: 
 Data sizes:     COMMON   BANK0   BANK1   BANK3   BANK2
      Params:         0       0       0       0       0
      Locals:         0       0       0       0       0
      Temps:          0       0       0       0       0
      Totals:         0       0       0       0       0
Total ram usage:        0 bytes
 Hardware stack levels used:    1
 Hardware stack levels required when called:    6
 This function calls:
		_lcd_cmd
 This function is called by:
		_main
		_slave_2
 This function uses a non-reentrant model


 *************** function _slave_1 *****************
 Defined at:
		line 400 in file "Proyecto1_master.c"
 Parameters:    Size  Location     Type
		None
 Auto vars:     Size  Location     Type
		None
 Return value:  Size  Location     Type
                  1    wreg      void 
 Registers used:
		wreg, fsr0l, fsr0h, status,2, status,0, btemp+1, pclath, cstack
 Tracked objects:
		On entry : 
		On exit  : 
		Unchanged: 
 Data sizes:     COMMON   BANK0   BANK1   BANK3   BANK2
      Params:         0       0       0       0       0
      Locals:         0       0       8       0       0
      Temps:          0       5       0       0       0
      Totals:         0       5       8       0       0
Total ram usage:       13 bytes
 Hardware stack levels used:    1
 Hardware stack levels required when called:    7
 This function calls:
		_I2C_Master_Read
		_I2C_Master_Start
		_I2C_Master_Stop
		_I2C_Master_Write
		___xxtofl
		_b0
		_b1
		_b2
		_lcd_set_cursor
		_lcd_write_char
		_lcd_write_string
 This function is called by:
		_boton_lcd
 This function uses a non-reentrant model


 *************** function _b2 *****************
 Defined at:
		line 481 in file "Proyecto1_master.c"
 Parameters:    Size  Location     Type
  m               4   59[BANK0 ] float 
 Auto vars:     Size  Location     Type
  local           4    0        float 
  p2              1   65[BANK0 ] unsigned char 
  bb2             1   64[BANK0 ] unsigned char 
 Return value:  Size  Location     Type
                  1    wreg      unsigned char 
 Registers used:
		wreg, fsr0l, fsr0h, status,2, status,0, btemp+1, pclath, cstack
 Tracked objects:
		On entry : 
		On exit  : 
		Unchanged: 
 Data sizes:     COMMON   BANK0   BANK1   BANK3   BANK2
      Params:         0       4       0       0       0
      Locals:         0       2       0       0       0
      Temps:          0       1       0       0       0
      Totals:         0       7       0       0       0
Total ram usage:        7 bytes
 Hardware stack levels used:    1
 Hardware stack levels required when called:    5
 This function calls:
		___fldiv
		___fltol
		_num_case
 This function is called by:
		_slave_1
 This function uses a non-reentrant model


 *************** function _b1 *****************
 Defined at:
		line 491 in file "Proyecto1_master.c"
 Parameters:    Size  Location     Type
  m               4   59[BANK0 ] float 
 Auto vars:     Size  Location     Type
  p1              1   69[BANK0 ] unsigned char 
  local           1   68[BANK0 ] unsigned char 
  bb1             1   67[BANK0 ] unsigned char 
  bb2             1   66[BANK0 ] unsigned char 
 Return value:  Size  Location     Type
                  1    wreg      unsigned char 
 Registers used:
		wreg, fsr0l, fsr0h, status,2, status,0, btemp+1, pclath, cstack
 Tracked objects:
		On entry : 
		On exit  : 
		Unchanged: 
 Data sizes:     COMMON   BANK0   BANK1   BANK3   BANK2
      Params:         0       4       0       0       0
      Locals:         0       4       0       0       0
      Temps:          0       3       0       0       0
      Totals:         0      11       0       0       0
Total ram usage:       11 bytes
 Hardware stack levels used:    1
 Hardware stack levels required when called:    5
 This function calls:
		___awdiv
		___fladd
		___fldiv
		___flneg
		___fltol
		___wmul
		___xxtofl
		_num_case
 This function is called by:
		_slave_1
 This function uses a non-reentrant model


 *************** function _b0 *****************
 Defined at:
		line 504 in file "Proyecto1_master.c"
 Parameters:    Size  Location     Type
  m               4   59[BANK0 ] float 
 Auto vars:     Size  Location     Type
  local           1   70[BANK0 ] unsigned char 
  p0              1   69[BANK0 ] unsigned char 
  bb0             1   68[BANK0 ] unsigned char 
  bb1             1   67[BANK0 ] unsigned char 
  bb2             1   66[BANK0 ] unsigned char 
 Return value:  Size  Location     Type
                  1    wreg      unsigned char 
 Registers used:
		wreg, fsr0l, fsr0h, status,2, status,0, btemp+1, pclath, cstack
 Tracked objects:
		On entry : 
		On exit  : 
		Unchanged: 
 Data sizes:     COMMON   BANK0   BANK1   BANK3   BANK2
      Params:         0       4       0       0       0
      Locals:         0       5       0       0       0
      Temps:          0       3       0       0       0
      Totals:         0      12       0       0       0
Total ram usage:       12 bytes
 Hardware stack levels used:    1
 Hardware stack levels required when called:    5
 This function calls:
		___awdiv
		___bmul
		___fladd
		___fldiv
		___flneg
		___fltol
		___wmul
		___xxtofl
		_num_case
 This function is called by:
		_slave_1
 This function uses a non-reentrant model


 *************** function _num_case *****************
 Defined at:
		line 444 in file "Proyecto1_master.c"
 Parameters:    Size  Location     Type
  num             1    wreg     unsigned char 
 Auto vars:     Size  Location     Type
  num             1    2[BANK0 ] unsigned char 
  r               1    3[BANK0 ] unsigned char 
 Return value:  Size  Location     Type
                  1    wreg      unsigned char 
 Registers used:
		wreg, fsr0l, fsr0h, status,2, status,0
 Tracked objects:
		On entry : 
		On exit  : 
		Unchanged: 
 Data sizes:     COMMON   BANK0   BANK1   BANK3   BANK2
      Params:         0       0       0       0       0
      Locals:         0       2       0       0       0
      Temps:          0       2       0       0       0
      Totals:         0       4       0       0       0
Total ram usage:        4 bytes
 Hardware stack levels used:    1
 Hardware stack levels required when called:    4
 This function calls:
		Nothing
 This function is called by:
		_b2
		_b1
		_b0
 This function uses a non-reentrant model


 *************** function ___xxtofl *****************
 Defined at:
		line 10 in file "C:\Program Files (x86)\Microchip\xc8\v2.00\pic\sources\c90\common\xxtofl.c"
 Parameters:    Size  Location     Type
  sign            1    wreg     unsigned char 
  val             4    6[BANK0 ] long 
 Auto vars:     Size  Location     Type
  sign            1   14[BANK0 ] unsigned char 
  arg             4   16[BANK0 ] unsigned long 
  exp             1   15[BANK0 ] unsigned char 
 Return value:  Size  Location     Type
                  4    6[BANK0 ] unsigned char 
 Registers used:
		wreg, status,2, status,0
 Tracked objects:
		On entry : 
		On exit  : 
		Unchanged: 
 Data sizes:     COMMON   BANK0   BANK1   BANK3   BANK2
      Params:         0       4       0       0       0
      Locals:         0       6       0       0       0
      Temps:          0       4       0       0       0
      Totals:         0      14       0       0       0
Total ram usage:       14 bytes
 Hardware stack levels used:    1
 Hardware stack levels required when called:    4
 This function calls:
		Nothing
 This function is called by:
		_slave_1
		_b1
		_b0
 This function uses a non-reentrant model


 *************** function ___fltol *****************
 Defined at:
		line 43 in file "C:\Program Files (x86)\Microchip\xc8\v2.00\pic\sources\c90\common\fltol.c"
 Parameters:    Size  Location     Type
  f1              4   48[BANK0 ] unsigned char 
 Auto vars:     Size  Location     Type
  exp1            1   58[BANK0 ] unsigned char 
  sign1           1   57[BANK0 ] unsigned char 
 Return value:  Size  Location     Type
                  4   48[BANK0 ] long 
 Registers used:
		wreg, status,2, status,0
 Tracked objects:
		On entry : 
		On exit  : 
		Unchanged: 
 Data sizes:     COMMON   BANK0   BANK1   BANK3   BANK2
      Params:         0       4       0       0       0
      Locals:         0       2       0       0       0
      Temps:          0       5       0       0       0
      Totals:         0      11       0       0       0
Total ram usage:       11 bytes
 Hardware stack levels used:    1
 Hardware stack levels required when called:    4
 This function calls:
		Nothing
 This function is called by:
		_b2
		_b1
		_b0
 This function uses a non-reentrant model


 *************** function ___flneg *****************
 Defined at:
		line 15 in file "C:\Program Files (x86)\Microchip\xc8\v2.00\pic\sources\c90\common\flneg.c"
 Parameters:    Size  Location     Type
  f1              4   20[BANK0 ] long 
 Auto vars:     Size  Location     Type
		None
 Return value:  Size  Location     Type
                  4   20[BANK0 ] long 
 Registers used:
		wreg
 Tracked objects:
		On entry : 
		On exit  : 
		Unchanged: 
 Data sizes:     COMMON   BANK0   BANK1   BANK3   BANK2
      Params:         0       4       0       0       0
      Locals:         0       0       0       0       0
      Temps:          0       0       0       0       0
      Totals:         0       4       0       0       0
Total ram usage:        4 bytes
 Hardware stack levels used:    1
 Hardware stack levels required when called:    4
 This function calls:
		Nothing
 This function is called by:
		_b1
		_b0
 This function uses a non-reentrant model


 *************** function ___fldiv *****************
 Defined at:
		line 8 in file "C:\Program Files (x86)\Microchip\xc8\v2.00\pic\sources\c90\common\sprcdiv.c"
 Parameters:    Size  Location     Type
  a               4    0[BANK0 ] long 
  b               4    4[BANK0 ] long 
 Auto vars:     Size  Location     Type
  grs             4   20[BANK0 ] unsigned long 
  rem             4   13[BANK0 ] unsigned long 
  new_exp         2   18[BANK0 ] int 
  aexp            1   25[BANK0 ] unsigned char 
  bexp            1   24[BANK0 ] unsigned char 
  sign            1   17[BANK0 ] unsigned char 
 Return value:  Size  Location     Type
                  4    0[BANK0 ] unsigned char 
 Registers used:
		wreg, status,2, status,0, btemp+1
 Tracked objects:
		On entry : 
		On exit  : 
		Unchanged: 
 Data sizes:     COMMON   BANK0   BANK1   BANK3   BANK2
      Params:         0       8       0       0       0
      Locals:         0      13       0       0       0
      Temps:          0       5       0       0       0
      Totals:         0      26       0       0       0
Total ram usage:       26 bytes
 Hardware stack levels used:    1
 Hardware stack levels required when called:    4
 This function calls:
		Nothing
 This function is called by:
		_b2
		_b1
		_b0
 This function uses a non-reentrant model


 *************** function ___fladd *****************
 Defined at:
		line 10 in file "C:\Program Files (x86)\Microchip\xc8\v2.00\pic\sources\c90\common\sprcadd.c"
 Parameters:    Size  Location     Type
  b               4   24[BANK0 ] unsigned char 
  a               4   28[BANK0 ] unsigned char 
 Auto vars:     Size  Location     Type
  grs             1   47[BANK0 ] unsigned char 
  bexp            1   46[BANK0 ] unsigned char 
  aexp            1   45[BANK0 ] unsigned char 
  signs           1   44[BANK0 ] unsigned char 
 Return value:  Size  Location     Type
                  4   24[BANK0 ] unsigned char 
 Registers used:
		wreg, status,2, status,0, btemp+1
 Tracked objects:
		On entry : 
		On exit  : 
		Unchanged: 
 Data sizes:     COMMON   BANK0   BANK1   BANK3   BANK2
      Params:         0       8       0       0       0
      Locals:         0       4       0       0       0
      Temps:          0      12       0       0       0
      Totals:         0      24       0       0       0
Total ram usage:       24 bytes
 Hardware stack levels used:    1
 Hardware stack levels required when called:    4
 This function calls:
		Nothing
 This function is called by:
		_b1
		_b0
 This function uses a non-reentrant model


 *************** function ___bmul *****************
 Defined at:
		line 4 in file "C:\Program Files (x86)\Microchip\xc8\v2.00\pic\sources\c90\common\Umul8.c"
 Parameters:    Size  Location     Type
  multiplier      1    wreg     unsigned char 
  multiplicand    1    0[BANK0 ] unsigned char 
 Auto vars:     Size  Location     Type
  multiplier      1    3[BANK0 ] unsigned char 
  product         1    2[BANK0 ] unsigned char 
 Return value:  Size  Location     Type
                  1    wreg      unsigned char 
 Registers used:
		wreg, status,2, status,0
 Tracked objects:
		On entry : 
		On exit  : 
		Unchanged: 
 Data sizes:     COMMON   BANK0   BANK1   BANK3   BANK2
      Params:         0       1       0       0       0
      Locals:         0       2       0       0       0
      Temps:          0       1       0       0       0
      Totals:         0       4       0       0       0
Total ram usage:        4 bytes
 Hardware stack levels used:    1
 Hardware stack levels required when called:    4
 This function calls:
		Nothing
 This function is called by:
		_b0
 This function uses a non-reentrant model


 *************** function _separa_digitos_rtc *****************
 Defined at:
		line 194 in file "Proyecto1_master.c"
 Parameters:    Size  Location     Type
		None
 Auto vars:     Size  Location     Type
		None
 Return value:  Size  Location     Type
                  1    wreg      void 
 Registers used:
		wreg, status,2, status,0, pclath, cstack
 Tracked objects:
		On entry : 
		On exit  : 
		Unchanged: 
 Data sizes:     COMMON   BANK0   BANK1   BANK3   BANK2
      Params:         0       0       0       0       0
      Locals:         0       0       0       0       0
      Temps:          0       1       0       0       0
      Totals:         0       1       0       0       0
Total ram usage:        1 bytes
 Hardware stack levels used:    1
 Hardware stack levels required when called:    5
 This function calls:
		___awdiv
		___awmod
 This function is called by:
		_boton_lcd
 This function uses a non-reentrant model


 *************** function _mostrar_lcd *****************
 Defined at:
		line 210 in file "Proyecto1_master.c"
 Parameters:    Size  Location     Type
		None
 Auto vars:     Size  Location     Type
		None
 Return value:  Size  Location     Type
                  1    wreg      void 
 Registers used:
		wreg, fsr0l, fsr0h, status,2, status,0, btemp+1, pclath, cstack
 Tracked objects:
		On entry : 
		On exit  : 
		Unchanged: 
 Data sizes:     COMMON   BANK0   BANK1   BANK3   BANK2
      Params:         0       0       0       0       0
      Locals:         0       0       0       0       0
      Temps:          0       1       0       0       0
      Totals:         0       1       0       0       0
Total ram usage:        1 bytes
 Hardware stack levels used:    1
 Hardware stack levels required when called:    7
 This function calls:
		_lcd_set_cursor
		_lcd_write_char
		_lcd_write_string
 This function is called by:
		_boton_lcd
 This function uses a non-reentrant model


 *************** function _lcd_write_string *****************
 Defined at:
		line 131 in file "LCD.c"
 Parameters:    Size  Location     Type
  a               2    4[BANK0 ] PTR unsigned char 
		 -> STR_15(15), STR_14(16), STR_13(2), s1(5), 
		 -> STR_12(2), STR_11(2), STR_10(2), STR_9(2), 
		 -> STR_8(6), STR_7(9), STR_6(13), STR_5(10), 
		 -> STR_4(6), STR_3(7), STR_2(6), STR_1(7), 
 Auto vars:     Size  Location     Type
  i               2    9[BANK0 ] int 
 Return value:  Size  Location     Type
                  1    wreg      void 
 Registers used:
		wreg, fsr0l, fsr0h, status,2, status,0, btemp+1, pclath, cstack
 Tracked objects:
		On entry : 
		On exit  : 
		Unchanged: 
 Data sizes:     COMMON   BANK0   BANK1   BANK3   BANK2
      Params:         0       2       0       0       0
      Locals:         0       2       0       0       0
      Temps:          0       3       0       0       0
      Totals:         0       7       0       0       0
Total ram usage:        7 bytes
 Hardware stack levels used:    1
 Hardware stack levels required when called:    6
 This function calls:
		_lcd_write_char
 This function is called by:
		_main
		_boton_lcd
		_mostrar_lcd
		_slave_1
		_slave_2
 This function uses a non-reentrant model


 *************** function _lcd_write_char *****************
 Defined at:
		line 121 in file "LCD.c"
 Parameters:    Size  Location     Type
  a               1    wreg     unsigned char 
 Auto vars:     Size  Location     Type
  a               1    3[BANK0 ] unsigned char 
 Return value:  Size  Location     Type
                  1    wreg      void 
 Registers used:
		wreg, status,2, status,0, pclath, cstack
 Tracked objects:
		On entry : 
		On exit  : 
		Unchanged: 
 Data sizes:     COMMON   BANK0   BANK1   BANK3   BANK2
      Params:         0       0       0       0       0
      Locals:         0       1       0       0       0
      Temps:          0       2       0       0       0
      Totals:         0       3       0       0       0
Total ram usage:        3 bytes
 Hardware stack levels used:    1
 Hardware stack levels required when called:    5
 This function calls:
		_lcd_port
 This function is called by:
		_boton_lcd
		_mostrar_lcd
		_slave_1
		_lcd_write_string
 This function uses a non-reentrant model


 *************** function _lcd_set_cursor *****************
 Defined at:
		line 110 in file "LCD.c"
 Parameters:    Size  Location     Type
  a               1    wreg     unsigned char 
  b               1    4[BANK0 ] unsigned char 
 Auto vars:     Size  Location     Type
  a               1    5[BANK0 ] unsigned char 
 Return value:  Size  Location     Type
                  1    wreg      void 
 Registers used:
		wreg, status,2, status,0, pclath, cstack
 Tracked objects:
		On entry : 
		On exit  : 
		Unchanged: 
 Data sizes:     COMMON   BANK0   BANK1   BANK3   BANK2
      Params:         0       1       0       0       0
      Locals:         0       1       0       0       0
      Temps:          0       0       0       0       0
      Totals:         0       2       0       0       0
Total ram usage:        2 bytes
 Hardware stack levels used:    1
 Hardware stack levels required when called:    6
 This function calls:
		_lcd_cmd
 This function is called by:
		_main
		_boton_lcd
		_mostrar_lcd
		_slave_1
		_slave_2
 This function uses a non-reentrant model


 *************** function _lcd_cmd *****************
 Defined at:
		line 75 in file "LCD.c"
 Parameters:    Size  Location     Type
  a               1    wreg     unsigned char 
 Auto vars:     Size  Location     Type
  a               1    3[BANK0 ] unsigned char 
 Return value:  Size  Location     Type
                  1    wreg      void 
 Registers used:
		wreg, status,2, status,0, pclath, cstack
 Tracked objects:
		On entry : 
		On exit  : 
		Unchanged: 
 Data sizes:     COMMON   BANK0   BANK1   BANK3   BANK2
      Params:         0       0       0       0       0
      Locals:         0       1       0       0       0
      Temps:          0       2       0       0       0
      Totals:         0       3       0       0       0
Total ram usage:        3 bytes
 Hardware stack levels used:    1
 Hardware stack levels required when called:    5
 This function calls:
		_lcd_port
 This function is called by:
		_lcd_init
		_lcd_clear
		_lcd_set_cursor
		_lcd_shift_right
		_lcd_shift_left
 This function uses a non-reentrant model


 *************** function _lcd_port *****************
 Defined at:
		line 24 in file "LCD.c"
 Parameters:    Size  Location     Type
  a               1    wreg     unsigned char 
 Auto vars:     Size  Location     Type
  a               1    0[BANK0 ] unsigned char 
 Return value:  Size  Location     Type
                  1    wreg      void 
 Registers used:
		wreg
 Tracked objects:
		On entry : 
		On exit  : 
		Unchanged: 
 Data sizes:     COMMON   BANK0   BANK1   BANK3   BANK2
      Params:         0       0       0       0       0
      Locals:         0       1       0       0       0
      Temps:          0       0       0       0       0
      Totals:         0       1       0       0       0
Total ram usage:        1 bytes
 Hardware stack levels used:    1
 Hardware stack levels required when called:    4
 This function calls:
		Nothing
 This function is called by:
		_lcd_cmd
		_lcd_init
		_lcd_write_char
 This function uses a non-reentrant model


 *************** function _apagar_luces *****************
 Defined at:
[...]
      Locals:         0       0       0       0       0
      Temps:          0       2       0       0       0
      Totals:         0       4       0       0       0
Total ram usage:        4 bytes
 Hardware stack levels used:    1
 Hardware stack levels required when called:    5
 This function calls:
		___wmul
 This function is called by:
		_Update_Current_Date_Time
 This function uses a non-reentrant model


 *************** function ___wmul *****************
 Defined at:
		line 15 in file "C:\Program Files (x86)\Microchip\xc8\v2.00\pic\sources\c90\common\Umul16.c"
 Parameters:    Size  Location     Type
  multiplier      2    0[BANK0 ] unsigned int 
  multiplicand    2    2[BANK0 ] unsigned int 
 Auto vars:     Size  Location     Type
  product         2    4[BANK0 ] unsigned int 
 Return value:  Size  Location     Type
                  2    0[BANK0 ] unsigned int 
 Registers used:
		wreg, status,2, status,0
 Tracked objects:
		On entry : 
		On exit  : 
		Unchanged: 
 Data sizes:     COMMON   BANK0   BANK1   BANK3   BANK2
      Params:         0       4       0       0       0
      Locals:         0       2       0       0       0
      Temps:          0       0       0       0       0
      Totals:         0       6       0       0       0
Total ram usage:        6 bytes
 Hardware stack levels used:    1
 Hardware stack levels required when called:    4
 This function calls:
		Nothing
 This function is called by:
		_BCD_2_DEC
		_b1
		_b0
 This function uses a non-reentrant model


 *************** function _Set_Time_Date *****************
 Defined at:
		line 309 in file "Proyecto1_master.c"
 Parameters:    Size  Location     Type
		None
 Auto vars:     Size  Location     Type
		None
 Return value:  Size  Location     Type
                  1    wreg      void 
 Registers used:
		wreg, status,2, status,0, pclath, cstack
 Tracked objects:
		On entry : 
		On exit  : 
		Unchanged: 
 Data sizes:     COMMON   BANK0   BANK1   BANK3   BANK2
      Params:         0       0       0       0       0
      Locals:         0       0       0       0       0
      Temps:          0       0       0       0       0
      Totals:         0       0       0       0       0
Total ram usage:        0 bytes
 Hardware stack levels used:    1
 Hardware stack levels required when called:    6
 This function calls:
		_DEC_2_BCD
		_I2C_Master_Start
		_I2C_Master_Stop
		_I2C_Master_Write
 This function is called by:
		_main
 This function uses a non-reentrant model


 *************** function _I2C_Master_Write *****************
 Defined at:
		line 62 in file "I2C.c"
 Parameters:    Size  Location     Type
  d               2   13[BANK0 ] unsigned int 
 Auto vars:     Size  Location     Type
		None
 Return value:  Size  Location     Type
                  1    wreg      void 
 Registers used:
		wreg, status,2, status,0, pclath, cstack
 Tracked objects:
		On entry : 
		On exit  : 
		Unchanged: 
 Data sizes:     COMMON   BANK0   BANK1   BANK3   BANK2
      Params:         0       2       0       0       0
      Locals:         0       0       0       0       0
      Temps:          0       0       0       0       0
      Totals:         0       2       0       0       0
Total ram usage:        2 bytes
 Hardware stack levels used:    1
 Hardware stack levels required when called:    5
 This function calls:
		_I2C_Master_Wait
 This function is called by:
		_Set_Time_Date
		_Update_Current_Date_Time
		_slave_1
		_slave_2
 This function uses a non-reentrant model


 *************** function _I2C_Master_Stop *****************
 Defined at:
		line 52 in file "I2C.c"
 Parameters:    Size  Location     Type
		None
 Auto vars:     Size  Location     Type
		None
 Return value:  Size  Location     Type
                  1    wreg      void 
 Registers used:
		wreg, status,2, status,0, pclath, cstack
 Tracked objects:
		On entry : 
		On exit  : 
		Unchanged: 
 Data sizes:     COMMON   BANK0   BANK1   BANK3   BANK2
      Params:         0       0       0       0       0
      Locals:         0       0       0       0       0
      Temps:          0       0       0       0       0
      Totals:         0       0       0       0       0
Total ram usage:        0 bytes
 Hardware stack levels used:    1
 Hardware stack levels required when called:    5
 This function calls:
		_I2C_Master_Wait
 This function is called by:
		_Set_Time_Date
		_Update_Current_Date_Time
		_slave_1
		_slave_2
 This function uses a non-reentrant model


 *************** function _I2C_Master_Start *****************
 Defined at:
		line 36 in file "I2C.c"
 Parameters:    Size  Location     Type
		None
 Auto vars:     Size  Location     Type
		None
 Return value:  Size  Location     Type
                  1    wreg      void 
 Registers used:
		wreg, status,2, status,0, pclath, cstack
 Tracked objects:
		On entry : 
		On exit  : 
		Unchanged: 
 Data sizes:     COMMON   BANK0   BANK1   BANK3   BANK2
      Params:         0       0       0       0       0
      Locals:         0       0       0       0       0
      Temps:          0       0       0       0       0
      Totals:         0       0       0       0       0
Total ram usage:        0 bytes
 Hardware stack levels used:    1
 Hardware stack levels required when called:    5
 This function calls:
		_I2C_Master_Wait
 This function is called by:
		_Set_Time_Date
		_Update_Current_Date_Time
		_slave_1
		_slave_2
 This function uses a non-reentrant model


 *************** function _I2C_Master_Wait *****************
 Defined at:
		line 29 in file "I2C.c"
 Parameters:    Size  Location     Type
		None
 Auto vars:     Size  Location     Type
		None
 Return value:  Size  Location     Type
                  1    wreg      void 
 Registers used:
		wreg, status,2
 Tracked objects:
		On entry : 
		On exit  : 
		Unchanged: 
 Data sizes:     COMMON   BANK0   BANK1   BANK3   BANK2
      Params:         0       0       0       0       0
      Locals:         0       0       0       0       0
      Temps:          0       0       0       0       0
      Totals:         0       0       0       0       0
Total ram usage:        0 bytes
 Hardware stack levels used:    1
 Hardware stack levels required when called:    4
 This function calls:
		Nothing
 This function is called by:
		_I2C_Master_Start
		_I2C_Master_Stop
		_I2C_Master_Write
		_I2C_Master_Read
		_I2C_Master_RepeatedStart
 This function uses a non-reentrant model


 *************** function _DEC_2_BCD *****************
 Defined at:
		line 303 in file "Proyecto1_master.c"
 Parameters:    Size  Location     Type
  to_convert      2    9[BANK0 ] int 
 Auto vars:     Size  Location     Type
		None
 Return value:  Size  Location     Type
                  2    9[BANK0 ] int 
 Registers used:
		wreg, status,2, status,0, pclath, cstack
 Tracked objects:
		On entry : 
		On exit  : 
		Unchanged: 
 Data sizes:     COMMON   BANK0   BANK1   BANK3   BANK2
      Params:         0       2       0       0       0
      Locals:         0       0       0       0       0
      Temps:          0       2       0       0       0
      Totals:         0       4       0       0       0
Total ram usage:        4 bytes
 Hardware stack levels used:    1
 Hardware stack levels required when called:    5
 This function calls:
		___awdiv
		___awmod
 This function is called by:
		_Set_Time_Date
 This function uses a non-reentrant model


 *************** function ___awmod *****************
 Defined at:
		line 5 in file "C:\Program Files (x86)\Microchip\xc8\v2.00\pic\sources\c90\common\awmod.c"
 Parameters:    Size  Location     Type
  divisor         2    0[BANK0 ] int 
  dividend        2    2[BANK0 ] int 
 Auto vars:     Size  Location     Type
  sign            1    6[BANK0 ] unsigned char 
  counter         1    5[BANK0 ] unsigned char 
 Return value:  Size  Location     Type
                  2    0[BANK0 ] int 
 Registers used:
		wreg, status,2, status,0
 Tracked objects:
		On entry : 
		On exit  : 
		Unchanged: 
 Data sizes:     COMMON   BANK0   BANK1   BANK3   BANK2
      Params:         0       4       0       0       0
      Locals:         0       2       0       0       0
      Temps:          0       1       0       0       0
      Totals:         0       7       0       0       0
Total ram usage:        7 bytes
 Hardware stack levels used:    1
 Hardware stack levels required when called:    4
 This function calls:
		Nothing
 This function is called by:
		_separa_digitos_rtc
		_DEC_2_BCD
 This function uses a non-reentrant model


 *************** function ___awdiv *****************
 Defined at:
		line 5 in file "C:\Program Files (x86)\Microchip\xc8\v2.00\pic\sources\c90\common\awdiv.c"
 Parameters:    Size  Location     Type
  divisor         2    0[BANK0 ] int 
  dividend        2    2[BANK0 ] int 
 Auto vars:     Size  Location     Type
  quotient        2    7[BANK0 ] int 
  sign            1    6[BANK0 ] unsigned char 
  counter         1    5[BANK0 ] unsigned char 
 Return value:  Size  Location     Type
                  2    0[BANK0 ] int 
 Registers used:
		wreg, status,2, status,0
 Tracked objects:
		On entry : 
		On exit  : 
		Unchanged: 
 Data sizes:     COMMON   BANK0   BANK1   BANK3   BANK2
      Params:         0       4       0       0       0
      Locals:         0       4       0       0       0
      Temps:          0       1       0       0       0
      Totals:         0       9       0       0       0
Total ram usage:        9 bytes
 Hardware stack levels used:    1
 Hardware stack levels required when called:    4
 This function calls:
		Nothing
 This function is called by:
		_separa_digitos_rtc
		_DEC_2_BCD
		_b1
		_b0
 This function uses a non-reentrant model


 *************** function _I2C_Master_Init *****************
 Defined at:
		line 13 in file "I2C.c"
 Parameters:    Size  Location     Type
  c               4   14[BANK0 ] const unsigned long 
 Auto vars:     Size  Location     Type
		None
 Return value:  Size  Location     Type
                  1    wreg      void 
 Registers used:
		wreg, status,2, status,0, pclath, cstack
 Tracked objects:
		On entry : 
		On exit  : 
		Unchanged: 
 Data sizes:     COMMON   BANK0   BANK1   BANK3   BANK2
      Params:         0       4       0       0       0
      Locals:         0       0       0       0       0
      Temps:          0       4       0       0       0
      Totals:         0       8       0       0       0
Total ram usage:        8 bytes
 Hardware stack levels used:    1
 Hardware stack levels required when called:    5
 This function calls:
		___lldiv
 This function is called by:
		_main
 This function uses a non-reentrant model


 *************** function ___lldiv *****************
 Defined at:
		line 5 in file "C:\Program Files (x86)\Microchip\xc8\v2.00\pic\sources\c90\common\__lldiv.c"
 Parameters:    Size  Location     Type
  divisor         4    0[BANK0 ] unsigned long 
  dividend        4    4[BANK0 ] unsigned long 
 Auto vars:     Size  Location     Type
  quotient        4    9[BANK0 ] unsigned long 
  counter         1   13[BANK0 ] unsigned char 
 Return value:  Size  Location     Type
                  4    0[BANK0 ] unsigned long 
 Registers used:
		wreg, status,2, status,0
 Tracked objects:
		On entry : 
		On exit  : 
		Unchanged: 
 Data sizes:     COMMON   BANK0   BANK1   BANK3   BANK2
      Params:         0       8       0       0       0
      Locals:         0       5       0       0       0
      Temps:          0       1       0       0       0
      Totals:         0      14       0       0       0
Total ram usage:       14 bytes
 Hardware stack levels used:    1
 Hardware stack levels required when called:    4
 This function calls:
		Nothing
 This function is called by:
		_I2C_Master_Init
 This function uses a non-reentrant model


 *************** function _isr *****************
 Defined at:
		line 95 in file "Proyecto1_master.c"
 Parameters:    Size  Location     Type
		None
 Auto vars:     Size  Location     Type
		None
 Return value:  Size  Location     Type
                  1    wreg      void 
 Registers used:
		wreg, status,2, status,0, pclath, cstack
 Tracked objects:
		On entry : 
		On exit  : 
		Unchanged: 
 Data sizes:     COMMON   BANK0   BANK1   BANK3   BANK2
      Params:         0       0       0       0       0
      Locals:         0       0       0       0       0
      Temps:          5       0       0       0       0
      Totals:         5       0       0       0       0
Total ram usage:        5 bytes
 Hardware stack levels used:    1
 Hardware stack levels required when called:    3
 This function calls:
		i1_lcd_clear
 This function is called by:
		Interrupt level 1
 This function uses a non-reentrant model


 *************** function i1_lcd_clear *****************
 Defined at:
		line 105 in file "LCD.c"
 Parameters:    Size  Location     Type
		None
 Auto vars:     Size  Location     Type
		None
 Return value:  Size  Location     Type
                  1    wreg      void 
 Registers used:
		wreg, status,2, status,0, pclath, cstack
 Tracked objects:
		On entry : 
		On exit  : 
		Unchanged: 
 Data sizes:     COMMON   BANK0   BANK1   BANK3   BANK2
      Params:         0       0       0       0       0
      Locals:         0       0       0       0       0
      Temps:          0       0       0       0       0
      Totals:         0       0       0       0       0
Total ram usage:        0 bytes
 Hardware stack levels used:    1
 Hardware stack levels required when called:    2
 This function calls:
		i1_lcd_cmd
 This function is called by:
		_isr
 This function uses a non-reentrant model


 *************** function i1_lcd_cmd *****************
 Defined at:
		line 75 in file "LCD.c"
 Parameters:    Size  Location     Type
  a               1    wreg     unsigned char 
 Auto vars:     Size  Location     Type
  a               1    3[COMMON] unsigned char 
 Return value:  Size  Location     Type
                  1    wreg      void 
 Registers used:
		wreg, status,2, status,0, pclath, cstack
 Tracked objects:
		On entry : 
		On exit  : 
		Unchanged: 
 Data sizes:     COMMON   BANK0   BANK1   BANK3   BANK2
      Params:         0       0       0       0       0
      Locals:         1       0       0       0       0
      Temps:          2       0       0       0       0
      Totals:         3       0       0       0       0
Total ram usage:        3 bytes
 Hardware stack levels used:    1
 Hardware stack levels required when called:    1
 This function calls:
		i1_lcd_port
 This function is called by:
		i1_lcd_clear
 This function uses a non-reentrant model


 *************** function i1_lcd_port *****************
 Defined at:
		line 24 in file "LCD.c"
 Parameters:    Size  Location     Type
  a               1    wreg     unsigned char 
 Auto vars:     Size  Location     Type
  a               1    0[COMMON] unsigned char 
 Return value:  Size  Location     Type
                  1    wreg      void 
 Registers used:
		wreg
 Tracked objects:
		On entry : 
		On exit  : 
		Unchanged: 
 Data sizes:     COMMON   BANK0   BANK1   BANK3   BANK2
      Params:         0       0       0       0       0
      Locals:         1       0       0       0       0
      Temps:          0       0       0       0       0
      Totals:         1       0       0       0       0
Total ram usage:        1 bytes
 Hardware stack levels used:    1
 This function calls:
		Nothing
 This function is called by:
		i1_lcd_cmd
 This function uses a non-reentrant model



MODULE INFORMATION

Module		Function		Class		Link	Load	Size
C:\Program Files (x86)\Microchip\xc8\v2.00\pic\sources\c90\common\awmod.c
		___awmod       		CODE           	172C	0000	102

C:\Program Files (x86)\Microchip\xc8\v2.00\pic\sources\c90\common\awmod.c estimated size: 102

C:\Program Files (x86)\Microchip\xc8\v2.00\pic\sources\c90\common\sprcdiv.c
		___fldiv       		CODE           	0300	0000	522

C:\Program Files (x86)\Microchip\xc8\v2.00\pic\sources\c90\common\sprcdiv.c estimated size: 522

C:\Program Files (x86)\Microchip\xc8\v2.00\pic\sources\c90\common\Umul16.c
		___wmul        		CODE           	1390	0000	43

C:\Program Files (x86)\Microchip\xc8\v2.00\pic\sources\c90\common\Umul16.c estimated size: 43

I2C.c
		_I2C_Master_Read		CODE           	14CB	0000	52
		_I2C_Master_Wait		CODE           	12D9	0000	16
		_I2C_Master_Init		CODE           	1535	0000	59
		_I2C_Master_Stop		CODE           	12C6	0000	10
		_I2C_Master_Write		CODE           	12CF	0000	11
		_I2C_Master_Start		CODE           	12BD	0000	10

I2C.c estimated size: 158

C:\Program Files (x86)\Microchip\xc8\v2.00\pic\sources\c90\common\__lldiv.c
		___lldiv       		CODE           	1791	0000	112

C:\Program Files (x86)\Microchip\xc8\v2.00\pic\sources\c90\common\__lldiv.c estimated size: 112

oscilador.c
		_initOsci8MHZ  		CODE           	129E	0000	8

oscilador.c estimated size: 8

C:\Program Files (x86)\Microchip\xc8\v2.00\pic\sources\c90\common\awdiv.c
		___awdiv       		CODE           	0829	0000	116

C:\Program Files (x86)\Microchip\xc8\v2.00\pic\sources\c90\common\awdiv.c estimated size: 116

C:\Program Files (x86)\Microchip\xc8\v2.00\pic\sources\c90\common\fltol.c
		___fltol       		CODE           	0914	0000	157

C:\Program Files (x86)\Microchip\xc8\v2.00\pic\sources\c90\common\fltol.c estimated size: 157

C:\Program Files (x86)\Microchip\xc8\v2.00\pic\sources\c90\common\sprcadd.c
		___fladd       		CODE           	0044	0000	701

C:\Program Files (x86)\Microchip\xc8\v2.00\pic\sources\c90\common\sprcadd.c estimated size: 701

C:\Program Files (x86)\Microchip\xc8\v2.00\pic\sources\c90\common\Umul8.c
		___bmul        		CODE           	1337	0000	28

C:\Program Files (x86)\Microchip\xc8\v2.00\pic\sources\c90\common\Umul8.c estimated size: 28

shared
		__stringtab    		STRING         	1000	0000	17
		__initialization		CODE           	000F	0000	50
		i1_lcd_port    		CODE           	15E6	0000	64
		i1_lcd_cmd     		CODE           	131D	0000	27
		i1_lcd_clear   		CODE           	1290	0000	8

shared estimated size: 166

C:\Program Files (x86)\Microchip\xc8\v2.00\pic\sources\c90\common\xxtofl.c
		___xxtofl      		CODE           	0D34	0000	197

C:\Program Files (x86)\Microchip\xc8\v2.00\pic\sources\c90\common\xxtofl.c estimated size: 197

C:\Program Files (x86)\Microchip\xc8\v2.00\pic\sources\c90\common\flneg.c
		___flneg       		CODE           	12E8	0000	16

C:\Program Files (x86)\Microchip\xc8\v2.00\pic\sources\c90\common\flneg.c estimated size: 16

Proyecto1_master.c
		_DEC_2_BCD     		CODE           	14FE	0000	56
		_num_case      		CODE           	16CA	0000	99
		_b0            		CODE           	0BB5	0000	191
		_b1            		CODE           	0A5A	0000	173
		_b2            		CODE           	156F	0000	59
		_main          		CODE           	09B0	0000	171
		_BCD_2_DEC     		CODE           	13BA	0000	43
		_slave_2       		CODE           	089C	0000	121
		_primera_llamada		CODE           	13E4	0000	46
		_separa_digitos_rtc		CODE           	069E	0000	322
		_segunda_llamada		CODE           	1411	0000	46
		_isr           		CODE           	146B	0000	48
		_configPorts   		CODE           	12F7	0000	20
		_Update_Current_Date_Time		CODE           	0509	0000	406
		_configInterrupciones		CODE           	12A5	0000	9
		_slave_1       		CODE           	0ED8	0000	297
		_check_infrarrojo		CODE           	149A	0000	50
		_tercera_llamada		CODE           	143E	0000	46
		_apagar_luces  		CODE           	0802	0000	40
		_boton_lcd     		CODE           	0DF8	0000	225
		_Set_Time_Date 		CODE           	0C73	0000	194
		_mostrar_lcd   		CODE           	0B06	0000	176

Proyecto1_master.c estimated size: 2838

LCD.c
		_lcd_write_char		CODE           	07DF	0000	29
		_lcd_cmd       		CODE           	1352	0000	29
		_lcd_set_cursor		CODE           	136E	0000	35
		_lcd_clear     		CODE           	1297	0000	8
		_lcd_port      		CODE           	15A9	0000	62
		_lcd_write_string		CODE           	1625	0000	73
		_lcd_init      		CODE           	166D	0000	94

LCD.c estimated size: 330

