Microchip MPLAB XC8 Compiler V2.10 ()

Linker command line:

-W-3 --edf=C:\Program Files (x86)\Microchip\xc8\v2.10\pic\dat\en_msgs.txt \
  -cs -h+dist/default/production\Proyecto1.X.production.sym \
  --cmf=dist/default/production\Proyecto1.X.production.cmf -z -Q16F887 \
  -oC:\Users\DANIEL~1\AppData\Local\Temp\s6h0.2 --defsym=__MPLAB_BUILD=1 \
  -Mdist/default/production/Proyecto1.X.production.map -E1 -ver=XC8 \
  --acfsm=1493 -ASTACK=0110h-016Fh -pstack=STACK -ACODE=00h-07FFhx4 \
  -ASTRCODE=00h-01FFFh -ASTRING=00h-0FFhx32 -ACONST=00h-0FFhx32 \
  -AENTRY=00h-0FFhx32 -ACOMMON=070h-07Fh -ABANK0=020h-06Fh \
  -ABANK1=0A0h-0EFh -ABANK2=0110h-016Fh -ABANK3=0190h-01EFh \
  -ARAM=020h-06Fh,0A0h-0EFh,0110h-016Fh,0190h-01EFh \
  -AABS1=020h-07Fh,0A0h-0EFh,0110h-016Fh,0190h-01EFh -ASFR0=00h-01Fh \
  -ASFR1=080h-09Fh -ASFR2=0100h-010Fh -ASFR3=0180h-018Fh \
  -preset_vec=00h,intentry=04h,init,end_init -ppowerup=CODE -pcinit=CODE \
  -pfunctab=ENTRY -ACONFIG=02007h-02008h -pconfig=CONFIG -DCONFIG=2 \
  -AIDLOC=02000h-02003h -pidloc=IDLOC -DIDLOC=2 -AEEDATA=00h-0FFh/02100h \
  -peeprom_data=EEDATA -DEEDATA=2 -DCODE=2 -DSTRCODE=2 -DSTRING=2 -DCONST=2 \
  -DENTRY=2 -k C:\Users\DANIEL~1\AppData\Local\Temp\s6h0.o \
  dist/default/production\Proyecto1.X.production.o 

Object code version is 3.11

Machine type is 16F887



                Name                               Link     Load   Length Selector   Space Scale
C:\Users\DANIEL~1\AppData\Local\Temp\s6h0.o
                end_init                              C        C        3        8       0
                reset_vec                             0        0        3        0       0
                config                             2007     2007        2     400E       0
dist/default/production\Proyecto1.X.production.o
                cinit                                 F        F        E        8       0
                intentry                              4        4        8        8       0
                text23                             1754     1754       17     2EA8       0
                text22                              CA6      CA6      10B     194C       0
                text21                             1720     1720        9     2E40       0
                text20                              805      805       3E     100A       0
                text19                             176B     176B       23     2ED6       0
                text18                              889      889       47     1112       0
                text17                              7E3      7E3       1C        8       0
                text16                             173E     173E       16     2E7C       0
                text15                              843      843       46     1086       0
                text14                             17D7     17D7       29     2FAE       0
                text13                               1D       1D      361        8       0
                text12                              979      979       69     12F2       0
                text11                             1729     1729       15     2E52       0
                text10                              606      606      1DD        8       0
                text9                               37E      37E      288        8       0
                text8                              178E     178E       24     2F1C       0
                text7                               9E2      9E2       7C     13C4       0
                text6                              17B2     17B2       25     2F64       0
                text5                               A5E      A5E       BC     14BC       0
                text4                               91B      91B       5E     1236       0
                text3                               BD8      BD8       CE     17B0       0
                text2                               B1A      B1A       BE     1634       0
                text1                               8D0      8D0       4B     11A0       0
                maintext                            DB1      DB1      24F     1B62       0
                cstackBANK0                          20       20       50       20       1
                cstackCOMMON                         70       70        9       70       1
                cstackBANK1                          A0       A0       29       A0       1
                bssBANK1                             C9       C9        6       A0       1
                bssCOMMON                            79       79        2       70       1
                strings                            1000     1000       1E     2000       0

TOTAL           Name                               Link     Load   Length     Space
        CLASS   STACK          

        CLASS   CODE           
                end_init                              C        C        3         0
                cinit                                 F        F        E         0
                intentry                              4        4        8         0
                reset_vec                             0        0        3         0
                text23                             1754     1754       17         0
                text22                              CA6      CA6      10B         0
                text21                             1720     1720        9         0
                text20                              805      805       3E         0
                text19                             176B     176B       23         0
                text18                              889      889       47         0
                text17                              7E3      7E3       1C         0
                text16                             173E     173E       16         0
                text15                              843      843       46         0
                text14                             17D7     17D7       29         0
                text13                               1D       1D      361         0
                text12                              979      979       69         0
                text11                             1729     1729       15         0
                text10                              606      606      1DD         0
                text9                               37E      37E      288         0
                text8                              178E     178E       24         0
                text7                               9E2      9E2       7C         0
                text6                              17B2     17B2       25         0
                text5                               A5E      A5E       BC         0
                text4                               91B      91B       5E         0
                text3                               BD8      BD8       CE         0
                text2                               B1A      B1A       BE         0
                text1                               8D0      8D0       4B         0
                maintext                            DB1      DB1      24F         0

        CLASS   STRCODE        

        CLASS   STRING         
                strings                            1000     1000       1E         0

        CLASS   CONST          

        CLASS   ENTRY          

        CLASS   COMMON         
                cstackCOMMON                         70       70        9         1
                bssCOMMON                            79       79        2         1

        CLASS   BANK0          
                cstackBANK0                          20       20       50         1

        CLASS   BANK1          
                cstackBANK1                          A0       A0       29         1
                bssBANK1                             C9       C9        6         1

        CLASS   BANK2          

        CLASS   BANK3          

        CLASS   RAM            

        CLASS   ABS1           
                abs_s1                               7E       7E        2         1

        CLASS   SFR0           

        CLASS   SFR1           

        CLASS   SFR2           

        CLASS   SFR3           

        CLASS   CONFIG         
                config                             2007     2007        2         0

        CLASS   IDLOC          

        CLASS   EEDATA         



SEGMENTS        Name                           Load    Length   Top    Selector   Space  Class     Delta

                reset_vec                      000000  000003  000003         0       0  CODE        2
                intentry                       000004  0007FB  0007FF         8       0  CODE        2
                cstackBANK0                    000020  000050  000070        20       1  BANK0       1
                cstackCOMMON                   000070  00000B  00007B        70       1  COMMON      1
                cstackBANK1                    0000A0  00002F  0000CF        A0       1  BANK1       1
                text20                         000805  00003E  000843      100A       0  CODE        2
                text15                         000843  000046  000889      1086       0  CODE        2
                text18                         000889  000047  0008D0      1112       0  CODE        2
                text1                          0008D0  00004B  00091B      11A0       0  CODE        2
                text4                          00091B  00005E  000979      1236       0  CODE        2
                text12                         000979  000069  0009E2      12F2       0  CODE        2
                text7                          0009E2  00007C  000A5E      13C4       0  CODE        2
                text5                          000A5E  0000BC  000B1A      14BC       0  CODE        2
                text2                          000B1A  0000BE  000BD8      1634       0  CODE        2
                text3                          000BD8  0000CE  000CA6      17B0       0  CODE        2
                text22                         000CA6  00010B  000DB1      194C       0  CODE        2
                maintext                       000DB1  00024F  001000      1B62       0  CODE        2
                strings                        001000  00001E  00101E      2000       0  STRING      2
                text21                         001720  000009  001729      2E40       0  CODE        2
                text11                         001729  000015  00173E      2E52       0  CODE        2
                text16                         00173E  000016  001754      2E7C       0  CODE        2
                text23                         001754  000017  00176B      2EA8       0  CODE        2
                text19                         00176B  000023  00178E      2ED6       0  CODE        2
                text8                          00178E  000024  0017B2      2F1C       0  CODE        2
                text6                          0017B2  000025  0017D7      2F64       0  CODE        2
                text14                         0017D7  000029  001800      2FAE       0  CODE        2
                config                         002007  000002  002009      400E       0  CONFIG      2


UNUSED ADDRESS RANGES

        Name                Unused          Largest block    Delta
        BANK1            00CF-00EF             21           1
        BANK2            0110-016F             60           1
        BANK3            0190-01EF             60           1
        CODE             0003-0003              1           2
                         07FF-0804              1
                         101E-171F            702
                         1800-1FFF            800
        COMMON           007B-007D              3           1
        CONST            0003-0003              1           2
                         07FF-0804              1
                         101E-171F            100
                         1800-1FFF            100
        EEDATA           2100-21FF            100           2
        ENTRY            0003-0003              1           2
                         07FF-0804              1
                         101E-171F            100
                         1800-1FFF            100
        IDLOC            2000-2003              4           2
        RAM              00CF-00EF             21           1
                         0110-016F             60
                         0190-01EF             60
        SFR0             0000-001F             20           1
        SFR1             0080-009F             20           1
        SFR2             0100-010F             10           1
        SFR3             0180-018F             10           1
        STACK            0110-016F             60           1
        STRCODE          0003-0003              1           2
                         07FF-0804              6
                         101E-171F            702
                         1800-1FFF            800
        STRING           0003-0003              1           2
                         07FF-0804              1
                         101E-171F            100
                         1800-1FFF            100

                                  Symbol Table

?__Umul8_16                cstackCOMMON 0073
?___awdiv                  cstackCOMMON 0073
?___fladd                  cstackBANK0  0048
?___fldiv                  cstackBANK0  0020
?___flmul                  cstackBANK0  002E
?___flsub                  cstackBANK0  005C
?___fltol                  cstackBANK0  0064
?___wmul                   cstackCOMMON 0073
?___xxtofl                 cstackBANK0  0020
ADC_CONFIG@canal           cstackCOMMON 0076
ADC_CONFIG@justif          cstackCOMMON 0073
Lcd_Cmd@a                  cstackCOMMON 0076
Lcd_Port@a                 cstackCOMMON 0073
Lcd_Set_Cursor@a           cstackCOMMON 0078
Lcd_Set_Cursor@b           cstackCOMMON 0077
Lcd_Write_Char@a           cstackCOMMON 0075
Lcd_Write_String@a         cstackCOMMON 0076
Lcd_Write_String@i         cstackBANK0  0023
_ADCON0bits                (abs)        001F
_ADCON1bits                (abs)        009F
_ADC_CONFIG                text22       0CA6
_ADC_INTERRUPT             text21       1720
_ADIF                      (abs)        0066
_ADRESH                    (abs)        001E
_ANSEL                     (abs)        0188
_ANSELH                    (abs)        0189
_ANSELHbits                (abs)        0189
_ANSELbits                 (abs)        0188
_INTCONbits                (abs)        000B
_ISR                       text23       1754
_Lcd_Cmd                   text19       176B
_Lcd_Init                  text18       0889
_Lcd_Port                  text20       0805
_Lcd_Set_Cursor            text17       07E3
_Lcd_Write_Char            text16       173E
_Lcd_Write_String          text15       0843
_PIE1bits                  (abs)        008C
_PIR1bits                  (abs)        000C
_PORTBbits                 (abs)        0006
_RA0                       (abs)        0028
_RA1                       (abs)        0029
_RA2                       (abs)        002A
_RA3                       (abs)        002B
_RA4                       (abs)        002C
_RA5                       (abs)        002D
_RA6                       (abs)        002E
_RA7                       (abs)        002F
_RC0                       (abs)        0038
_RC1                       (abs)        0039
_RD0                       (abs)        0040
_RD1                       (abs)        0041
_RD3                       (abs)        0043
_TRISA                     (abs)        0085
_TRISAbits                 (abs)        0085
_TRISB                     (abs)        0086
_TRISBbits                 (abs)        0086
_TRISC                     (abs)        0087
_TRISD                     (abs)        0088
_TRISEbits                 (abs)        0089
__CFG_BOR4V$BOR40V         (abs)        0000
__CFG_BOREN$OFF            (abs)        0000
__CFG_CP$OFF               (abs)        0000
__CFG_CPD$OFF              (abs)        0000
__CFG_FCMEN$OFF            (abs)        0000
__CFG_FOSC$INTRC_NOCLKOUT  (abs)        0000
__CFG_IESO$OFF             (abs)        0000
__CFG_LVP$OFF              (abs)        0000
__CFG_MCLRE$OFF            (abs)        0000
__CFG_PWRTE$OFF            (abs)        0000
__CFG_WDTE$OFF             (abs)        0000
__CFG_WRT$OFF              (abs)        0000
__Habs1                    abs1         0000
__Hbank0                   bank0        0000
__Hbank1                   bank1        0000
__Hbank2                   bank2        0000
__Hbank3                   bank3        0000
__HbssBANK1                bssBANK1     0000
__HbssCOMMON               bssCOMMON    0000
__Hcinit                   cinit        001D
__Hclrtext                 clrtext      0000
__Hcode                    code         0000
__Hcommon                  common       0000
__Hconfig                  config       2009
__HcstackBANK0             cstackBANK0  0000
__HcstackBANK1             cstackBANK1  0000
__HcstackCOMMON            cstackCOMMON 0000
__Heeprom_data             eeprom_data  0000
__Hend_init                end_init     000F
__Hfunctab                 functab      0000
__Hidloc                   idloc        0000
__Hinit                    init         000C
__Hintentry                intentry     000C
__Hmaintext                maintext     0000
__Hpowerup                 powerup      0000
__Hram                     ram          0000
__Hreset_vec               reset_vec    0003
__Hsfr0                    sfr0         0000
__Hsfr1                    sfr1         0000
__Hsfr2                    sfr2         0000
__Hsfr3                    sfr3         0000
__Hspace_0                 (abs)        2009
__Hspace_1                 (abs)        00CF
__Hspace_2                 (abs)        0000
__Hspace_3                 (abs)        0000
__Hstack                   stack        0000
__Hstrings                 strings      0000
__Htext                    text         0000
__Labs1                    abs1         0000
__Lbank0                   bank0        0000
__Lbank1                   bank1        0000
__Lbank2                   bank2        0000
__Lbank3                   bank3        0000
__LbssBANK1                bssBANK1     0000
__LbssCOMMON               bssCOMMON    0000
__Lcinit                   cinit        000F
__Lclrtext                 clrtext      0000
__Lcode                    code         0000
__Lcommon                  common       0000
__Lconfig                  config       2007
__LcstackBANK0             cstackBANK0  0000
__LcstackBANK1             cstackBANK1  0000
__LcstackCOMMON            cstackCOMMON 0000
__Leeprom_data             eeprom_data  0000
__Lend_init                end_init     000C
__Lfunctab                 functab      0000
__Lidloc                   idloc        0000
__Linit                    init         000C
__Lintentry                intentry     0004
__Lmaintext                maintext     0000
__Lpowerup                 powerup      0000
__Lram                     ram          0000
__Lreset_vec               reset_vec    0000
__Lsfr0                    sfr0         0000
__Lsfr1                    sfr1         0000
__Lsfr2                    sfr2         0000
__Lsfr3                    sfr3         0000
__Lspace_0                 (abs)        0000
__Lspace_1                 (abs)        0000
__Lspace_2                 (abs)        0000
__Lspace_3                 (abs)        0000
__Lstack                   stack        0000
__Lstrings                 strings      0000
__Ltext                    text         0000
__S0                       (abs)        2009
__S1                       (abs)        00CF
__S2                       (abs)        0000
__S3                       (abs)        0000
__Umul8_16                 text14       17D7
__Umul8_16@multiplicand    cstackCOMMON 0073
__Umul8_16@multiplier      cstackBANK0  0024
__Umul8_16@product         cstackBANK0  0020
__Umul8_16@word_mpld       cstackBANK0  0022
___awdiv                   text12       0979
___awdiv@counter           cstackBANK0  0020
___awdiv@dividend          cstackCOMMON 0075
___awdiv@divisor           cstackCOMMON 0073
___awdiv@quotient          cstackBANK0  0022
___awdiv@sign              cstackBANK0  0021
___bmul                    text11       1729
___bmul@multiplicand       cstackCOMMON 0073
___bmul@multiplier         cstackCOMMON 0076
___bmul@product            cstackCOMMON 0075
___fladd                   text9        037E
___fladd@a                 cstackBANK0  004C
___fladd@aexp              cstackBANK0  0059
___fladd@b                 cstackBANK0  0048
___fladd@bexp              cstackBANK0  005A
___fladd@grs               cstackBANK0  005B
___fladd@signs             cstackBANK0  0058
___fldiv                   text10       0606
___fldiv@a                 cstackBANK0  0020
___fldiv@aexp              cstackBANK0  0034
___fldiv@b                 cstackBANK0  0024
___fldiv@bexp              cstackBANK0  0033
___fldiv@grs               cstackBANK0  002F
___fldiv@new_exp           cstackBANK0  002D
___fldiv@rem               cstackBANK0  0028
___fldiv@sign              cstackBANK0  002C
___flmul                   text13       001D
___flmul@a                 cstackBANK0  0032
___flmul@aexp              cstackBANK0  0040
___flmul@b                 cstackBANK0  002E
___flmul@bexp              cstackBANK0  0041
___flmul@grs               cstackBANK0  003C
___flmul@prod              cstackBANK0  0042
___flmul@sign              cstackBANK0  003B
___flmul@temp              cstackBANK0  0046
___flsub                   text8        178E
___flsub@a                 cstackBANK0  005C
___flsub@b                 cstackBANK0  0060
___fltol                   text7        09E2
___fltol@exp1              cstackBANK0  006E
___fltol@f1                cstackBANK0  0064
___fltol@sign1             cstackBANK0  006D
___int_sp                  stack        0000
___latbits                 (abs)        0002
___sp                      stack        0000
___stackhi                 (abs)        0000
___stacklo                 (abs)        0000
___wmul                    text6        17B2
___wmul@multiplicand       cstackCOMMON 0075
___wmul@multiplier         cstackCOMMON 0073
___wmul@product            cstackCOMMON 0077
___xxtofl                  text5        0A5E
___xxtofl@arg              cstackBANK0  002A
___xxtofl@exp              cstackBANK0  0029
___xxtofl@sign             cstackBANK0  0028
___xxtofl@val              cstackBANK0  0020
__end_of_ADC_CONFIG        text22       0DB1
__end_of_ADC_INTERRUPT     text21       1729
__end_of_ISR               text23       176B
__end_of_Lcd_Cmd           text19       178E
__end_of_Lcd_Init          text18       08D0
__end_of_Lcd_Port          text20       0843
__end_of_Lcd_Set_Cursor    text17       07FF
__end_of_Lcd_Write_Char    text16       1754
__end_of_Lcd_Write_String  text15       0889
__end_of__Umul8_16         text14       1800
__end_of___awdiv           text12       09E2
__end_of___bmul            text11       173E
__end_of___fladd           text9        0606
__end_of___fldiv           text10       07E3
__end_of___flmul           text13       037E
__end_of___flsub           text8        17B2
__end_of___fltol           text7        0A5E
__end_of___wmul            text6        17D7
__end_of___xxtofl          text5        0B1A
__end_of__initialization   cinit        0019
__end_of__stringtab        strings      1010
__end_of_b0                text3        0CA6
__end_of_b1                text2        0BD8
__end_of_b2                text1        091B
__end_of_main              maintext     1000
__end_of_num_case          text4        0979
__initialization           cinit        000F
__pbssBANK1                bssBANK1     00C9
__pbssCOMMON               bssCOMMON    0079
__pcstackBANK0             cstackBANK0  0020
__pcstackBANK1             cstackBANK1  00A0
__pcstackCOMMON            cstackCOMMON 0070
__pintentry                intentry     0004
__pmaintext                maintext     0DB1
__pstrings                 strings      1000
__ptext1                   text1        08D0
__ptext10                  text10       0606
__ptext11                  text11       1729
__ptext12                  text12       0979
__ptext13                  text13       001D
__ptext14                  text14       17D7
__ptext15                  text15       0843
__ptext16                  text16       173E
__ptext17                  text17       07E3
__ptext18                  text18       0889
__ptext19                  text19       176B
__ptext2                   text2        0B1A
__ptext20                  text20       0805
__ptext21                  text21       1720
__ptext22                  text22       0CA6
__ptext23                  text23       1754
__ptext3                   text3        0BD8
__ptext4                   text4        091B
__ptext5                   text5        0A5E
__ptext6                   text6        17B2
__ptext7                   text7        09E2
__ptext8                   text8        178E
__ptext9                   text9        037E
__size_of_ADC_CONFIG       (abs)        0000
__size_of_ADC_INTERRUPT    (abs)        0000
__size_of_ISR              (abs)        0000
__size_of_Lcd_Cmd          (abs)        0000
__size_of_Lcd_Init         (abs)        0000
__size_of_Lcd_Port         (abs)        0000
__size_of_Lcd_Set_Cursor   (abs)        0000
__size_of_Lcd_Write_Char   (abs)        0000
__size_of_Lcd_Write_String (abs)        0000
__size_of__Umul8_16        (abs)        0000
__size_of___awdiv          (abs)        0000
__size_of___bmul           (abs)        0000
__size_of___fladd          (abs)        0000
__size_of___fldiv          (abs)        0000
__size_of___flmul          (abs)        0000
__size_of___flsub          (abs)        0000
__size_of___fltol          (abs)        0000
__size_of___wmul           (abs)        0000
__size_of___xxtofl         (abs)        0000
__size_of_b0               (abs)        0000
__size_of_b1               (abs)        0000
__size_of_b2               (abs)        0000
__size_of_main             (abs)        0000
__size_of_num_case         (abs)        0000
__stringbase               strings      100F
__stringtab                strings      1000
_adc1                      bssBANK1     00CE
_b0                        text3        0BD8
_b1                        text2        0B1A
_b2                        text1        08D0
_main                      maintext     0DB1
_main$1121                 cstackBANK1  00B8
_main$1122                 cstackBANK1  00BC
_main$1123                 cstackBANK1  00C0
_num_case                  text4        091B
b0@bb0                     cstackBANK1  00A9
b0@bb1                     cstackBANK1  00A8
b0@bb2                     cstackBANK1  00A7
b0@local                   cstackBANK1  00AB
b0@m                       cstackBANK1  00A0
b0@p0                      cstackBANK1  00AA
b1@bb1                     cstackBANK1  00A8
b1@bb2                     cstackBANK1  00A7
b1@local                   cstackBANK1  00A9
b1@m                       cstackBANK1  00A0
b1@p1                      cstackBANK1  00AA
b2@bb2                     cstackBANK1  00A4
b2@m                       cstackBANK1  00A0
b2@p2                      cstackBANK1  00A5
btemp                      (abs)        007E
end_of_initialization      cinit        0019
interrupt_function         intentry     0004
intlevel0                  functab      0000
intlevel1                  functab      0000
intlevel2                  functab      0000
intlevel3                  functab      0000
intlevel4                  functab      0000
intlevel5                  functab      0000
main@TEMP                  cstackBANK1  00C8
main@TEMPA                 cstackBANK1  00C6
main@TEMPB                 cstackBANK1  00C7
main@TEMPC                 cstackBANK1  00C4
main@TEMPD                 cstackBANK1  00C5
main@s1                    cstackBANK1  00B3
num_case@num               cstackCOMMON 0075
num_case@r                 cstackCOMMON 0076
reset_vec                  reset_vec    0000
saved_w                    (abs)        007E
start                      init         000C
start_initialization       cinit        000F
wtemp0                     (abs)        007E


FUNCTION INFORMATION:

 *************** function _main *****************
 Defined at:
		line 62 in file "parteD.c"
 Parameters:    Size  Location     Type
		None
 Auto vars:     Size  Location     Type
  s1              5   19[BANK1 ] unsigned char [5]
  adc             4    0        float 
  TEMP            1   40[BANK1 ] unsigned char 
  TEMPB           1   39[BANK1 ] unsigned char 
  TEMPA           1   38[BANK1 ] unsigned char 
  TEMPD           1   37[BANK1 ] unsigned char 
  TEMPC           1   36[BANK1 ] unsigned char 
  HUMO            1    0        unsigned char 
  SISMO           1    0        unsigned char 
 Return value:  Size  Location     Type
                  1    wreg      void 
 Registers used:
		wreg, fsr0l, fsr0h, status,2, status,0, btemp+1, pclath, cstack
 Tracked objects:
		On entry : 
		On exit  : 
		Unchanged: 
 Data sizes:     COMMON   BANK0   BANK1   BANK3   BANK2
      Params:         0       0       0       0       0
      Locals:         0       0      24       0       0
      Temps:          0       0       5       0       0
      Totals:         0       0      29       0       0
Total ram usage:       29 bytes
 Hardware stack levels required when called:    4
 This function calls:
		_ADC_CONFIG
		_ADC_INTERRUPT
		_Lcd_Init
		_Lcd_Set_Cursor
		_Lcd_Write_String
		___awdiv
		___fladd
		___flmul
		___fltol
		___xxtofl
		_b0
		_b1
		_b2
 This function is called by:
		Startup code after reset
 This function uses a non-reentrant model


 *************** function _b2 *****************
 Defined at:
		line 185 in file "parteD.c"
 Parameters:    Size  Location     Type
  m               4    0[BANK1 ] float 
 Auto vars:     Size  Location     Type
  local           4    0        float 
  p2              1    5[BANK1 ] unsigned char 
  bb2             1    4[BANK1 ] unsigned char 
 Return value:  Size  Location     Type
                  1    wreg      unsigned char 
 Registers used:
		wreg, fsr0l, fsr0h, status,2, status,0, btemp+1, pclath, cstack
 Tracked objects:
		On entry : 
		On exit  : 
		Unchanged: 
 Data sizes:     COMMON   BANK0   BANK1   BANK3   BANK2
      Params:         0       0       4       0       0
      Locals:         0       0       2       0       0
      Temps:          0       1       0       0       0
      Totals:         0       1       6       0       0
Total ram usage:        7 bytes
 Hardware stack levels used:    1
 Hardware stack levels required when called:    2
 This function calls:
		___fldiv
		___fltol
		_num_case
 This function is called by:
		_main
 This function uses a non-reentrant model


 *************** function _b1 *****************
 Defined at:
		line 195 in file "parteD.c"
 Parameters:    Size  Location     Type
  m               4    0[BANK1 ] float 
 Auto vars:     Size  Location     Type
  p1              1   10[BANK1 ] unsigned char 
  local           1    9[BANK1 ] unsigned char 
  bb1             1    8[BANK1 ] unsigned char 
  bb2             1    7[BANK1 ] unsigned char 
 Return value:  Size  Location     Type
                  1    wreg      unsigned char 
 Registers used:
		wreg, fsr0l, fsr0h, status,2, status,0, btemp+1, pclath, cstack
 Tracked objects:
		On entry : 
		On exit  : 
		Unchanged: 
 Data sizes:     COMMON   BANK0   BANK1   BANK3   BANK2
      Params:         0       0       4       0       0
      Locals:         0       0       4       0       0
      Temps:          0       0       3       0       0
      Totals:         0       0      11       0       0
Total ram usage:       11 bytes
 Hardware stack levels used:    1
 Hardware stack levels required when called:    3
 This function calls:
		___awdiv
		___fldiv
		___flsub
		___fltol
		___wmul
		___xxtofl
		_num_case
 This function is called by:
		_main
 This function uses a non-reentrant model


 *************** function _b0 *****************
 Defined at:
		line 208 in file "parteD.c"
 Parameters:    Size  Location     Type
  m               4    0[BANK1 ] float 
 Auto vars:     Size  Location     Type
  local           1   11[BANK1 ] unsigned char 
  p0              1   10[BANK1 ] unsigned char 
  bb0             1    9[BANK1 ] unsigned char 
  bb1             1    8[BANK1 ] unsigned char 
  bb2             1    7[BANK1 ] unsigned char 
 Return value:  Size  Location     Type
                  1    wreg      unsigned char 
 Registers used:
		wreg, fsr0l, fsr0h, status,2, status,0, btemp+1, pclath, cstack
 Tracked objects:
		On entry : 
		On exit  : 
		Unchanged: 
 Data sizes:     COMMON   BANK0   BANK1   BANK3   BANK2
      Params:         0       0       4       0       0
      Locals:         0       0       5       0       0
      Temps:          0       0       3       0       0
      Totals:         0       0      12       0       0
Total ram usage:       12 bytes
 Hardware stack levels used:    1
 Hardware stack levels required when called:    3
 This function calls:
		___awdiv
		___bmul
		___fldiv
		___flsub
		___fltol
		___wmul
		___xxtofl
		_num_case
 This function is called by:
		_main
 This function uses a non-reentrant model


 *************** function _num_case *****************
 Defined at:
		line 138 in file "parteD.c"
 Parameters:    Size  Location     Type
  num             1    wreg     unsigned char 
 Auto vars:     Size  Location     Type
  num             1    5[COMMON] unsigned char 
  r               1    6[COMMON] unsigned char 
 Return value:  Size  Location     Type
                  1    wreg      unsigned char 
 Registers used:
		wreg, fsr0l, fsr0h, status,2, status,0
 Tracked objects:
		On entry : 
		On exit  : 
		Unchanged: 
 Data sizes:     COMMON   BANK0   BANK1   BANK3   BANK2
      Params:         0       0       0       0       0
      Locals:         2       0       0       0       0
      Temps:          2       0       0       0       0
      Totals:         4       0       0       0       0
Total ram usage:        4 bytes
 Hardware stack levels used:    1
 Hardware stack levels required when called:    1
 This function calls:
		Nothing
 This function is called by:
		_b2
		_b1
		_b0
 This function uses a non-reentrant model


 *************** function ___xxtofl *****************
 Defined at:
		line 10 in file "C:\Program Files (x86)\Microchip\xc8\v2.10\pic\sources\c90\common\xxtofl.c"
 Parameters:    Size  Location     Type
  sign            1    wreg     unsigned char 
  val             4    0[BANK0 ] long 
 Auto vars:     Size  Location     Type
  sign            1    8[BANK0 ] unsigned char 
  arg             4   10[BANK0 ] unsigned long 
  exp             1    9[BANK0 ] unsigned char 
 Return value:  Size  Location     Type
                  4    0[BANK0 ] unsigned char 
 Registers used:
		wreg, status,2, status,0
 Tracked objects:
		On entry : 
		On exit  : 
		Unchanged: 
 Data sizes:     COMMON   BANK0   BANK1   BANK3   BANK2
      Params:         0       4       0       0       0
      Locals:         0       6       0       0       0
      Temps:          0       4       0       0       0
      Totals:         0      14       0       0       0
Total ram usage:       14 bytes
 Hardware stack levels used:    1
 Hardware stack levels required when called:    1
 This function calls:
		Nothing
 This function is called by:
		_main
		_b1
		_b0
 This function uses a non-reentrant model


 *************** function ___wmul *****************
 Defined at:
		line 15 in file "C:\Program Files (x86)\Microchip\xc8\v2.10\pic\sources\c90\common\Umul16.c"
 Parameters:    Size  Location     Type
  multiplier      2    3[COMMON] unsigned int 
  multiplicand    2    5[COMMON] unsigned int 
 Auto vars:     Size  Location     Type
  product         2    7[COMMON] unsigned int 
 Return value:  Size  Location     Type
                  2    3[COMMON] unsigned int 
 Registers used:
		wreg, status,2, status,0
 Tracked objects:
		On entry : 
		On exit  : 
		Unchanged: 
 Data sizes:     COMMON   BANK0   BANK1   BANK3   BANK2
      Params:         4       0       0       0       0
      Locals:         2       0       0       0       0
      Temps:          0       0       0       0       0
      Totals:         6       0       0       0       0
Total ram usage:        6 bytes
 Hardware stack levels used:    1
 Hardware stack levels required when called:    1
 This function calls:
		Nothing
 This function is called by:
		_b1
		_b0
 This function uses a non-reentrant model


 *************** function ___fltol *****************
 Defined at:
		line 43 in file "C:\Program Files (x86)\Microchip\xc8\v2.10\pic\sources\c90\common\fltol.c"
 Parameters:    Size  Location     Type
  f1              4   68[BANK0 ] unsigned int 
 Auto vars:     Size  Location     Type
  exp1            1   78[BANK0 ] unsigned char 
  sign1           1   77[BANK0 ] unsigned char 
 Return value:  Size  Location     Type
                  4   68[BANK0 ] long 
 Registers used:
		wreg, status,2, status,0
 Tracked objects:
		On entry : 
		On exit  : 
		Unchanged: 
 Data sizes:     COMMON   BANK0   BANK1   BANK3   BANK2
      Params:         0       4       0       0       0
      Locals:         0       2       0       0       0
      Temps:          0       5       0       0       0
      Totals:         0      11       0       0       0
Total ram usage:       11 bytes
 Hardware stack levels used:    1
 Hardware stack levels required when called:    1
 This function calls:
		Nothing
 This function is called by:
		_main
		_b2
		_b1
		_b0
 This function uses a non-reentrant model


 *************** function ___flsub *****************
 Defined at:
		line 242 in file "C:\Program Files (x86)\Microchip\xc8\v2.10\pic\sources\c90\common\sprcadd.c"
 Parameters:    Size  Location     Type
  a               4   60[BANK0 ] long 
  b               4   64[BANK0 ] long 
 Auto vars:     Size  Location     Type
		None
 Return value:  Size  Location     Type
                  4   60[BANK0 ] long 
 Registers used:
		wreg, status,2, status,0, btemp+1, pclath, cstack
 Tracked objects:
		On entry : 
		On exit  : 
		Unchanged: 
 Data sizes:     COMMON   BANK0   BANK1   BANK3   BANK2
      Params:         0       8       0       0       0
      Locals:         0       0       0       0       0
      Temps:          0       0       0       0       0
      Totals:         0       8       0       0       0
Total ram usage:        8 bytes
 Hardware stack levels used:    1
 Hardware stack levels required when called:    2
 This function calls:
		___fladd
 This function is called by:
		_b1
		_b0
 This function uses a non-reentrant model


 *************** function ___fladd *****************
 Defined at:
		line 10 in file "C:\Program Files (x86)\Microchip\xc8\v2.10\pic\sources\c90\common\sprcadd.c"
 Parameters:    Size  Location     Type
  b               4   40[BANK0 ] long 
  a               4   44[BANK0 ] long 
 Auto vars:     Size  Location     Type
  grs             1   59[BANK0 ] unsigned char 
  bexp            1   58[BANK0 ] unsigned char 
  aexp            1   57[BANK0 ] unsigned char 
  signs           1   56[BANK0 ] unsigned char 
 Return value:  Size  Location     Type
                  4   40[BANK0 ] unsigned char 
 Registers used:
		wreg, status,2, status,0, btemp+1
 Tracked objects:
		On entry : 
		On exit  : 
		Unchanged: 
 Data sizes:     COMMON   BANK0   BANK1   BANK3   BANK2
      Params:         0       8       0       0       0
      Locals:         0       4       0       0       0
      Temps:          0       8       0       0       0
      Totals:         0      20       0       0       0
Total ram usage:       20 bytes
 Hardware stack levels used:    1
 Hardware stack levels required when called:    1
 This function calls:
		Nothing
 This function is called by:
		_main
		___flsub
 This function uses a non-reentrant model


 *************** function ___fldiv *****************
 Defined at:
		line 8 in file "C:\Program Files (x86)\Microchip\xc8\v2.10\pic\sources\c90\common\sprcdiv.c"
 Parameters:    Size  Location     Type
  a               4    0[BANK0 ] unsigned char 
  b               4    4[BANK0 ] unsigned char 
 Auto vars:     Size  Location     Type
  grs             4   15[BANK0 ] unsigned long 
  rem             4    8[BANK0 ] unsigned long 
  new_exp         2   13[BANK0 ] int 
  aexp            1   20[BANK0 ] unsigned char 
  bexp            1   19[BANK0 ] unsigned char 
  sign            1   12[BANK0 ] unsigned char 
 Return value:  Size  Location     Type
                  4    0[BANK0 ] unsigned char 
 Registers used:
		wreg, status,2, status,0, btemp+1
 Tracked objects:
		On entry : 
		On exit  : 
		Unchanged: 
 Data sizes:     COMMON   BANK0   BANK1   BANK3   BANK2
      Params:         0       8       0       0       0
      Locals:         0      13       0       0       0
      Temps:          5       0       0       0       0
      Totals:         5      21       0       0       0
Total ram usage:       26 bytes
 Hardware stack levels used:    1
 Hardware stack levels required when called:    1
 This function calls:
		Nothing
 This function is called by:
		_b2
		_b1
		_b0
 This function uses a non-reentrant model


 *************** function ___bmul *****************
 Defined at:
		line 4 in file "C:\Program Files (x86)\Microchip\xc8\v2.10\pic\sources\c90\common\Umul8.c"
 Parameters:    Size  Location     Type
  multiplier      1    wreg     unsigned char 
  multiplicand    1    3[COMMON] unsigned char 
 Auto vars:     Size  Location     Type
  multiplier      1    6[COMMON] unsigned char 
  product         1    5[COMMON] unsigned char 
 Return value:  Size  Location     Type
                  1    wreg      unsigned char 
 Registers used:
		wreg, status,2, status,0
 Tracked objects:
		On entry : 
		On exit  : 
		Unchanged: 
 Data sizes:     COMMON   BANK0   BANK1   BANK3   BANK2
      Params:         1       0       0       0       0
      Locals:         2       0       0       0       0
      Temps:          1       0       0       0       0
      Totals:         4       0       0       0       0
Total ram usage:        4 bytes
 Hardware stack levels used:    1
 Hardware stack levels required when called:    1
 This function calls:
		Nothing
 This function is called by:
		_b0
 This function uses a non-reentrant model


 *************** function ___awdiv *****************
 Defined at:
		line 5 in file "C:\Program Files (x86)\Microchip\xc8\v2.10\pic\sources\c90\common\awdiv.c"
 Parameters:    Size  Location     Type
  divisor         2    3[COMMON] int 
  dividend        2    5[COMMON] int 
 Auto vars:     Size  Location     Type
  quotient        2    2[BANK0 ] int 
  sign            1    1[BANK0 ] unsigned char 
  counter         1    0[BANK0 ] unsigned char 
 Return value:  Size  Location     Type
                  2    3[COMMON] int 
 Registers used:
		wreg, status,2, status,0
 Tracked objects:
		On entry : 
		On exit  : 
		Unchanged: 
 Data sizes:     COMMON   BANK0   BANK1   BANK3   BANK2
      Params:         4       0       0       0       0
      Locals:         0       4       0       0       0
      Temps:          1       0       0       0       0
      Totals:         5       4       0       0       0
Total ram usage:        9 bytes
 Hardware stack levels used:    1
 Hardware stack levels required when called:    1
 This function calls:
		Nothing
 This function is called by:
		_main
		_b1
		_b0
 This function uses a non-reentrant model


 *************** function ___flmul *****************
 Defined at:
		line 8 in file "C:\Program Files (x86)\Microchip\xc8\v2.10\pic\sources\c90\common\sprcmul.c"
 Parameters:    Size  Location     Type
  b               4   14[BANK0 ] int 
  a               4   18[BANK0 ] int 
 Auto vars:     Size  Location     Type
  prod            4   34[BANK0 ] struct .
  grs             4   28[BANK0 ] unsigned long 
  temp            2   38[BANK0 ] struct .
  bexp            1   33[BANK0 ] unsigned char 
  aexp            1   32[BANK0 ] unsigned char 
  sign            1   27[BANK0 ] unsigned char 
 Return value:  Size  Location     Type
                  4   14[BANK0 ] unsigned char 
 Registers used:
		wreg, status,2, status,0, btemp+1, pclath, cstack
 Tracked objects:
		On entry : 
		On exit  : 
		Unchanged: 
 Data sizes:     COMMON   BANK0   BANK1   BANK3   BANK2
      Params:         0       8       0       0       0
      Locals:         0      13       0       0       0
      Temps:          0       5       0       0       0
      Totals:         0      26       0       0       0
Total ram usage:       26 bytes
 Hardware stack levels used:    1
 Hardware stack levels required when called:    2
 This function calls:
		__Umul8_16
 This function is called by:
		_main
 This function uses a non-reentrant model


 *************** function __Umul8_16 *****************
 Defined at:
		line 4 in file "C:\Program Files (x86)\Microchip\xc8\v2.10\pic\sources\c90\common\Umul8_16.c"
 Parameters:    Size  Location     Type
  multiplier      1    wreg     unsigned char 
  multiplicand    1    3[COMMON] unsigned char 
 Auto vars:     Size  Location     Type
  multiplier      1    4[BANK0 ] unsigned char 
  word_mpld       2    2[BANK0 ] unsigned int 
  product         2    0[BANK0 ] unsigned int 
 Return value:  Size  Location     Type
                  2    3[COMMON] unsigned int 
 Registers used:
		wreg, status,2, status,0
 Tracked objects:
		On entry : 
		On exit  : 
		Unchanged: 
 Data sizes:     COMMON   BANK0   BANK1   BANK3   BANK2
      Params:         2       0       0       0       0
      Locals:         0       5       0       0       0
      Temps:          2       0       0       0       0
      Totals:         4       5       0       0       0
Total ram usage:        9 bytes
 Hardware stack levels used:    1
 Hardware stack levels required when called:    1
 This function calls:
		Nothing
 This function is called by:
		___flmul
 This function uses a non-reentrant model


 *************** function _Lcd_Write_String *****************
 Defined at:
		line 125 in file "LCD.c"
 Parameters:    Size  Location     Type
  a               2    6[COMMON] PTR unsigned char 
		 -> main@s1(5), STR_3(4), STR_2(4), STR_1(6), 
 Auto vars:     Size  Location     Type
  i               2    3[BANK0 ] int 
 Return value:  Size  Location     Type
                  1    wreg      void 
 Registers used:
		wreg, fsr0l, fsr0h, status,2, status,0, btemp+1, pclath, cstack
 Tracked objects:
		On entry : 
		On exit  : 
		Unchanged: 
 Data sizes:     COMMON   BANK0   BANK1   BANK3   BANK2
      Params:         2       0       0       0       0
      Locals:         0       2       0       0       0
      Temps:          0       3       0       0       0
      Totals:         2       5       0       0       0
Total ram usage:        7 bytes
 Hardware stack levels used:    1
 Hardware stack levels required when called:    3
 This function calls:
		_Lcd_Write_Char
 This function is called by:
		_main
 This function uses a non-reentrant model


 *************** function _Lcd_Write_Char *****************
 Defined at:
		line 115 in file "LCD.c"
 Parameters:    Size  Location     Type
  a               1    wreg     unsigned char 
 Auto vars:     Size  Location     Type
  a               1    5[COMMON] unsigned char 
 Return value:  Size  Location     Type
                  1    wreg      void 
 Registers used:
		wreg, status,2, status,0, pclath, cstack
 Tracked objects:
		On entry : 
		On exit  : 
		Unchanged: 
 Data sizes:     COMMON   BANK0   BANK1   BANK3   BANK2
      Params:         0       0       0       0       0
      Locals:         1       0       0       0       0
      Temps:          1       0       0       0       0
      Totals:         2       0       0       0       0
Total ram usage:        2 bytes
 Hardware stack levels used:    1
 Hardware stack levels required when called:    2
 This function calls:
		_Lcd_Port
 This function is called by:
		_Lcd_Write_String
 This function uses a non-reentrant model


 *************** function _Lcd_Set_Cursor *****************
 Defined at:
		line 85 in file "LCD.c"
 Parameters:    Size  Location     Type
  a               1    wreg     unsigned char 
  b               1    7[COMMON] unsigned char 
 Auto vars:     Size  Location     Type
  a               1    8[COMMON] unsigned char 
 Return value:  Size  Location     Type
                  1    wreg      void 
 Registers used:
		wreg, status,2, status,0, pclath, cstack
 Tracked objects:
		On entry : 
		On exit  : 
		Unchanged: 
 Data sizes:     COMMON   BANK0   BANK1   BANK3   BANK2
      Params:         1       0       0       0       0
      Locals:         1       0       0       0       0
      Temps:          0       0       0       0       0
      Totals:         2       0       0       0       0
Total ram usage:        2 bytes
 Hardware stack levels used:    1
 Hardware stack levels required when called:    3
 This function calls:
		_Lcd_Cmd
 This function is called by:
		_main
 This function uses a non-reentrant model


 *************** function _Lcd_Init *****************
 Defined at:
		line 97 in file "LCD.c"
 Parameters:    Size  Location     Type
		None
 Auto vars:     Size  Location     Type
		None
 Return value:  Size  Location     Type
                  1    wreg      void 
 Registers used:
		wreg, status,2, status,0, pclath, cstack
 Tracked objects:
		On entry : 
		On exit  : 
		Unchanged: 
 Data sizes:     COMMON   BANK0   BANK1   BANK3   BANK2
      Params:         0       0       0       0       0
      Locals:         0       0       0       0       0
      Temps:          2       0       0       0       0
      Totals:         2       0       0       0       0
Total ram usage:        2 bytes
 Hardware stack levels used:    1
 Hardware stack levels required when called:    3
 This function calls:
		_Lcd_Cmd
 This function is called by:
		_main
 This function uses a non-reentrant model


 *************** function _Lcd_Cmd *****************
 Defined at:
		line 70 in file "LCD.c"
 Parameters:    Size  Location     Type
  a               1    wreg     unsigned char 
 Auto vars:     Size  Location     Type
  a               1    6[COMMON] unsigned char 
 Return value:  Size  Location     Type
                  1    wreg      void 
 Registers used:
		wreg, status,2, status,0, pclath, cstack
 Tracked objects:
		On entry : 
		On exit  : 
		Unchanged: 
 Data sizes:     COMMON   BANK0   BANK1   BANK3   BANK2
      Params:         0       0       0       0       0
      Locals:         1       0       0       0       0
      Temps:          2       0       0       0       0
      Totals:         3       0       0       0       0
Total ram usage:        3 bytes
 Hardware stack levels used:    1
 Hardware stack levels required when called:    2
 This function calls:
		_Lcd_Port
 This function is called by:
		_Lcd_Set_Cursor
		_Lcd_Init
		_Lcd_Clear
		_Lcd_Shift_Right
		_Lcd_Shift_Left
 This function uses a non-reentrant model


 *************** function _Lcd_Port *****************
 Defined at:
		line 27 in file "LCD.c"
 Parameters:    Size  Location     Type
  a               1    wreg     unsigned char 
 Auto vars:     Size  Location     Type
  a               1    3[COMMON] unsigned char 
 Return value:  Size  Location     Type
                  1    wreg      void 
 Registers used:
		wreg
 Tracked objects:
		On entry : 
		On exit  : 
		Unchanged: 
 Data sizes:     COMMON   BANK0   BANK1   BANK3   BANK2
      Params:         0       0       0       0       0
      Locals:         1       0       0       0       0
      Temps:          0       0       0       0       0
      Totals:         1       0       0       0       0
Total ram usage:        1 bytes
 Hardware stack levels used:    1
 Hardware stack levels required when called:    1
 This function calls:
		Nothing
 This function is called by:
		_Lcd_Cmd
		_Lcd_Write_Char
 This function uses a non-reentrant model


 *************** function _ADC_INTERRUPT *****************
 Defined at:
		line 114 in file "ADC.c"
 Parameters:    Size  Location     Type
		None
 Auto vars:     Size  Location     Type
		None
 Return value:  Size  Location     Type
                  1    wreg      void 
 Registers used:
		None
 Tracked objects:
		On entry : 
		On exit  : 
		Unchanged: 
 Data sizes:     COMMON   BANK0   BANK1   BANK3   BANK2
      Params:         0       0       0       0       0
      Locals:         0       0       0       0       0
      Temps:          0       0       0       0       0
      Totals:         0       0       0       0       0
Total ram usage:        0 bytes
 Hardware stack levels used:    1
 Hardware stack levels required when called:    1
 This function calls:
		Nothing
 This function is called by:
		_main
 This function uses a non-reentrant model


 *************** function _ADC_CONFIG *****************
 Defined at:
		line 12 in file "ADC.c"
 Parameters:    Size  Location     Type
  canal           1    wreg     unsigned char 
  justif          1    3[COMMON] unsigned char 
 Auto vars:     Size  Location     Type
  canal           1    6[COMMON] unsigned char 
 Return value:  Size  Location     Type
                  1    wreg      void 
 Registers used:
		wreg, fsr0l, fsr0h, status,2, status,0
 Tracked objects:
		On entry : 
		On exit  : 
		Unchanged: 
 Data sizes:     COMMON   BANK0   BANK1   BANK3   BANK2
      Params:         1       0       0       0       0
      Locals:         1       0       0       0       0
      Temps:          2       0       0       0       0
      Totals:         4       0       0       0       0
Total ram usage:        4 bytes
 Hardware stack levels used:    1
 Hardware stack levels required when called:    1
 This function calls:
		Nothing
 This function is called by:
		_main
 This function uses a non-reentrant model


 *************** function _ISR *****************
 Defined at:
		line 54 in file "parteD.c"
 Parameters:    Size  Location     Type
		None
 Auto vars:     Size  Location     Type
		None
 Return value:  Size  Location     Type
                  1    wreg      void 
 Registers used:
		wreg
 Tracked objects:
		On entry : 
		On exit  : 
		Unchanged: 
 Data sizes:     COMMON   BANK0   BANK1   BANK3   BANK2
      Params:         0       0       0       0       0
      Locals:         0       0       0       0       0
      Temps:          3       0       0       0       0
      Totals:         3       0       0       0       0
Total ram usage:        3 bytes
 Hardware stack levels used:    1
 This function calls:
		Nothing
 This function is called by:
		Interrupt level 1
 This function uses a non-reentrant model



MODULE INFORMATION

Module		Function		Class		Link	Load	Size
C:\Program Files (x86)\Microchip\xc8\v2.10\pic\sources\c90\common\awdiv.c
		___awdiv       		CODE           	0979	0000	106

C:\Program Files (x86)\Microchip\xc8\v2.10\pic\sources\c90\common\awdiv.c estimated size: 106

C:\Program Files (x86)\Microchip\xc8\v2.10\pic\sources\c90\common\fltol.c
		___fltol       		CODE           	09E2	0000	125

C:\Program Files (x86)\Microchip\xc8\v2.10\pic\sources\c90\common\fltol.c estimated size: 125

C:\Program Files (x86)\Microchip\xc8\v2.10\pic\sources\c90\common\Umul16.c
		___wmul        		CODE           	17B2	0000	38

C:\Program Files (x86)\Microchip\xc8\v2.10\pic\sources\c90\common\Umul16.c estimated size: 38

C:\Program Files (x86)\Microchip\xc8\v2.10\pic\sources\c90\common\Umul8.c
		___bmul        		CODE           	1729	0000	22

C:\Program Files (x86)\Microchip\xc8\v2.10\pic\sources\c90\common\Umul8.c estimated size: 22

C:\Program Files (x86)\Microchip\xc8\v2.10\pic\sources\c90\common\sprcmul.c
		___flmul       		CODE           	001D	0000	866

C:\Program Files (x86)\Microchip\xc8\v2.10\pic\sources\c90\common\sprcmul.c estimated size: 866

C:\Program Files (x86)\Microchip\xc8\v2.10\pic\sources\c90\common\Umul8_16.c
		__Umul8_16     		CODE           	17D7	0000	42

C:\Program Files (x86)\Microchip\xc8\v2.10\pic\sources\c90\common\Umul8_16.c estimated size: 42

C:\Program Files (x86)\Microchip\xc8\v2.10\pic\sources\c90\common\sprcdiv.c
		___fldiv       		CODE           	0606	0000	478

C:\Program Files (x86)\Microchip\xc8\v2.10\pic\sources\c90\common\sprcdiv.c estimated size: 478

C:\Program Files (x86)\Microchip\xc8\v2.10\pic\sources\c90\common\xxtofl.c
		___xxtofl      		CODE           	0A5E	0000	189

C:\Program Files (x86)\Microchip\xc8\v2.10\pic\sources\c90\common\xxtofl.c estimated size: 189

shared
		__stringtab    		STRING         	1000	0000	17
		__initialization		CODE           	000F	0000	11

shared estimated size: 28

ADC.c
		_ADC_INTERRUPT 		CODE           	1720	0000	10
		_ADC_CONFIG    		CODE           	0CA6	0000	268

ADC.c estimated size: 278

parteD.c
		_num_case      		CODE           	091B	0000	95
		_b0            		CODE           	0BD8	0000	207
		_ISR           		CODE           	1754	0000	24
		_b1            		CODE           	0B1A	0000	191
		_b2            		CODE           	08D0	0000	76
		_main          		CODE           	0DB1	0000	592

parteD.c estimated size: 1185

C:\Program Files (x86)\Microchip\xc8\v2.10\pic\sources\c90\common\sprcadd.c
		___flsub       		CODE           	178E	0000	37
		___fladd       		CODE           	037E	0000	649

C:\Program Files (x86)\Microchip\xc8\v2.10\pic\sources\c90\common\sprcadd.c estimated size: 686

LCD.c
		_Lcd_Write_String		CODE           	0843	0000	71
		_Lcd_Init      		CODE           	0889	0000	72
		_Lcd_Write_Char		CODE           	173E	0000	23
		_Lcd_Cmd       		CODE           	176B	0000	36
		_Lcd_Set_Cursor		CODE           	07E3	0000	29
		_Lcd_Port      		CODE           	0805	0000	63

LCD.c estimated size: 294

