Microchip MPLAB XC8 Compiler V2.10 ()

Linker command line:

-W-3 --edf=C:\Program Files (x86)\Microchip\xc8\v2.10\pic\dat\en_msgs.txt \
  -cs -h+dist/default/production\Traductor.X.production.sym \
  --cmf=dist/default/production\Traductor.X.production.cmf -z -Q16F887 \
  -oC:\Users\DANIEL~1\AppData\Local\Temp\sb38.2 --defsym=__MPLAB_BUILD=1 \
  -Mdist/default/production/Traductor.X.production.map -E1 -ver=XC8 \
  --acfsm=1493 -ASTACK=0110h-016Fh -pstack=STACK -ACODE=00h-07FFhx4 \
  -ASTRCODE=00h-01FFFh -ASTRING=00h-0FFhx32 -ACONST=00h-0FFhx32 \
  -AENTRY=00h-0FFhx32 -ACOMMON=070h-07Fh -ABANK0=020h-06Fh \
  -ABANK1=0A0h-0EFh -ABANK2=0110h-016Fh -ABANK3=0190h-01EFh \
  -ARAM=020h-06Fh,0A0h-0EFh,0110h-016Fh,0190h-01EFh \
  -AABS1=020h-07Fh,0A0h-0EFh,0110h-016Fh,0190h-01EFh -ASFR0=00h-01Fh \
  -ASFR1=080h-09Fh -ASFR2=0100h-010Fh -ASFR3=0180h-018Fh \
  -preset_vec=00h,intentry=04h,init,end_init -ppowerup=CODE -pcinit=CODE \
  -pfunctab=ENTRY -ACONFIG=02007h-02008h -pconfig=CONFIG -DCONFIG=2 \
  -AIDLOC=02000h-02003h -pidloc=IDLOC -DIDLOC=2 -AEEDATA=00h-0FFh/02100h \
  -peeprom_data=EEDATA -DEEDATA=2 -DCODE=2 -DSTRCODE=2 -DSTRING=2 -DCONST=2 \
  -DENTRY=2 -k C:\Users\DANIEL~1\AppData\Local\Temp\sb38.o \
  dist/default/production\Traductor.X.production.o 

Object code version is 3.11

Machine type is 16F887



                Name                               Link     Load   Length Selector   Space Scale
C:\Users\DANIEL~1\AppData\Local\Temp\sb38.o
                end_init                              C        C        3        8       0
                reset_vec                             0        0        3        0       0
                config                             2007     2007        2     400E       0
dist/default/production\Traductor.X.production.o
                cinit                                 F        F       16        8       0
                intentry                              4        4        8        8       0
                text8                               235      235        7        8       0
                text7                               224      224        9        8       0
                text6                               23C      23C        6        8       0
                text5                               12B      12B       A3        8       0
                text4                               20D      20D       17        8       0
                text3                               1CE      1CE       21        8       0
                text2                               22D      22D        8        8       0
                text1                               1EF      1EF       1E        8       0
                maintext                             25       25      106        8       0
                cstackBANK0                          2C       2C        5       20       1
                cstackCOMMON                         70       70        6       70       1
                bssBANK0                             20       20        C       20       1
                bssCOMMON                            76       76        4       70       1

TOTAL           Name                               Link     Load   Length     Space
        CLASS   STACK          

        CLASS   CODE           
                end_init                              C        C        3         0
                cinit                                 F        F       16         0
                intentry                              4        4        8         0
                reset_vec                             0        0        3         0
                text8                               235      235        7         0
                text7                               224      224        9         0
                text6                               23C      23C        6         0
                text5                               12B      12B       A3         0
                text4                               20D      20D       17         0
                text3                               1CE      1CE       21         0
                text2                               22D      22D        8         0
                text1                               1EF      1EF       1E         0
                maintext                             25       25      106         0

        CLASS   STRCODE        

        CLASS   STRING         

        CLASS   CONST          

        CLASS   ENTRY          

        CLASS   COMMON         
                cstackCOMMON                         70       70        6         1
                bssCOMMON                            76       76        4         1

        CLASS   BANK0          
                cstackBANK0                          2C       2C        5         1
                bssBANK0                             20       20        C         1

        CLASS   BANK1          

        CLASS   BANK2          

        CLASS   BANK3          

        CLASS   RAM            

        CLASS   ABS1           
                abs_s1                               7E       7E        2         1

        CLASS   SFR0           

        CLASS   SFR1           

        CLASS   SFR2           

        CLASS   SFR3           

        CLASS   CONFIG         
                config                             2007     2007        2         0

        CLASS   IDLOC          

        CLASS   EEDATA         



SEGMENTS        Name                           Load    Length   Top    Selector   Space  Class     Delta

                reset_vec                      000000  000003  000003         0       0  CODE        2
                intentry                       000004  00023E  000242         8       0  CODE        2
                bssBANK0                       000020  000011  000031        20       1  BANK0       1
                cstackCOMMON                   000070  00000A  00007A        70       1  COMMON      1
                config                         002007  000002  002009      400E       0  CONFIG      2


UNUSED ADDRESS RANGES

        Name                Unused          Largest block    Delta
        BANK0            0031-006F             3F           1
        BANK1            00A0-00EF             50           1
        BANK2            0110-016F             60           1
        BANK3            0190-01EF             60           1
        CODE             0003-0003              1           2
                         0242-1FFF            800
        COMMON           007A-007D              4           1
        CONST            0003-0003              1           2
                         0242-1FFF            100
        EEDATA           2100-21FF            100           2
        ENTRY            0003-0003              1           2
                         0242-1FFF            100
        IDLOC            2000-2003              4           2
        RAM              0031-006F             3F           1
                         00A0-00EF             50
                         0110-016F             60
                         0190-01EF             60
        SFR0             0000-001F             20           1
        SFR1             0080-009F             20           1
        SFR2             0100-010F             10           1
        SFR3             0180-018F             10           1
        STACK            0110-016F             60           1
        STRCODE          0003-0003              1           2
                         0242-1FFF           1DBE
        STRING           0003-0003              1           2
                         0242-1FFF            100

                                  Symbol Table

_ANSEL                          (abs)        0188
_ANSELH                         (abs)        0189
_BAUDCTLbits                    (abs)        0187
_BRGH                           (abs)        04C2
_CREN                           (abs)        00C4
_C_UART                         bssCOMMON    0079
_ENVIO                          bssCOMMON    0078
_INTCONbits                     (abs)        000B
_PIE1bits                       (abs)        008C
_PIR1bits                       (abs)        000C
_PORTA                          (abs)        0005
_PORTB                          (abs)        0006
_RCIF                           (abs)        0065
_RCREG                          (abs)        001A
_RCSTAbits                      (abs)        0018
_SPBRG                          (abs)        0099
_SPEN                           (abs)        00C7
_SSPBUF                         (abs)        0013
_SSPCON                         (abs)        0014
_SSPIF                          (abs)        0063
_SSPSTAT                        (abs)        0094
_SSPSTATbits                    (abs)        0094
_SYNC                           (abs)        04C4
_TRISA                          (abs)        0085
_TRISB                          (abs)        0086
_TRISC3                         (abs)        043B
_TRISC5                         (abs)        043D
_TRISC6                         (abs)        043E
_TRISC7                         (abs)        043F
_TRISCbits                      (abs)        0087
_TRMT                           (abs)        04C1
_TXEN                           (abs)        04C5
_TXREG                          (abs)        0019
_TXSTAbits                      (abs)        0098
__CFG_BOR4V$BOR40V              (abs)        0000
__CFG_BOREN$OFF                 (abs)        0000
__CFG_CP$OFF                    (abs)        0000
__CFG_CPD$OFF                   (abs)        0000
__CFG_FCMEN$OFF                 (abs)        0000
__CFG_FOSC$INTRC_NOCLKOUT       (abs)        0000
__CFG_IESO$OFF                  (abs)        0000
__CFG_LVP$OFF                   (abs)        0000
__CFG_MCLRE$OFF                 (abs)        0000
__CFG_PWRTE$OFF                 (abs)        0000
__CFG_WDTE$OFF                  (abs)        0000
__CFG_WRT$OFF                   (abs)        0000
__Habs1                         abs1         0000
__Hbank0                        bank0        0000
__Hbank1                        bank1        0000
__Hbank2                        bank2        0000
__Hbank3                        bank3        0000
__HbssBANK0                     bssBANK0     0000
__HbssCOMMON                    bssCOMMON    0000
__Hcinit                        cinit        0025
__Hclrtext                      clrtext      0000
__Hcode                         code         0000
__Hcommon                       common       0000
__Hconfig                       config       2009
__HcstackBANK0                  cstackBANK0  0000
__HcstackCOMMON                 cstackCOMMON 0000
__Heeprom_data                  eeprom_data  0000
__Hend_init                     end_init     000F
__Hfunctab                      functab      0000
__Hidloc                        idloc        0000
__Hinit                         init         000C
__Hintentry                     intentry     000C
__Hmaintext                     maintext     0000
__Hpowerup                      powerup      0000
__Hram                          ram          0000
__Hreset_vec                    reset_vec    0003
__Hsfr0                         sfr0         0000
__Hsfr1                         sfr1         0000
__Hsfr2                         sfr2         0000
__Hsfr3                         sfr3         0000
__Hspace_0                      (abs)        2009
__Hspace_1                      (abs)        007A
__Hspace_2                      (abs)        0000
__Hspace_3                      (abs)        0000
__Hstack                        stack        0000
__Hstrings                      strings      0000
__Htext                         text         0000
__Labs1                         abs1         0000
__Lbank0                        bank0        0000
__Lbank1                        bank1        0000
__Lbank2                        bank2        0000
__Lbank3                        bank3        0000
__LbssBANK0                     bssBANK0     0000
__LbssCOMMON                    bssCOMMON    0000
__Lcinit                        cinit        000F
__Lclrtext                      clrtext      0000
__Lcode                         code         0000
__Lcommon                       common       0000
__Lconfig                       config       2007
__LcstackBANK0                  cstackBANK0  0000
__LcstackCOMMON                 cstackCOMMON 0000
__Leeprom_data                  eeprom_data  0000
__Lend_init                     end_init     000C
__Lfunctab                      functab      0000
__Lidloc                        idloc        0000
__Linit                         init         000C
__Lintentry                     intentry     0004
__Lmaintext                     maintext     0000
__Lpowerup                      powerup      0000
__Lram                          ram          0000
__Lreset_vec                    reset_vec    0000
__Lsfr0                         sfr0         0000
__Lsfr1                         sfr1         0000
__Lsfr2                         sfr2         0000
__Lsfr3                         sfr3         0000
__Lspace_0                      (abs)        0000
__Lspace_1                      (abs)        0000
__Lspace_2                      (abs)        0000
__Lspace_3                      (abs)        0000
__Lstack                        stack        0000
__Lstrings                      strings      0000
__Ltext                         text         0000
__S0                            (abs)        2009
__S1                            (abs)        007A
__S2                            (abs)        0000
__S3                            (abs)        0000
___bmul                         text4        020D
___bmul@multiplicand            cstackCOMMON 0074
___bmul@multiplier              cstackBANK0  002D
___bmul@product                 cstackBANK0  002C
___int_sp                       stack        0000
___latbits                      (abs)        0002
___sp                           stack        0000
___stackhi                      (abs)        0000
___stacklo                      (abs)        0000
__end_of___bmul                 text4        0224
__end_of__initialization        cinit        0021
__end_of_init_usart             text3        01EF
__end_of_isr                    text5        01CE
__end_of_main                   maintext     012B
__end_of_recibe_caracter_usart  text2        0235
__end_of_spiInit                text1        020D
__end_of_spiRead                text7        022D
__end_of_spiReceiveWait         text8        023C
__end_of_spiWrite               text6        0242
__initialization                cinit        000F
__pbssBANK0                     bssBANK0     0020
__pbssCOMMON                    bssCOMMON    0076
__pcstackBANK0                  cstackBANK0  002C
__pcstackCOMMON                 cstackCOMMON 0070
__pintentry                     intentry     0004
__pmaintext                     maintext     0025
__ptext1                        text1        01EF
__ptext2                        text2        022D
__ptext3                        text3        01CE
__ptext4                        text4        020D
__ptext5                        text5        012B
__ptext6                        text6        023C
__ptext7                        text7        0224
__ptext8                        text8        0235
__size_of___bmul                (abs)        0000
__size_of_init_usart            (abs)        0000
__size_of_isr                   (abs)        0000
__size_of_main                  (abs)        0000
__size_of_recibe_caracter_usart (abs)        0000
__size_of_spiInit               (abs)        0000
__size_of_spiRead               (abs)        0000
__size_of_spiReceiveWait        (abs)        0000
__size_of_spiWrite              (abs)        0000
_cambio                         bssBANK0     0022
_contador                       bssBANK0     0023
_ctrl                           bssBANK0     0020
_date                           bssBANK0     0029
_hour                           bssBANK0     002B
_humo                           bssBANK0     0025
_init_usart                     text3        01CE
_isr                            text5        012B
_main                           maintext     0025
_min                            bssBANK0     002A
_month                          bssBANK0     0028
_recibe_caracter_usart          text2        022D
_resta                          bssBANK0     0021
_sec                            bssCOMMON    0077
_sismo                          bssBANK0     0024
_spiInit                        text1        01EF
_spiRead                        text7        0224
_spiReceiveWait                 text8        0235
_spiWrite                       text6        023C
_temperatura                    bssBANK0     0026
_unidades                       bssCOMMON    0076
_year                           bssBANK0     0027
btemp                           (abs)        007E
end_of_initialization           cinit        0021
interrupt_function              intentry     0004
intlevel0                       functab      0000
intlevel1                       functab      0000
intlevel2                       functab      0000
intlevel3                       functab      0000
intlevel4                       functab      0000
intlevel5                       functab      0000
reset_vec                       reset_vec    0000
saved_w                         (abs)        007E
spiInit@sClockIdle              cstackBANK0  002D
spiInit@sDataSample             cstackBANK0  002C
spiInit@sTransmitEdge           cstackBANK0  002E
spiInit@sType                   cstackCOMMON 0074
spiWrite@dat                    cstackCOMMON 0070
start                           init         000C
start_initialization            cinit        000F
wtemp0                          (abs)        007E


FUNCTION INFORMATION:

 *************** function _main *****************
 Defined at:
		line 88 in file "Traductor.c"
 Parameters:    Size  Location     Type
		None
 Auto vars:     Size  Location     Type
		None
 Return value:  Size  Location     Type
                  1    wreg      void 
 Registers used:
		wreg, status,2, status,0, pclath, cstack
 Tracked objects:
		On entry : 
		On exit  : 
		Unchanged: 
 Data sizes:     COMMON   BANK0   BANK1   BANK3   BANK2
      Params:         0       0       0       0       0
      Locals:         0       0       0       0       0
      Temps:          0       2       0       0       0
      Totals:         0       2       0       0       0
Total ram usage:        2 bytes
 Hardware stack levels required when called:    4
 This function calls:
		___bmul
		_init_usart
		_recibe_caracter_usart
		_spiInit
 This function is called by:
		Startup code after reset
 This function uses a non-reentrant model


 *************** function _spiInit *****************
 Defined at:
		line 12 in file "SPI.c"
 Parameters:    Size  Location     Type
  sType           1    wreg     enum E1264
  sDataSample     1    0[BANK0 ] enum E1272
  sClockIdle      1    1[BANK0 ] enum E1276
  sTransmitEdg    1    2[BANK0 ] enum E1280
 Auto vars:     Size  Location     Type
  sType           1    4[COMMON] enum E1264
 Return value:  Size  Location     Type
                  1    wreg      void 
 Registers used:
		wreg, status,2, status,0
 Tracked objects:
		On entry : 
		On exit  : 
		Unchanged: 
 Data sizes:     COMMON   BANK0   BANK1   BANK3   BANK2
      Params:         0       3       0       0       0
      Locals:         1       0       0       0       0
      Temps:          0       0       0       0       0
      Totals:         1       3       0       0       0
Total ram usage:        4 bytes
 Hardware stack levels used:    1
 Hardware stack levels required when called:    3
 This function calls:
		Nothing
 This function is called by:
		_main
 This function uses a non-reentrant model


 *************** function _recibe_caracter_usart *****************
 Defined at:
		line 46 in file "USART.c"
 Parameters:    Size  Location     Type
		None
 Auto vars:     Size  Location     Type
		None
 Return value:  Size  Location     Type
                  1    wreg      unsigned char 
 Registers used:
		wreg
 Tracked objects:
		On entry : 
		On exit  : 
		Unchanged: 
 Data sizes:     COMMON   BANK0   BANK1   BANK3   BANK2
      Params:         0       0       0       0       0
      Locals:         0       0       0       0       0
      Temps:          0       0       0       0       0
      Totals:         0       0       0       0       0
Total ram usage:        0 bytes
 Hardware stack levels used:    1
 Hardware stack levels required when called:    3
 This function calls:
		Nothing
 This function is called by:
		_main
 This function uses a non-reentrant model


 *************** function _init_usart *****************
 Defined at:
		line 16 in file "USART.c"
 Parameters:    Size  Location     Type
		None
 Auto vars:     Size  Location     Type
		None
 Return value:  Size  Location     Type
                  1    wreg      void 
 Registers used:
		wreg
 Tracked objects:
		On entry : 
		On exit  : 
		Unchanged: 
 Data sizes:     COMMON   BANK0   BANK1   BANK3   BANK2
      Params:         0       0       0       0       0
      Locals:         0       0       0       0       0
      Temps:          0       0       0       0       0
      Totals:         0       0       0       0       0
Total ram usage:        0 bytes
 Hardware stack levels used:    1
 Hardware stack levels required when called:    3
 This function calls:
		Nothing
 This function is called by:
		_main
 This function uses a non-reentrant model


 *************** function ___bmul *****************
 Defined at:
		line 4 in file "C:\Program Files (x86)\Microchip\xc8\v2.10\pic\sources\c90\common\Umul8.c"
 Parameters:    Size  Location     Type
  multiplier      1    wreg     unsigned char 
  multiplicand    1    4[COMMON] unsigned char 
 Auto vars:     Size  Location     Type
  multiplier      1    1[BANK0 ] unsigned char 
  product         1    0[BANK0 ] unsigned char 
 Return value:  Size  Location     Type
                  1    wreg      unsigned char 
 Registers used:
		wreg, status,2, status,0
 Tracked objects:
		On entry : 
		On exit  : 
		Unchanged: 
 Data sizes:     COMMON   BANK0   BANK1   BANK3   BANK2
      Params:         1       0       0       0       0
      Locals:         0       2       0       0       0
      Temps:          1       0       0       0       0
      Totals:         2       2       0       0       0
Total ram usage:        4 bytes
 Hardware stack levels used:    1
 Hardware stack levels required when called:    3
 This function calls:
		Nothing
 This function is called by:
		_main
 This function uses a non-reentrant model


 *************** function _isr *****************
 Defined at:
		line 51 in file "Traductor.c"
 Parameters:    Size  Location     Type
		None
 Auto vars:     Size  Location     Type
		None
 Return value:  Size  Location     Type
                  1    wreg      void 
 Registers used:
		wreg, status,2, status,0, pclath, cstack
 Tracked objects:
		On entry : 
		On exit  : 
		Unchanged: 
 Data sizes:     COMMON   BANK0   BANK1   BANK3   BANK2
      Params:         0       0       0       0       0
      Locals:         0       0       0       0       0
      Temps:          3       0       0       0       0
      Totals:         3       0       0       0       0
Total ram usage:        3 bytes
 Hardware stack levels used:    1
 Hardware stack levels required when called:    2
 This function calls:
		_spiRead
		_spiWrite
 This function is called by:
		Interrupt level 1
 This function uses a non-reentrant model


 *************** function _spiWrite *****************
 Defined at:
		line 34 in file "SPI.c"
 Parameters:    Size  Location     Type
  dat             1    wreg     unsigned char 
 Auto vars:     Size  Location     Type
  dat             1    0[COMMON] unsigned char 
 Return value:  Size  Location     Type
                  1    wreg      void 
 Registers used:
		wreg
 Tracked objects:
		On entry : 
		On exit  : 
		Unchanged: 
 Data sizes:     COMMON   BANK0   BANK1   BANK3   BANK2
      Params:         0       0       0       0       0
      Locals:         1       0       0       0       0
      Temps:          0       0       0       0       0
      Totals:         1       0       0       0       0
Total ram usage:        1 bytes
 Hardware stack levels used:    1
 This function calls:
		Nothing
 This function is called by:
		_isr
 This function uses a non-reentrant model


 *************** function _spiRead *****************
 Defined at:
		line 47 in file "SPI.c"
 Parameters:    Size  Location     Type
		None
 Auto vars:     Size  Location     Type
		None
 Return value:  Size  Location     Type
                  1    wreg      unsigned char 
 Registers used:
		wreg, status,2, status,0, pclath, cstack
 Tracked objects:
		On entry : 
		On exit  : 
		Unchanged: 
 Data sizes:     COMMON   BANK0   BANK1   BANK3   BANK2
      Params:         0       0       0       0       0
      Locals:         0       0       0       0       0
      Temps:          0       0       0       0       0
      Totals:         0       0       0       0       0
Total ram usage:        0 bytes
 Hardware stack levels used:    1
 Hardware stack levels required when called:    1
 This function calls:
		_spiReceiveWait
 This function is called by:
		_isr
 This function uses a non-reentrant model


 *************** function _spiReceiveWait *****************
 Defined at:
		line 29 in file "SPI.c"
 Parameters:    Size  Location     Type
		None
 Auto vars:     Size  Location     Type
		None
 Return value:  Size  Location     Type
                  1    wreg      void 
 Registers used:
		None
 Tracked objects:
		On entry : 
		On exit  : 
		Unchanged: 
 Data sizes:     COMMON   BANK0   BANK1   BANK3   BANK2
      Params:         0       0       0       0       0
      Locals:         0       0       0       0       0
      Temps:          0       0       0       0       0
      Totals:         0       0       0       0       0
Total ram usage:        0 bytes
 Hardware stack levels used:    1
 This function calls:
		Nothing
 This function is called by:
		_spiRead
 This function uses a non-reentrant model



MODULE INFORMATION

Module		Function		Class		Link	Load	Size
USART.c
		_recibe_caracter_usart		CODE           	022D	0000	9
		_init_usart    		CODE           	01CE	0000	34

USART.c estimated size: 43

C:\Program Files (x86)\Microchip\xc8\v2.10\pic\sources\c90\common\Umul8.c
		___bmul        		CODE           	020D	0000	24

C:\Program Files (x86)\Microchip\xc8\v2.10\pic\sources\c90\common\Umul8.c estimated size: 24

Traductor.c
		_main          		CODE           	0025	0000	263
		_isr           		CODE           	012B	0000	164

Traductor.c estimated size: 427

shared
		__initialization		CODE           	000F	0000	19

shared estimated size: 19

SPI.c
		_spiWrite      		CODE           	023C	0000	7
		_spiInit       		CODE           	01EF	0000	31
		_spiReceiveWait		CODE           	0235	0000	8
		_spiRead       		CODE           	0224	0000	10

SPI.c estimated size: 56

